Component: ARM Compiler 5.06 update 7 (build 960) Tool: armlink [4d3601]

==============================================================================

Section Cross References

    main.o(i.main) refers to clock.o(i.clock_setup) for clock_setup
    main.o(i.main) refers to sys_tick.o(i.sys_tick_setup) for sys_tick_setup
    main.o(i.main) refers to gpio.o(i.gpio_setup) for gpio_setup
    main.o(i.main) refers to pwm.o(i.pwm_setup) for pwm_setup
    main.o(i.main) refers to uart_.o(i.uart_setup) for uart_setup
    main.o(i.main) refers to i2c_.o(i.i2c_setup) for i2c_setup
    main.o(i.main) refers to ssd1306.o(i.OLED0_Init) for OLED0_Init
    main.o(i.main) refers to ssd1306.o(i.SSD1306_I2C0_cls) for SSD1306_I2C0_cls
    main.o(i.main) refers to ssd1306.o(i.SSD1306_I2C0_UpdateScreen) for SSD1306_I2C0_UpdateScreen
    main.o(i.main) refers to ssd1306.o(i.OLED7_Init) for OLED7_Init
    main.o(i.main) refers to ssd1306.o(i.OLED7_clearDisplay) for OLED7_clearDisplay
    main.o(i.main) refers to keyboard.o(i.keyboard_scan) for keyboard_scan
    main.o(i.main) refers to sys_tick.o(i.delay_ms) for delay_ms
    main.o(i.main) refers to keyboard.o(i.update_keyboard_buffer) for update_keyboard_buffer
    main.o(i.main) refers to led.o(i.set_led_duty_cycle) for set_led_duty_cycle
    main.o(i.main) refers to decoder.o(i.decoder) for decoder
    main.o(i.main) refers to led.o(i.get_led0_status) for get_led0_status
    main.o(i.main) refers to led.o(i.get_led1_status) for get_led1_status
    main.o(i.main) refers to led.o(i.get_led2_status) for get_led2_status
    main.o(i.main) refers to ssd1306.o(i.OLED0_sendStrXY) for OLED0_sendStrXY
    main.o(i.main) refers to ssd1306.o(i.OLED0_sendCharXY) for OLED0_sendCharXY
    main.o(i.main) refers to ssd1306.o(i.OLED7_sendStrXYI) for OLED7_sendStrXYI
    main.o(i.main) refers to ssd1306.o(i.OLED7_send8BitNumber) for OLED7_send8BitNumber
    main.o(i.main) refers to ssd1306.o(i.OLED7_sendCharXYI) for OLED7_sendCharXYI
    main.o(i.main) refers to main.o(.data) for keyboard_buffer
    clock.o(i.clock_setup) refers to sysctl.o(i.SysCtlClockFreqSet) for SysCtlClockFreqSet
    clock.o(i.clock_setup) refers to main.o(.data) for sys_clock
    gpio.o(i.gpio_setup) refers to sysctl.o(i.SysCtlPeripheralEnable) for SysCtlPeripheralEnable
    gpio.o(i.gpio_setup) refers to sysctl.o(i.SysCtlPeripheralReady) for SysCtlPeripheralReady
    gpio.o(i.gpio_setup) refers to gpio.o(i.GPIOPinConfigure) for GPIOPinConfigure
    gpio.o(i.gpio_setup) refers to gpio.o(i.GPIOPinTypeI2CSCL) for GPIOPinTypeI2CSCL
    gpio.o(i.gpio_setup) refers to gpio.o(i.GPIOPinTypeI2C) for GPIOPinTypeI2C
    gpio.o(i.gpio_setup) refers to gpio.o(i.GPIOPinTypeGPIOOutput) for GPIOPinTypeGPIOOutput
    gpio.o(i.gpio_setup) refers to gpio.o(i.GPIOPinTypePWM) for GPIOPinTypePWM
    gpio.o(i.gpio_setup) refers to gpio.o(i.GPIOPinTypeGPIOInput) for GPIOPinTypeGPIOInput
    gpio.o(i.gpio_setup) refers to gpio.o(i.GPIOPadConfigSet) for GPIOPadConfigSet
    led.o(i.get_led0_status) refers to gpio.o(i.GPIOPinRead) for GPIOPinRead
    led.o(i.get_led1_status) refers to gpio.o(i.GPIOPinRead) for GPIOPinRead
    led.o(i.get_led2_status) refers to gpio.o(i.GPIOPinRead) for GPIOPinRead
    led.o(i.get_leds_status) refers to gpio.o(i.GPIOPinRead) for GPIOPinRead
    led.o(i.set_led_duty_cycle) refers to pwm.o(i.set_duty_cicle) for set_duty_cicle
    led.o(i.set_led_duty_cycle) refers to main.o(.data) for keyboard_buffer
    led.o(i.turn_off_led) refers to gpio.o(i.GPIOPinWrite) for GPIOPinWrite
    led.o(i.turn_off_leds) refers to led.o(i.turn_off_led) for turn_off_led
    led.o(i.turn_on_led) refers to gpio.o(i.GPIOPinWrite) for GPIOPinWrite
    led.o(i.turn_on_leds) refers to led.o(i.turn_on_led) for turn_on_led
    startup_rvmdk.o(STACK) refers (Special) to heapauxi.o(.text) for __use_two_region_memory
    startup_rvmdk.o(HEAP) refers (Special) to heapauxi.o(.text) for __use_two_region_memory
    startup_rvmdk.o(RESET) refers (Special) to heapauxi.o(.text) for __use_two_region_memory
    startup_rvmdk.o(RESET) refers to startup_rvmdk.o(STACK) for StackMem
    startup_rvmdk.o(RESET) refers to __main.o(!!!main) for __main
    startup_rvmdk.o(.text) refers (Special) to heapauxi.o(.text) for __use_two_region_memory
    startup_rvmdk.o(.text) refers to startup_rvmdk.o(HEAP) for HeapMem
    startup_rvmdk.o(.text) refers to startup_rvmdk.o(STACK) for StackMem
    sys_tick.o(i.delay_ms) refers to sys_tick.o(i.delay_us) for delay_us
    sys_tick.o(i.delay_us) refers to main.o(.data) for sys_tick
    sys_tick.o(i.sys_tick_interrupt_handler) refers to main.o(.data) for sys_tick
    sys_tick.o(i.sys_tick_setup) refers to systick.o(i.SysTickDisable) for SysTickDisable
    sys_tick.o(i.sys_tick_setup) refers to systick.o(i.SysTickPeriodSet) for SysTickPeriodSet
    sys_tick.o(i.sys_tick_setup) refers to systick.o(i.SysTickIntRegister) for SysTickIntRegister
[...]
    __rtentry.o(.ARM.Collect$$rtentry$$00000000) refers (Special) to __rtentry2.o(.ARM.Collect$$rtentry$$0000000D) for __rt_entry_main
    __rtentry.o(.ARM.Collect$$rtentry$$00000000) refers (Special) to __rtentry2.o(.ARM.Collect$$rtentry$$0000000C) for __rt_entry_postli_1
    __rtentry.o(.ARM.Collect$$rtentry$$00000000) refers (Special) to __rtentry2.o(.ARM.Collect$$rtentry$$00000009) for __rt_entry_postsh_1
    __rtentry.o(.ARM.Collect$$rtentry$$00000000) refers (Special) to __rtentry2.o(.ARM.Collect$$rtentry$$00000002) for __rt_entry_presh_1
    __rtentry.o(.ARM.Collect$$rtentry$$00000000) refers (Special) to __rtentry4.o(.ARM.Collect$$rtentry$$00000004) for __rt_entry_sh
    __rtentry2.o(.ARM.Collect$$rtentry$$00000008) refers to boardinit2.o(.text) for _platform_post_stackheap_init
    __rtentry2.o(.ARM.Collect$$rtentry$$0000000A) refers to libinit.o(.ARM.Collect$$libinit$$00000000) for __rt_lib_init
    __rtentry2.o(.ARM.Collect$$rtentry$$0000000B) refers to boardinit3.o(.text) for _platform_post_lib_init
    __rtentry2.o(.ARM.Collect$$rtentry$$0000000D) refers to main.o(i.main) for main
    __rtentry2.o(.ARM.Collect$$rtentry$$0000000D) refers to exit.o(.text) for exit
    __rtentry2.o(.ARM.exidx) refers to __rtentry2.o(.ARM.Collect$$rtentry$$00000001) for .ARM.Collect$$rtentry$$00000001
    __rtentry2.o(.ARM.exidx) refers to __rtentry2.o(.ARM.Collect$$rtentry$$00000008) for .ARM.Collect$$rtentry$$00000008
    __rtentry2.o(.ARM.exidx) refers to __rtentry2.o(.ARM.Collect$$rtentry$$0000000A) for .ARM.Collect$$rtentry$$0000000A
    __rtentry2.o(.ARM.exidx) refers to __rtentry2.o(.ARM.Collect$$rtentry$$0000000B) for .ARM.Collect$$rtentry$$0000000B
    __rtentry2.o(.ARM.exidx) refers to __rtentry2.o(.ARM.Collect$$rtentry$$0000000D) for .ARM.Collect$$rtentry$$0000000D
    __rtentry4.o(.ARM.Collect$$rtentry$$00000004) refers to sys_stackheap_outer.o(.text) for __user_setup_stackheap
    __rtentry4.o(.ARM.exidx) refers to __rtentry4.o(.ARM.Collect$$rtentry$$00000004) for .ARM.Collect$$rtentry$$00000004
    sys_stackheap_outer.o(.text) refers to libspace.o(.text) for __user_perproc_libspace
    sys_stackheap_outer.o(.text) refers to startup_rvmdk.o(.text) for __user_initial_stackheap
    exit.o(.text) refers to rtexit.o(.ARM.Collect$$rtexit$$00000000) for __rt_exit
    libinit.o(.ARM.Collect$$libinit$$00000000) refers (Special) to libinit2.o(.ARM.Collect$$libinit$$0000002E) for __rt_lib_init_alloca_1
    libinit.o(.ARM.Collect$$libinit$$00000000) refers (Special) to libinit2.o(.ARM.Collect$$libinit$$0000002C) for __rt_lib_init_argv_1
    libinit.o(.ARM.Collect$$libinit$$00000000) refers (Special) to libinit2.o(.ARM.Collect$$libinit$$0000001B) for __rt_lib_init_atexit_1
    libinit.o(.ARM.Collect$$libinit$$00000000) refers (Special) to libinit2.o(.ARM.Collect$$libinit$$00000021) for __rt_lib_init_clock_1
    libinit.o(.ARM.Collect$$libinit$$00000000) refers (Special) to libinit2.o(.ARM.Collect$$libinit$$00000032) for __rt_lib_init_cpp_1
    libinit.o(.ARM.Collect$$libinit$$00000000) refers (Special) to libinit2.o(.ARM.Collect$$libinit$$00000030) for __rt_lib_init_exceptions_1
    libinit.o(.ARM.Collect$$libinit$$00000000) refers (Special) to libinit2.o(.ARM.Collect$$libinit$$00000001) for __rt_lib_init_fp_1
    libinit.o(.ARM.Collect$$libinit$$00000000) refers (Special) to libinit2.o(.ARM.Collect$$libinit$$0000001F) for __rt_lib_init_fp_trap_1
    libinit.o(.ARM.Collect$$libinit$$00000000) refers (Special) to libinit2.o(.ARM.Collect$$libinit$$00000023) for __rt_lib_init_getenv_1
    libinit.o(.ARM.Collect$$libinit$$00000000) refers (Special) to libinit2.o(.ARM.Collect$$libinit$$0000000A) for __rt_lib_init_heap_1
    libinit.o(.ARM.Collect$$libinit$$00000000) refers (Special) to libinit2.o(.ARM.Collect$$libinit$$00000011) for __rt_lib_init_lc_collate_1
    libinit.o(.ARM.Collect$$libinit$$00000000) refers (Special) to libinit2.o(.ARM.Collect$$libinit$$00000013) for __rt_lib_init_lc_ctype_1
    libinit.o(.ARM.Collect$$libinit$$00000000) refers (Special) to libinit2.o(.ARM.Collect$$libinit$$00000015) for __rt_lib_init_lc_monetary_1
    libinit.o(.ARM.Collect$$libinit$$00000000) refers (Special) to libinit2.o(.ARM.Collect$$libinit$$00000017) for __rt_lib_init_lc_numeric_1
    libinit.o(.ARM.Collect$$libinit$$00000000) refers (Special) to libinit2.o(.ARM.Collect$$libinit$$00000019) for __rt_lib_init_lc_time_1
    libinit.o(.ARM.Collect$$libinit$$00000000) refers (Special) to libinit2.o(.ARM.Collect$$libinit$$00000004) for __rt_lib_init_preinit_1
    libinit.o(.ARM.Collect$$libinit$$00000000) refers (Special) to libinit2.o(.ARM.Collect$$libinit$$0000000E) for __rt_lib_init_rand_1
    libinit.o(.ARM.Collect$$libinit$$00000000) refers (Special) to libinit2.o(.ARM.Collect$$libinit$$00000033) for __rt_lib_init_return
    libinit.o(.ARM.Collect$$libinit$$00000000) refers (Special) to libinit2.o(.ARM.Collect$$libinit$$0000001D) for __rt_lib_init_signal_1
    libinit.o(.ARM.Collect$$libinit$$00000000) refers (Special) to libinit2.o(.ARM.Collect$$libinit$$00000025) for __rt_lib_init_stdio_1
    libinit.o(.ARM.Collect$$libinit$$00000000) refers (Special) to libinit2.o(.ARM.Collect$$libinit$$0000000C) for __rt_lib_init_user_alloc_1
    libspace.o(.text) refers to libspace.o(.bss) for __libspace_start
    rtexit.o(.ARM.Collect$$rtexit$$00000000) refers (Special) to rtexit2.o(.ARM.Collect$$rtexit$$00000004) for __rt_exit_exit
    rtexit.o(.ARM.Collect$$rtexit$$00000000) refers (Special) to rtexit2.o(.ARM.Collect$$rtexit$$00000003) for __rt_exit_ls
    rtexit.o(.ARM.Collect$$rtexit$$00000000) refers (Special) to rtexit2.o(.ARM.Collect$$rtexit$$00000002) for __rt_exit_prels_1
    rtexit.o(.ARM.exidx) refers (Special) to rtexit2.o(.ARM.Collect$$rtexit$$00000004) for __rt_exit_exit
    rtexit.o(.ARM.exidx) refers (Special) to rtexit2.o(.ARM.Collect$$rtexit$$00000003) for __rt_exit_ls
    rtexit.o(.ARM.exidx) refers (Special) to rtexit2.o(.ARM.Collect$$rtexit$$00000002) for __rt_exit_prels_1
    rtexit.o(.ARM.exidx) refers to rtexit.o(.ARM.Collect$$rtexit$$00000000) for .ARM.Collect$$rtexit$$00000000
    libinit2.o(.ARM.Collect$$libinit$$00000001) refers to fpinit.o(x$fpl$fpinit) for _fp_init
    libinit2.o(.ARM.Collect$$libinit$$00000010) refers to libinit2.o(.ARM.Collect$$libinit$$0000000F) for .ARM.Collect$$libinit$$0000000F
    libinit2.o(.ARM.Collect$$libinit$$00000012) refers to libinit2.o(.ARM.Collect$$libinit$$0000000F) for .ARM.Collect$$libinit$$0000000F
    libinit2.o(.ARM.Collect$$libinit$$00000014) refers to libinit2.o(.ARM.Collect$$libinit$$0000000F) for .ARM.Collect$$libinit$$0000000F
    libinit2.o(.ARM.Collect$$libinit$$00000016) refers to libinit2.o(.ARM.Collect$$libinit$$0000000F) for .ARM.Collect$$libinit$$0000000F
    libinit2.o(.ARM.Collect$$libinit$$00000018) refers to libinit2.o(.ARM.Collect$$libinit$$0000000F) for .ARM.Collect$$libinit$$0000000F
    libinit2.o(.ARM.Collect$$libinit$$00000026) refers to argv_veneer.o(.emb_text) for __ARM_argv_veneer
    libinit2.o(.ARM.Collect$$libinit$$00000027) refers to argv_veneer.o(.emb_text) for __ARM_argv_veneer
    rtexit2.o(.ARM.Collect$$rtexit$$00000003) refers to libshutdown.o(.ARM.Collect$$libshutdown$$00000000) for __rt_lib_shutdown
    rtexit2.o(.ARM.Collect$$rtexit$$00000004) refers to sys_exit.o(.text) for _sys_exit
    rtexit2.o(.ARM.exidx) refers to rtexit2.o(.ARM.Collect$$rtexit$$00000001) for .ARM.Collect$$rtexit$$00000001
    rtexit2.o(.ARM.exidx) refers to rtexit2.o(.ARM.Collect$$rtexit$$00000003) for .ARM.Collect$$rtexit$$00000003
    rtexit2.o(.ARM.exidx) refers to rtexit2.o(.ARM.Collect$$rtexit$$00000004) for .ARM.Collect$$rtexit$$00000004
    argv_veneer.o(.emb_text) refers to no_argv.o(.text) for __ARM_get_argv
    sys_exit.o(.text) refers (Special) to use_no_semi.o(.text) for __I$use$semihosting
    sys_exit.o(.text) refers (Special) to indicate_semi.o(.text) for __semihosting_library_function
    _get_argv_nomalloc.o(.text) refers (Special) to hrguard.o(.text) for __heap_region$guard
    _get_argv_nomalloc.o(.text) refers to defsig_rtmem_outer.o(.text) for __rt_SIGRTMEM
    _get_argv_nomalloc.o(.text) refers to sys_command.o(.text) for _sys_command_string
    libshutdown.o(.ARM.Collect$$libshutdown$$00000000) refers (Special) to libshutdown2.o(.ARM.Collect$$libshutdown$$00000004) for __rt_lib_shutdown_cpp_1
    libshutdown.o(.ARM.Collect$$libshutdown$$00000000) refers (Special) to libshutdown2.o(.ARM.Collect$$libshutdown$$00000002) for __rt_lib_shutdown_fini_1
    libshutdown.o(.ARM.Collect$$libshutdown$$00000000) refers (Special) to libshutdown2.o(.ARM.Collect$$libshutdown$$00000009) for __rt_lib_shutdown_fp_trap_1
    libshutdown.o(.ARM.Collect$$libshutdown$$00000000) refers (Special) to libshutdown2.o(.ARM.Collect$$libshutdown$$00000011) for __rt_lib_shutdown_heap_1
    libshutdown.o(.ARM.Collect$$libshutdown$$00000000) refers (Special) to libshutdown2.o(.ARM.Collect$$libshutdown$$00000012) for __rt_lib_shutdown_return
    libshutdown.o(.ARM.Collect$$libshutdown$$00000000) refers (Special) to libshutdown2.o(.ARM.Collect$$libshutdown$$0000000C) for __rt_lib_shutdown_signal_1
    libshutdown.o(.ARM.Collect$$libshutdown$$00000000) refers (Special) to libshutdown2.o(.ARM.Collect$$libshutdown$$00000006) for __rt_lib_shutdown_stdio_1
    libshutdown.o(.ARM.Collect$$libshutdown$$00000000) refers (Special) to libshutdown2.o(.ARM.Collect$$libshutdown$$0000000E) for __rt_lib_shutdown_user_alloc_1
    sys_command.o(.text) refers (Special) to use_no_semi.o(.text) for __I$use$semihosting
    sys_command.o(.text) refers (Special) to indicate_semi.o(.text) for __semihosting_library_function
    defsig_rtmem_outer.o(.text) refers to defsig_rtmem_inner.o(.text) for __rt_SIGRTMEM_inner
    defsig_rtmem_outer.o(.text) refers to defsig_exit.o(.text) for __sig_exit
    defsig_rtmem_formal.o(.text) refers to rt_raise.o(.text) for __rt_raise
    rt_raise.o(.text) refers to __raise.o(.text) for __raise
    rt_raise.o(.text) refers to sys_exit.o(.text) for _sys_exit
    defsig_exit.o(.text) refers to sys_exit.o(.text) for _sys_exit
    defsig_rtmem_inner.o(.text) refers to defsig_general.o(.text) for __default_signal_display
    __raise.o(.text) refers to defsig.o(CL$$defsig) for __default_signal_handler
    defsig_general.o(.text) refers to sys_wrch.o(.text) for _ttywrch
    sys_wrch.o(.text) refers (Special) to use_no_semi.o(.text) for __I$use$semihosting
    sys_wrch.o(.text) refers (Special) to indicate_semi.o(.text) for __semihosting_library_function
    defsig.o(CL$$defsig) refers to defsig_rtmem_inner.o(.text) for __rt_SIGRTMEM_inner
    defsig_abrt_inner.o(.text) refers to defsig_general.o(.text) for __default_signal_display
    defsig_fpe_inner.o(.text) refers to defsig_general.o(.text) for __default_signal_display
    defsig_rtred_inner.o(.text) refers to defsig_general.o(.text) for __default_signal_display
    defsig_stak_inner.o(.text) refers to defsig_general.o(.text) for __default_signal_display
    defsig_pvfn_inner.o(.text) refers to defsig_general.o(.text) for __default_signal_display
    defsig_cppl_inner.o(.text) refers to defsig_general.o(.text) for __default_signal_display
    defsig_segv_inner.o(.text) refers to defsig_general.o(.text) for __default_signal_display
    defsig_other.o(.text) refers to defsig_general.o(.text) for __default_signal_display


==============================================================================

Removing Unused input sections from the image.

    Removing uart_.o(i.uart_print_char), (20 bytes).
    Removing i2c_.o(i.I2C0_sendSingleByte), (52 bytes).
    Removing i2c_.o(i.I2C7_sendSingleByte), (52 bytes).
    Removing ssd1306.o(i.OLED0_clearDisplay), (42 bytes).
    Removing ssd1306.o(i.OLED0_displayOff), (10 bytes).
    Removing ssd1306.o(i.OLED0_displayOn), (10 bytes).
    Removing ssd1306.o(i.OLED0_resetDisplay), (16 bytes).
    Removing ssd1306.o(i.OLED0_sendChar), (32 bytes).
    Removing ssd1306.o(i.OLED0_sendCharXYI), (228 bytes).
    Removing ssd1306.o(i.OLED0_sendStrXYI), (38 bytes).
    Removing ssd1306.o(i.OLED0_setColAddress), (22 bytes).
    Removing ssd1306.o(i.OLED0_setPageAddress), (22 bytes).
    Removing ssd1306.o(i.OLED7_data), (32 bytes).
    Removing ssd1306.o(i.OLED7_displayOff), (10 bytes).
    Removing ssd1306.o(i.OLED7_displayOn), (10 bytes).
    Removing ssd1306.o(i.OLED7_resetDisplay), (16 bytes).
    Removing ssd1306.o(i.OLED7_sendCharXY), (72 bytes).
    Removing ssd1306.o(i.OLED7_sendStrXY), (38 bytes).
    Removing ssd1306.o(i.OLED7_setColAddress), (22 bytes).
    Removing ssd1306.o(i.OLED7_setPageAddress), (22 bytes).
    Removing ssd1306.o(i.SSD1306_I2C0_DrawBitmap), (122 bytes).
    Removing ssd1306.o(i.SSD1306_I2C0_DrawPixel), (140 bytes).
    Removing gpio.o(i.GPIOADCTriggerDisable), (14 bytes).
    Removing gpio.o(i.GPIOADCTriggerEnable), (12 bytes).
    Removing gpio.o(i.GPIODMATriggerDisable), (14 bytes).
    Removing gpio.o(i.GPIODMATriggerEnable), (12 bytes).
    Removing gpio.o(i.GPIODirModeGet), (34 bytes).
    Removing gpio.o(i.GPIOIntClear), (6 bytes).
    Removing gpio.o(i.GPIOIntDisable), (14 bytes).
    Removing gpio.o(i.GPIOIntEnable), (12 bytes).
    Removing gpio.o(i.GPIOIntRegister), (26 bytes).
    Removing gpio.o(i.GPIOIntRegisterPin), (30 bytes).
    Removing gpio.o(i.GPIOIntStatus), (14 bytes).
    Removing gpio.o(i.GPIOIntTypeGet), (70 bytes).
    Removing gpio.o(i.GPIOIntTypeSet), (80 bytes).
    Removing gpio.o(i.GPIOIntUnregister), (22 bytes).
    Removing gpio.o(i.GPIOIntUnregisterPin), (26 bytes).
    Removing gpio.o(i.GPIOPadConfigGet), (248 bytes).
    Removing gpio.o(i.GPIOPinTypeADC), (28 bytes).
    Removing gpio.o(i.GPIOPinTypeCAN), (28 bytes).
    Removing gpio.o(i.GPIOPinTypeComparator), (28 bytes).
    Removing gpio.o(i.GPIOPinTypeComparatorOutput), (28 bytes).
    Removing gpio.o(i.GPIOPinTypeDIVSCLK), (28 bytes).
    Removing gpio.o(i.GPIOPinTypeEPI), (28 bytes).
    Removing gpio.o(i.GPIOPinTypeEthernetLED), (28 bytes).
    Removing gpio.o(i.GPIOPinTypeEthernetMII), (28 bytes).
    Removing gpio.o(i.GPIOPinTypeGPIOOutputOD), (28 bytes).
    Removing gpio.o(i.GPIOPinTypeHibernateRTCCLK), (28 bytes).
    Removing gpio.o(i.GPIOPinTypeLCD), (28 bytes).
    Removing gpio.o(i.GPIOPinTypeOneWire), (28 bytes).
    Removing gpio.o(i.GPIOPinTypeQEI), (28 bytes).
    Removing gpio.o(i.GPIOPinTypeSSI), (28 bytes).
    Removing gpio.o(i.GPIOPinTypeTimer), (28 bytes).
    Removing gpio.o(i.GPIOPinTypeTrace), (28 bytes).
    Removing gpio.o(i.GPIOPinTypeUSBAnalog), (28 bytes).
    Removing gpio.o(i.GPIOPinTypeUSBDigital), (28 bytes).
    Removing gpio.o(i.GPIOPinTypeWakeHigh), (30 bytes).
    Removing gpio.o(i.GPIOPinTypeWakeLow), (30 bytes).
    Removing gpio.o(i.GPIOPinWakeStatus), (6 bytes).
    Removing gpio.o(i.GPIOUnlockPin), (24 bytes).
    Removing gpio.o(i._GPIOIntNumberGet), (80 bytes).
    Removing i2c.o(i.I2CFIFODataGet), (16 bytes).
    Removing i2c.o(i.I2CFIFODataGetNonBlocking), (24 bytes).
    Removing i2c.o(i.I2CFIFODataPut), (16 bytes).
    Removing i2c.o(i.I2CFIFODataPutNonBlocking), (20 bytes).
    Removing i2c.o(i.I2CFIFOStatus), (6 bytes).
    Removing i2c.o(i.I2CIntRegister), (96 bytes).
    Removing i2c.o(i.I2CIntUnregister), (96 bytes).
    Removing i2c.o(i.I2CLoopbackEnable), (10 bytes).
    Removing i2c.o(i.I2CMasterBurstCountGet), (4 bytes).
    Removing i2c.o(i.I2CMasterBurstLengthSet), (4 bytes).
    Removing i2c.o(i.I2CMasterBusBusy), (12 bytes).
    Removing i2c.o(i.I2CMasterDataGet), (4 bytes).
    Removing i2c.o(i.I2CMasterDisable), (10 bytes).
    Removing i2c.o(i.I2CMasterEnable), (10 bytes).
    Removing i2c.o(i.I2CMasterErr), (24 bytes).
    Removing i2c.o(i.I2CMasterGlitchFilterConfigSet), (84 bytes).
    Removing i2c.o(i.I2CMasterIntClear), (8 bytes).
    Removing i2c.o(i.I2CMasterIntClearEx), (4 bytes).
    Removing i2c.o(i.I2CMasterIntDisable), (6 bytes).
    Removing i2c.o(i.I2CMasterIntDisableEx), (10 bytes).
    Removing i2c.o(i.I2CMasterIntEnable), (6 bytes).
    Removing i2c.o(i.I2CMasterIntEnableEx), (8 bytes).
    Removing i2c.o(i.I2CMasterIntStatus), (24 bytes).
    Removing i2c.o(i.I2CMasterIntStatusEx), (10 bytes).
    Removing i2c.o(i.I2CMasterLineStateGet), (4 bytes).
    Removing i2c.o(i.I2CMasterTimeoutSet), (4 bytes).
    Removing i2c.o(i.I2CRxFIFOConfigSet), (22 bytes).
    Removing i2c.o(i.I2CRxFIFOFlush), (14 bytes).
    Removing i2c.o(i.I2CSlaveACKOverride), (22 bytes).
    Removing i2c.o(i.I2CSlaveACKValueSet), (22 bytes).
    Removing i2c.o(i.I2CSlaveAddressSet), (24 bytes).
    Removing i2c.o(i.I2CSlaveDataGet), (6 bytes).
    Removing i2c.o(i.I2CSlaveDataPut), (6 bytes).
    Removing i2c.o(i.I2CSlaveDisable), (16 bytes).
    Removing i2c.o(i.I2CSlaveEnable), (16 bytes).
    Removing i2c.o(i.I2CSlaveFIFODisable), (8 bytes).
    Removing i2c.o(i.I2CSlaveFIFOEnable), (10 bytes).
    Removing i2c.o(i.I2CSlaveInit), (20 bytes).
    Removing i2c.o(i.I2CSlaveIntClear), (8 bytes).
    Removing i2c.o(i.I2CSlaveIntClearEx), (6 bytes).
    Removing i2c.o(i.I2CSlaveIntDisable), (14 bytes).
    Removing i2c.o(i.I2CSlaveIntDisableEx), (14 bytes).
    Removing i2c.o(i.I2CSlaveIntEnable), (14 bytes).
    Removing i2c.o(i.I2CSlaveIntEnableEx), (12 bytes).
    Removing i2c.o(i.I2CSlaveIntStatus), (28 bytes).
    Removing i2c.o(i.I2CSlaveIntStatusEx), (14 bytes).
    Removing i2c.o(i.I2CSlaveStatus), (6 bytes).
    Removing i2c.o(i.I2CTxFIFOConfigSet), (24 bytes).
    Removing i2c.o(i.I2CTxFIFOFlush), (14 bytes).
    Removing i2c.o(.constdata), (128 bytes).
    Removing pwm.o(i.PWMClockGet), (26 bytes).
    Removing pwm.o(i.PWMDeadBandDisable), (12 bytes).
    Removing pwm.o(i.PWMDeadBandEnable), (16 bytes).
    Removing pwm.o(i.PWMFaultIntClear), (8 bytes).
    Removing pwm.o(i.PWMFaultIntClearExt), (4 bytes).
    Removing pwm.o(i.PWMFaultIntRegister), (96 bytes).
    Removing pwm.o(i.PWMFaultIntUnregister), (88 bytes).
    Removing pwm.o(i.PWMGenDisable), (10 bytes).
    Removing pwm.o(i.PWMGenFaultClear), (18 bytes).
    Removing pwm.o(i.PWMGenFaultConfigure), (18 bytes).
    Removing pwm.o(i.PWMGenFaultStatus), (18 bytes).
    Removing pwm.o(i.PWMGenFaultTriggerGet), (12 bytes).
    Removing pwm.o(i.PWMGenFaultTriggerSet), (12 bytes).
    Removing pwm.o(i.PWMGenIntClear), (6 bytes).
    Removing pwm.o(i.PWMGenIntRegister), (26 bytes).
    Removing pwm.o(i.PWMGenIntStatus), (12 bytes).
    Removing pwm.o(i.PWMGenIntTrigDisable), (10 bytes).
    Removing pwm.o(i.PWMGenIntTrigEnable), (10 bytes).
    Removing pwm.o(i.PWMGenIntUnregister), (22 bytes).
    Removing pwm.o(i.PWMGenPeriodGet), (18 bytes).
    Removing pwm.o(i.PWMIntDisable), (10 bytes).
    Removing pwm.o(i.PWMIntEnable), (8 bytes).
    Removing pwm.o(i.PWMIntStatus), (10 bytes).
    Removing pwm.o(i.PWMOutputFault), (16 bytes).
    Removing pwm.o(i.PWMOutputFaultLevel), (16 bytes).
    Removing pwm.o(i.PWMOutputInvert), (16 bytes).
    Removing pwm.o(i.PWMOutputUpdateMode), (62 bytes).
    Removing pwm.o(i.PWMPulseWidthGet), (32 bytes).
    Removing pwm.o(i.PWMSyncTimeBase), (4 bytes).
    Removing pwm.o(i.PWMSyncUpdate), (4 bytes).
    Removing pwm.o(i._PWMGenIntNumberGet), (224 bytes).
    Removing sysctl.o(.emb_text), (6 bytes).
    Removing sysctl.o(i.SysCtlAltClkConfig), (12 bytes).
    Removing sysctl.o(i.SysCtlClockOutConfig), (20 bytes).
    Removing sysctl.o(i.SysCtlClockSet), (288 bytes).
    Removing sysctl.o(i.SysCtlDeepSleep), (32 bytes).
    Removing sysctl.o(i.SysCtlDeepSleepClockConfigSet), (112 bytes).
    Removing sysctl.o(i.SysCtlDeepSleepClockSet), (12 bytes).
    Removing sysctl.o(i.SysCtlDeepSleepPowerSet), (12 bytes).
    Removing sysctl.o(i.SysCtlFlashSectorSizeGet), (56 bytes).
    Removing sysctl.o(i.SysCtlFlashSizeGet), (56 bytes).
    Removing sysctl.o(i.SysCtlGPIOAHBDisable), (28 bytes).
    Removing sysctl.o(i.SysCtlGPIOAHBEnable), (24 bytes).
    Removing sysctl.o(i.SysCtlIntClear), (12 bytes).
    Removing sysctl.o(i.SysCtlIntDisable), (16 bytes).
    Removing sysctl.o(i.SysCtlIntEnable), (16 bytes).
    Removing sysctl.o(i.SysCtlIntRegister), (20 bytes).
    Removing sysctl.o(i.SysCtlIntStatus), (16 bytes).
    Removing sysctl.o(i.SysCtlIntUnregister), (18 bytes).
    Removing sysctl.o(i.SysCtlLDODeepSleepGet), (12 bytes).
    Removing sysctl.o(i.SysCtlLDODeepSleepSet), (12 bytes).
    Removing sysctl.o(i.SysCtlLDOSleepGet), (12 bytes).
    Removing sysctl.o(i.SysCtlLDOSleepSet), (12 bytes).
    Removing sysctl.o(i.SysCtlMOSCConfigSet), (12 bytes).
    Removing sysctl.o(i.SysCtlNMIClear), (16 bytes).
    Removing sysctl.o(i.SysCtlNMIStatus), (12 bytes).
    Removing sysctl.o(i.SysCtlPIOSCCalibrate), (76 bytes).
    Removing sysctl.o(i.SysCtlPWMClockGet), (24 bytes).
    Removing sysctl.o(i.SysCtlPWMClockSet), (20 bytes).
    Removing sysctl.o(i.SysCtlPeripheralClockGating), (68 bytes).
    Removing sysctl.o(i.SysCtlPeripheralDeepSleepDisable), (40 bytes).
    Removing sysctl.o(i.SysCtlPeripheralDeepSleepEnable), (40 bytes).
    Removing sysctl.o(i.SysCtlPeripheralDisable), (40 bytes).
    Removing sysctl.o(i.SysCtlPeripheralPowerOff), (40 bytes).
    Removing sysctl.o(i.SysCtlPeripheralPowerOn), (40 bytes).
    Removing sysctl.o(i.SysCtlPeripheralPresent), (44 bytes).
    Removing sysctl.o(i.SysCtlPeripheralReset), (60 bytes).
    Removing sysctl.o(i.SysCtlPeripheralSleepDisable), (40 bytes).
    Removing sysctl.o(i.SysCtlPeripheralSleepEnable), (40 bytes).
    Removing sysctl.o(i.SysCtlReset), (16 bytes).
    Removing sysctl.o(i.SysCtlResetBehaviorGet), (12 bytes).
    Removing sysctl.o(i.SysCtlResetBehaviorSet), (12 bytes).
    Removing sysctl.o(i.SysCtlResetCauseClear), (16 bytes).
    Removing sysctl.o(i.SysCtlResetCauseGet), (12 bytes).
    Removing sysctl.o(i.SysCtlSRAMSizeGet), (16 bytes).
    Removing sysctl.o(i.SysCtlSleep), (4 bytes).
    Removing sysctl.o(i.SysCtlSleepPowerSet), (12 bytes).
    Removing sysctl.o(i.SysCtlUSBPLLDisable), (16 bytes).
    Removing sysctl.o(i.SysCtlUSBPLLEnable), (16 bytes).
    Removing sysctl.o(i.SysCtlVCOGet), (120 bytes).
    Removing sysctl.o(i.SysCtlVoltageEventClear), (16 bytes).
    Removing sysctl.o(i.SysCtlVoltageEventConfig), (12 bytes).
    Removing sysctl.o(i.SysCtlVoltageEventStatus), (12 bytes).
    Removing systick.o(i.SysTickIntDisable), (14 bytes).
    Removing systick.o(i.SysTickIntUnregister), (18 bytes).
    Removing systick.o(i.SysTickPeriodGet), (10 bytes).
    Removing systick.o(i.SysTickValueGet), (8 bytes).
    Removing uart.o(i.UART9BitAddrSend), (38 bytes).
    Removing uart.o(i.UART9BitAddrSet), (10 bytes).
    Removing uart.o(i.UART9BitDisable), (14 bytes).
    Removing uart.o(i.UART9BitEnable), (14 bytes).
    Removing uart.o(i.UARTBreakCtl), (18 bytes).
    Removing uart.o(i.UARTBusy), (8 bytes).
    Removing uart.o(i.UARTCharGet), (12 bytes).
    Removing uart.o(i.UARTCharPutNonBlocking), (16 bytes).
    Removing uart.o(i.UARTCharsAvail), (10 bytes).
    Removing uart.o(i.UARTClockSourceGet), (6 bytes).
    Removing uart.o(i.UARTClockSourceSet), (6 bytes).
    Removing uart.o(i.UARTConfigGetExpClk), (46 bytes).
    Removing uart.o(i.UARTDMADisable), (10 bytes).
    Removing uart.o(i.UARTDMAEnable), (8 bytes).
    Removing uart.o(i.UARTDisable), (30 bytes).
    Removing uart.o(i.UARTDisableSIR), (10 bytes).
    Removing uart.o(i.UARTEnable), (20 bytes).
    Removing uart.o(i.UARTEnableSIR), (18 bytes).
    Removing uart.o(i.UARTFIFOEnable), (10 bytes).
    Removing uart.o(i.UARTFIFOLevelGet), (16 bytes).
    Removing uart.o(i.UARTFIFOLevelSet), (6 bytes).
    Removing uart.o(i.UARTFlowControlGet), (8 bytes).
    Removing uart.o(i.UARTFlowControlSet), (12 bytes).
    Removing uart.o(i.UARTIntDisable), (10 bytes).
    Removing uart.o(i.UARTIntUnregister), (88 bytes).
    Removing uart.o(i.UARTLoopbackEnable), (10 bytes).
    Removing uart.o(i.UARTModemControlClear), (14 bytes).
    Removing uart.o(i.UARTModemControlGet), (8 bytes).
    Removing uart.o(i.UARTModemControlSet), (12 bytes).
    Removing uart.o(i.UARTModemStatusGet), (10 bytes).
    Removing uart.o(i.UARTParityModeGet), (8 bytes).
    Removing uart.o(i.UARTParityModeSet), (12 bytes).
    Removing uart.o(i.UARTRxErrorClear), (6 bytes).
    Removing uart.o(i.UARTRxErrorGet), (8 bytes).
    Removing uart.o(i.UARTSmartCardDisable), (10 bytes).
    Removing uart.o(i.UARTSmartCardEnable), (22 bytes).
    Removing uart.o(i.UARTSpaceAvail), (10 bytes).
    Removing uart.o(i.UARTTxIntModeGet), (8 bytes).
    Removing uart.o(i.UARTTxIntModeSet), (12 bytes).
    Removing cpu.o(.emb_text), (38 bytes).
    Removing interrupt.o(i.IntDisable), (100 bytes).
    Removing interrupt.o(i.IntIsEnabled), (96 bytes).
    Removing interrupt.o(i.IntMasterDisable), (14 bytes).
    Removing interrupt.o(i.IntMasterEnable), (14 bytes).
    Removing interrupt.o(i.IntPendClear), (68 bytes).
    Removing interrupt.o(i.IntPendSet), (84 bytes).
    Removing interrupt.o(i.IntPriorityGet), (28 bytes).
    Removing interrupt.o(i.IntPriorityGroupingGet), (36 bytes).
    Removing interrupt.o(i.IntPriorityGroupingSet), (28 bytes).
    Removing interrupt.o(i.IntPriorityMaskGet), (4 bytes).
    Removing interrupt.o(i.IntPriorityMaskSet), (4 bytes).
    Removing interrupt.o(i.IntPrioritySet), (40 bytes).
    Removing interrupt.o(i.IntTrigger), (12 bytes).
    Removing interrupt.o(i.IntUnregister), (20 bytes).
    Removing interrupt.o(i._IntDefaultHandler), (2 bytes).

253 unused section(s) (total 7108 bytes) removed from the image.

==============================================================================

Image Symbol Table

    Local Symbols

    Symbol Name                              Value     Ov Type        Size  Object(Section)

    RESET                                    0x00000000   Section      540  startup_rvmdk.o(RESET)
    ../clib/angel/boardlib.s                 0x00000000   Number         0  boardinit3.o ABSOLUTE
    ../clib/angel/boardlib.s                 0x00000000   Number         0  boardinit1.o ABSOLUTE
    ../clib/angel/boardlib.s                 0x00000000   Number         0  boardshut.o ABSOLUTE
    ../clib/angel/boardlib.s                 0x00000000   Number         0  boardinit2.o ABSOLUTE
    ../clib/angel/dczerorl.s                 0x00000000   Number         0  __dczerorl.o ABSOLUTE
    ../clib/angel/handlers.s                 0x00000000   Number         0  __scatter_zi.o ABSOLUTE
    ../clib/angel/kernel.s                   0x00000000   Number         0  rtexit2.o ABSOLUTE
    ../clib/angel/kernel.s                   0x00000000   Number         0  __rtentry4.o ABSOLUTE
    ../clib/angel/kernel.s                   0x00000000   Number         0  __rtentry.o ABSOLUTE
    ../clib/angel/kernel.s                   0x00000000   Number         0  __rtentry2.o ABSOLUTE
    ../clib/angel/kernel.s                   0x00000000   Number         0  rtexit.o ABSOLUTE
    ../clib/angel/rt.s                       0x00000000   Number         0  rt_raise.o ABSOLUTE
    ../clib/angel/scatter.s                  0x00000000   Number         0  __scatter.o ABSOLUTE
    ../clib/angel/startup.s                  0x00000000   Number         0  __main.o ABSOLUTE
    ../clib/angel/sys.s                      0x00000000   Number         0  sys_stackheap_outer.o ABSOLUTE
    ../clib/angel/sys.s                      0x00000000   Number         0  use_no_semi.o ABSOLUTE
    ../clib/angel/sys.s                      0x00000000   Number         0  libspace.o ABSOLUTE
    ../clib/angel/sys.s                      0x00000000   Number         0  indicate_semi.o ABSOLUTE
    ../clib/angel/sysapp.c                   0x00000000   Number         0  sys_command.o ABSOLUTE
    ../clib/angel/sysapp.c                   0x00000000   Number         0  sys_exit.o ABSOLUTE
    ../clib/angel/sysapp.c                   0x00000000   Number         0  sys_wrch.o ABSOLUTE
    ../clib/armsys.c                         0x00000000   Number         0  no_argv.o ABSOLUTE
    ../clib/armsys.c                         0x00000000   Number         0  _get_argv_nomalloc.o ABSOLUTE
    ../clib/armsys.c                         0x00000000   Number         0  argv_veneer.o ABSOLUTE
    ../clib/armsys.c                         0x00000000   Number         0  argv_veneer.o ABSOLUTE
    ../clib/heapalloc.c                      0x00000000   Number         0  hrguard.o ABSOLUTE
    ../clib/heapaux.c                        0x00000000   Number         0  heapauxi.o ABSOLUTE
    ../clib/libinit.s                        0x00000000   Number         0  libshutdown.o ABSOLUTE
    ../clib/libinit.s                        0x00000000   Number         0  libinit.o ABSOLUTE
    ../clib/libinit.s                        0x00000000   Number         0  libinit2.o ABSOLUTE
    ../clib/libinit.s                        0x00000000   Number         0  libshutdown2.o ABSOLUTE
    ../clib/signal.c                         0x00000000   Number         0  defsig_exit.o ABSOLUTE
    ../clib/signal.c                         0x00000000   Number         0  defsig_general.o ABSOLUTE
    ../clib/signal.c                         0x00000000   Number         0  defsig_fpe_inner.o ABSOLUTE
    ../clib/signal.c                         0x00000000   Number         0  defsig_rtmem_formal.o ABSOLUTE
    ../clib/signal.c                         0x00000000   Number         0  defsig_other.o ABSOLUTE
    ../clib/signal.c                         0x00000000   Number         0  defsig_segv_inner.o ABSOLUTE
    ../clib/signal.c                         0x00000000   Number         0  defsig_cppl_inner.o ABSOLUTE
    ../clib/signal.c                         0x00000000   Number         0  defsig_pvfn_inner.o ABSOLUTE
    ../clib/signal.c                         0x00000000   Number         0  defsig_rtred_inner.o ABSOLUTE
    ../clib/signal.c                         0x00000000   Number         0  defsig_stak_inner.o ABSOLUTE
    ../clib/signal.c                         0x00000000   Number         0  __raise.o ABSOLUTE
    ../clib/signal.c                         0x00000000   Number         0  defsig_rtmem_inner.o ABSOLUTE
    ../clib/signal.c                         0x00000000   Number         0  defsig_abrt_inner.o ABSOLUTE
    ../clib/signal.c                         0x00000000   Number         0  defsig_rtmem_outer.o ABSOLUTE
    ../clib/signal.s                         0x00000000   Number         0  defsig.o ABSOLUTE
    ../clib/stdlib.c                         0x00000000   Number         0  exit.o ABSOLUTE
    ../fplib/fpinit.s                        0x00000000   Number         0  fpinit.o ABSOLUTE
    clock.c                                  0x00000000   Number         0  clock.o ABSOLUTE
    cpu.c                                    0x00000000   Number         0  cpu.o ABSOLUTE
    cpu.c                                    0x00000000   Number         0  cpu.o ABSOLUTE
    dc.s                                     0x00000000   Number         0  dc.o ABSOLUTE
    decoder.c                                0x00000000   Number         0  decoder.o ABSOLUTE
    gpio.c                                   0x00000000   Number         0  gpio.o ABSOLUTE
    gpio.c                                   0x00000000   Number         0  gpio.o ABSOLUTE
    i2c.c                                    0x00000000   Number         0  i2c.o ABSOLUTE
    i2c_.c                                   0x00000000   Number         0  i2c_.o ABSOLUTE
    interrupt.c                              0x00000000   Number         0  interrupt.o ABSOLUTE
    keyboard.c                               0x00000000   Number         0  keyboard.o ABSOLUTE
    led.c                                    0x00000000   Number         0  led.o ABSOLUTE
    main.c                                   0x00000000   Number         0  main.o ABSOLUTE
    pwm.c                                    0x00000000   Number         0  pwm.o ABSOLUTE
    pwm.c                                    0x00000000   Number         0  pwm.o ABSOLUTE
    ssd1306.c                                0x00000000   Number         0  ssd1306.o ABSOLUTE
    startup_rvmdk.S                          0x00000000   Number         0  startup_rvmdk.o ABSOLUTE
    sys_tick.c                               0x00000000   Number         0  sys_tick.o ABSOLUTE
    sysctl.c                                 0x00000000   Number         0  sysctl.o ABSOLUTE
    sysctl.c                                 0x00000000   Number         0  sysctl.o ABSOLUTE
    systick.c                                0x00000000   Number         0  systick.o ABSOLUTE
    uart.c                                   0x00000000   Number         0  uart.o ABSOLUTE
    uart_.c                                  0x00000000   Number         0  uart_.o ABSOLUTE
    $v0                                      0x00000200   Number         0  startup_rvmdk.o(RESET)
    NmiSR                                    0x00000215   Thumb Code     0  startup_rvmdk.o(RESET)
    FaultISR                                 0x00000217   Thumb Code     0  startup_rvmdk.o(RESET)
    IntDefaultHandler                        0x00000219   Thumb Code     0  startup_rvmdk.o(RESET)
    !!!main                                  0x0000021c   Section        8  __main.o(!!!main)
    !!!scatter                               0x00000224   Section       52  __scatter.o(!!!scatter)
    !!dczerorl                               0x00000258   Section       58  __dczerorl.o(!!dczerorl)
    !!handler_zi                             0x00000294   Section       28  __scatter_zi.o(!!handler_zi)
    .ARM.Collect$$libinit$$00000000          0x000002b0   Section        2  libinit.o(.ARM.Collect$$libinit$$00000000)
    .ARM.Collect$$libinit$$00000001          0x000002b2   Section        4  libinit2.o(.ARM.Collect$$libinit$$00000001)
    .ARM.Collect$$libinit$$00000004          0x000002b6   Section        0  libinit2.o(.ARM.Collect$$libinit$$00000004)
    .ARM.Collect$$libinit$$0000000A          0x000002b6   Section        0  libinit2.o(.ARM.Collect$$libinit$$0000000A)
    .ARM.Collect$$libinit$$0000000C          0x000002b6   Section        0  libinit2.o(.ARM.Collect$$libinit$$0000000C)
    .ARM.Collect$$libinit$$0000000E          0x000002b6   Section        0  libinit2.o(.ARM.Collect$$libinit$$0000000E)
    .ARM.Collect$$libinit$$00000011          0x000002b6   Section        0  libinit2.o(.ARM.Collect$$libinit$$00000011)
    .ARM.Collect$$libinit$$00000013          0x000002b6   Section        0  libinit2.o(.ARM.Collect$$libinit$$00000013)
    .ARM.Collect$$libinit$$00000015          0x000002b6   Section        0  libinit2.o(.ARM.Collect$$libinit$$00000015)
    .ARM.Collect$$libinit$$00000017          0x000002b6   Section        0  libinit2.o(.ARM.Collect$$libinit$$00000017)
    .ARM.Collect$$libinit$$00000019          0x000002b6   Section        0  libinit2.o(.ARM.Collect$$libinit$$00000019)
    .ARM.Collect$$libinit$$0000001B          0x000002b6   Section        0  libinit2.o(.ARM.Collect$$libinit$$0000001B)
    .ARM.Collect$$libinit$$0000001D          0x000002b6   Section        0  libinit2.o(.ARM.Collect$$libinit$$0000001D)
    .ARM.Collect$$libinit$$0000001F          0x000002b6   Section        0  libinit2.o(.ARM.Collect$$libinit$$0000001F)
    .ARM.Collect$$libinit$$00000021          0x000002b6   Section        0  libinit2.o(.ARM.Collect$$libinit$$00000021)
    .ARM.Collect$$libinit$$00000023          0x000002b6   Section        0  libinit2.o(.ARM.Collect$$libinit$$00000023)
    .ARM.Collect$$libinit$$00000025          0x000002b6   Section        0  libinit2.o(.ARM.Collect$$libinit$$00000025)
    .ARM.Collect$$libinit$$0000002C          0x000002b6   Section        0  libinit2.o(.ARM.Collect$$libinit$$0000002C)
    .ARM.Collect$$libinit$$0000002E          0x000002b6   Section        0  libinit2.o(.ARM.Collect$$libinit$$0000002E)
    .ARM.Collect$$libinit$$00000030          0x000002b6   Section        0  libinit2.o(.ARM.Collect$$libinit$$00000030)
    .ARM.Collect$$libinit$$00000032          0x000002b6   Section        0  libinit2.o(.ARM.Collect$$libinit$$00000032)
    .ARM.Collect$$libinit$$00000033          0x000002b6   Section        2  libinit2.o(.ARM.Collect$$libinit$$00000033)
    .ARM.Collect$$libshutdown$$00000000      0x000002b8   Section        2  libshutdown.o(.ARM.Collect$$libshutdown$$00000000)
    .ARM.Collect$$libshutdown$$00000002      0x000002ba   Section        0  libshutdown2.o(.ARM.Collect$$libshutdown$$00000002)
    .ARM.Collect$$libshutdown$$00000004      0x000002ba   Section        0  libshutdown2.o(.ARM.Collect$$libshutdown$$00000004)
    .ARM.Collect$$libshutdown$$00000006      0x000002ba   Section        0  libshutdown2.o(.ARM.Collect$$libshutdown$$00000006)
    .ARM.Collect$$libshutdown$$00000009      0x000002ba   Section        0  libshutdown2.o(.ARM.Collect$$libshutdown$$00000009)
    .ARM.Collect$$libshutdown$$0000000C      0x000002ba   Section        0  libshutdown2.o(.ARM.Collect$$libshutdown$$0000000C)
    .ARM.Collect$$libshutdown$$0000000E      0x000002ba   Section        0  libshutdown2.o(.ARM.Collect$$libshutdown$$0000000E)
    .ARM.Collect$$libshutdown$$00000011      0x000002ba   Section        0  libshutdown2.o(.ARM.Collect$$libshutdown$$00000011)
    .ARM.Collect$$libshutdown$$00000012      0x000002ba   Section        2  libshutdown2.o(.ARM.Collect$$libshutdown$$00000012)
    .ARM.Collect$$rtentry$$00000000          0x000002bc   Section        0  __rtentry.o(.ARM.Collect$$rtentry$$00000000)
    .ARM.Collect$$rtentry$$00000002          0x000002bc   Section        0  __rtentry2.o(.ARM.Collect$$rtentry$$00000002)
    .ARM.Collect$$rtentry$$00000004          0x000002bc   Section        6  __rtentry4.o(.ARM.Collect$$rtentry$$00000004)
    .ARM.Collect$$rtentry$$00000009          0x000002c2   Section        0  __rtentry2.o(.ARM.Collect$$rtentry$$00000009)
    .ARM.Collect$$rtentry$$0000000A          0x000002c2   Section        4  __rtentry2.o(.ARM.Collect$$rtentry$$0000000A)
    .ARM.Collect$$rtentry$$0000000C          0x000002c6   Section        0  __rtentry2.o(.ARM.Collect$$rtentry$$0000000C)
    .ARM.Collect$$rtentry$$0000000D          0x000002c6   Section        8  __rtentry2.o(.ARM.Collect$$rtentry$$0000000D)
    .ARM.Collect$$rtexit$$00000000           0x000002ce   Section        2  rtexit.o(.ARM.Collect$$rtexit$$00000000)
    .ARM.Collect$$rtexit$$00000002           0x000002d0   Section        0  rtexit2.o(.ARM.Collect$$rtexit$$00000002)
    .ARM.Collect$$rtexit$$00000003           0x000002d0   Section        4  rtexit2.o(.ARM.Collect$$rtexit$$00000003)
    .ARM.Collect$$rtexit$$00000004           0x000002d4   Section        6  rtexit2.o(.ARM.Collect$$rtexit$$00000004)
    .text                                    0x000002dc   Section       24  startup_rvmdk.o(.text)
    $v0                                      0x000002dc   Number         0  startup_rvmdk.o(.text)
    .text                                    0x000002f4   Section        0  heapauxi.o(.text)
    .text                                    0x000002fa   Section       74  sys_stackheap_outer.o(.text)
    .text                                    0x00000344   Section        0  exit.o(.text)
    .text                                    0x00000358   Section        8  libspace.o(.text)
    .text                                    0x00000360   Section        0  sys_exit.o(.text)
    .text                                    0x0000036c   Section        2  use_no_semi.o(.text)
    .text                                    0x0000036e   Section        0  indicate_semi.o(.text)
    i.GPIODirModeSet                         0x0000036e   Section        0  gpio.o(i.GPIODirModeSet)
    i.GPIOPadConfigSet                       0x00000398   Section        0  gpio.o(i.GPIOPadConfigSet)
    i.GPIOPinConfigure                       0x00000508   Section        0  gpio.o(i.GPIOPinConfigure)
    i.GPIOPinRead                            0x0000054c   Section        0  gpio.o(i.GPIOPinRead)
    i.GPIOPinTypeGPIOInput                   0x00000552   Section        0  gpio.o(i.GPIOPinTypeGPIOInput)
    i.GPIOPinTypeGPIOOutput                  0x0000056e   Section        0  gpio.o(i.GPIOPinTypeGPIOOutput)
    i.GPIOPinTypeI2C                         0x0000058a   Section        0  gpio.o(i.GPIOPinTypeI2C)
    i.GPIOPinTypeI2CSCL                      0x000005a6   Section        0  gpio.o(i.GPIOPinTypeI2CSCL)
    i.GPIOPinTypePWM                         0x000005c2   Section        0  gpio.o(i.GPIOPinTypePWM)
    i.GPIOPinTypeUART                        0x000005de   Section        0  gpio.o(i.GPIOPinTypeUART)
    i.GPIOPinWrite                           0x000005fa   Section        0  gpio.o(i.GPIOPinWrite)
    i.I2C0_sendMultipleBytes                 0x00000600   Section        0  i2c_.o(i.I2C0_sendMultipleBytes)
    i.I2C7_sendMultipleBytes                 0x00000680   Section        0  i2c_.o(i.I2C7_sendMultipleBytes)
    i.I2CMasterBusy                          0x00000700   Section        0  i2c.o(i.I2CMasterBusy)
    i.I2CMasterControl                       0x0000070c   Section        0  i2c.o(i.I2CMasterControl)
    i.I2CMasterDataPut                       0x00000710   Section        0  i2c.o(i.I2CMasterDataPut)
    i.I2CMasterInitExpClk                    0x00000714   Section        0  i2c.o(i.I2CMasterInitExpClk)
    i.I2CMasterSlaveAddrSet                  0x00000768   Section        0  i2c.o(i.I2CMasterSlaveAddrSet)
    i.IntEnable                              0x00000770   Section        0  interrupt.o(i.IntEnable)
    i.IntRegister                            0x000007d4   Section        0  interrupt.o(i.IntRegister)
    i.OLED0_Init                             0x00000808   Section        0  ssd1306.o(i.OLED0_Init)
    i.OLED0_command                          0x000008ba   Section        0  ssd1306.o(i.OLED0_command)
    i.OLED0_data                             0x000008d4   Section        0  ssd1306.o(i.OLED0_data)
    i.OLED0_sendCharXY                       0x000008f4   Section        0  ssd1306.o(i.OLED0_sendCharXY)
    i.OLED0_sendStrXY                        0x0000093c   Section        0  ssd1306.o(i.OLED0_sendStrXY)
    i.OLED0_setXY                            0x00000962   Section        0  ssd1306.o(i.OLED0_setXY)
    i.OLED7_Init                             0x0000098a   Section        0  ssd1306.o(i.OLED7_Init)
    i.OLED7_clearDisplay                     0x00000a18   Section        0  ssd1306.o(i.OLED7_clearDisplay)
    i.OLED7_command                          0x00000a42   Section        0  ssd1306.o(i.OLED7_command)
    i.OLED7_send8BitNumber                   0x00000a5c   Section        0  ssd1306.o(i.OLED7_send8BitNumber)
    i.OLED7_sendChar                         0x00000a98   Section        0  ssd1306.o(i.OLED7_sendChar)
    i.OLED7_sendCharXYI                      0x00000ab8   Section        0  ssd1306.o(i.OLED7_sendCharXYI)
    i.OLED7_sendStrXYI                       0x00000b9c   Section        0  ssd1306.o(i.OLED7_sendStrXYI)
    i.OLED7_setXY                            0x00000bc2   Section        0  ssd1306.o(i.OLED7_setXY)
    i.PWMClockSet                            0x00000bea   Section        0  pwm.o(i.PWMClockSet)
    i.PWMGenConfigure                        0x00000bfe   Section        0  pwm.o(i.PWMGenConfigure)
    i.PWMGenEnable                           0x00000c24   Section        0  pwm.o(i.PWMGenEnable)
    i.PWMGenPeriodSet                        0x00000c2e   Section        0  pwm.o(i.PWMGenPeriodSet)
    i.PWMOutputState                         0x00000c40   Section        0  pwm.o(i.PWMOutputState)
    i.PWMPulseWidthSet                       0x00000c50   Section        0  pwm.o(i.PWMPulseWidthSet)
    i.SSD1306_I2C0_UpdateScreen              0x00000c70   Section        0  ssd1306.o(i.SSD1306_I2C0_UpdateScreen)
    i.SSD1306_I2C0_cls                       0x00000cb4   Section        0  ssd1306.o(i.SSD1306_I2C0_cls)
    i.SysCtlClockFreqSet                     0x00000cd0   Section        0  sysctl.o(i.SysCtlClockFreqSet)
    i.SysCtlClockGet                         0x00000fbc   Section        0  sysctl.o(i.SysCtlClockGet)
    i.SysCtlPeripheralEnable                 0x00001110   Section        0  sysctl.o(i.SysCtlPeripheralEnable)
    i.SysCtlPeripheralReady                  0x00001138   Section        0  sysctl.o(i.SysCtlPeripheralReady)
    i.SysTickDisable                         0x00001164   Section        0  systick.o(i.SysTickDisable)
    i.SysTickEnable                          0x00001172   Section        0  systick.o(i.SysTickEnable)
    i.SysTickIntEnable                       0x00001180   Section        0  systick.o(i.SysTickIntEnable)
    i.SysTickIntRegister                     0x0000118e   Section        0  systick.o(i.SysTickIntRegister)
    i.SysTickPeriodSet                       0x000011a6   Section        0  systick.o(i.SysTickPeriodSet)
    i.UARTCharGetNonBlocking                 0x000011b0   Section        0  uart.o(i.UARTCharGetNonBlocking)
    i.UARTCharPut                            0x000011c0   Section        0  uart.o(i.UARTCharPut)
    i.UARTConfigSetExpClk                    0x000011cc   Section        0  uart.o(i.UARTConfigSetExpClk)
    i.UARTFIFODisable                        0x0000123a   Section        0  uart.o(i.UARTFIFODisable)
    i.UARTIntClear                           0x00001244   Section        0  uart.o(i.UARTIntClear)
    i.UARTIntEnable                          0x00001248   Section        0  uart.o(i.UARTIntEnable)
    i.UARTIntRegister                        0x00001250   Section        0  uart.o(i.UARTIntRegister)
    i.UARTIntStatus                          0x000012a8   Section        0  uart.o(i.UARTIntStatus)
    i.clock_setup                            0x000012b4   Section        0  clock.o(i.clock_setup)
    i.decoder                                0x000012cc   Section        0  decoder.o(i.decoder)
    i.delay_ms                               0x00001474   Section        0  sys_tick.o(i.delay_ms)
    i.delay_us                               0x00001490   Section        0  sys_tick.o(i.delay_us)
    i.get_led0_status                        0x000014c0   Section        0  led.o(i.get_led0_status)
    i.get_led1_status                        0x000014d8   Section        0  led.o(i.get_led1_status)
    i.get_led2_status                        0x000014f0   Section        0  led.o(i.get_led2_status)
    i.get_leds_status                        0x00001508   Section        0  led.o(i.get_leds_status)
    i.gpio_setup                             0x00001564   Section        0  gpio.o(i.gpio_setup)
    i.i2c_setup                              0x00001690   Section        0  i2c_.o(i.i2c_setup)
    i.keyboard_scan                          0x000016e8   Section        0  keyboard.o(i.keyboard_scan)
    i.main                                   0x00001780   Section        0  main.o(i.main)
    i.pwm_setup                              0x000018dc   Section        0  pwm.o(i.pwm_setup)
    i.set_duty_cicle                         0x0000193c   Section        0  pwm.o(i.set_duty_cicle)
    i.set_led_duty_cycle                     0x00001980   Section        0  led.o(i.set_led_duty_cycle)
    i.sys_tick_interrupt_handler             0x000019a4   Section        0  sys_tick.o(i.sys_tick_interrupt_handler)
    i.sys_tick_setup                         0x000019b4   Section        0  sys_tick.o(i.sys_tick_setup)
    i.turn_off_led                           0x000019e8   Section        0  led.o(i.turn_off_led)
    i.turn_off_leds                          0x00001a34   Section        0  led.o(i.turn_off_leds)
    i.turn_on_led                            0x00001a4c   Section        0  led.o(i.turn_on_led)
    i.turn_on_leds                           0x00001a98   Section        0  led.o(i.turn_on_leds)
    i.uart_interruption_handler              0x00001ab0   Section        0  uart_.o(i.uart_interruption_handler)
    i.uart_print_string                      0x00001b18   Section        0  uart_.o(i.uart_print_string)
    i.uart_setup                             0x00001b38   Section        0  uart_.o(i.uart_setup)
    i.update_keyboard_buffer                 0x00001bb4   Section        0  keyboard.o(i.update_keyboard_buffer)
    x$fpl$fpinit                             0x00001be0   Section       10  fpinit.o(x$fpl$fpinit)
    $v0                                      0x00001be0   Number         0  fpinit.o(x$fpl$fpinit)
    .constdata                               0x00001bec   Section       16  keyboard.o(.constdata)
    .constdata                               0x00001bfc   Section      480  ssd1306.o(.constdata)
    .constdata                               0x00001ddc   Section      552  gpio.o(.constdata)
    g_ppui32GPIOIntMapBlizzard               0x00001ddc   Data         192  gpio.o(.constdata)
    g_ppui32GPIOIntMapSnowflake              0x00001e9c   Data         216  gpio.o(.constdata)
    g_pui32GPIOBaseAddrs                     0x00001f74   Data         144  gpio.o(.constdata)
    .constdata                               0x00002004   Section      596  sysctl.o(.constdata)
    g_pui32VCOFrequencies                    0x00002004   Data           8  sysctl.o(.constdata)
    g_pui32Xtals                             0x0000200c   Data         108  sysctl.o(.constdata)
    g_pppui32XTALtoVCO                       0x00002078   Data         432  sysctl.o(.constdata)
    g_sXTALtoMEMTIM                          0x00002228   Data          48  sysctl.o(.constdata)
    .constdata                               0x00002258   Section      128  uart.o(.constdata)
    g_ppui32UARTIntMap                       0x00002258   Data          64  uart.o(.constdata)
    g_ppui32UARTIntMapSnowflake              0x00002298   Data          64  uart.o(.constdata)
    .constdata                               0x000022d8   Section      268  interrupt.o(.constdata)
    g_pui32Priority                          0x000022d8   Data          32  interrupt.o(.constdata)
    g_pui32Regs                              0x000022f8   Data         156  interrupt.o(.constdata)
    g_pui32EnRegs                            0x00002394   Data          20  interrupt.o(.constdata)
    g_pui32Dii16Regs                         0x000023a8   Data          20  interrupt.o(.constdata)
    g_pui32PendRegs                          0x000023bc   Data          20  interrupt.o(.constdata)
    g_pui32UnpendRegs                        0x000023d0   Data          20  interrupt.o(.constdata)
    .data                                    0x20000000   Section       28  main.o(.data)
    vtable                                   0x20000400   Section      620  interrupt.o(vtable)
    g_pfnRAMVectors                          0x20000400   Data         620  interrupt.o(vtable)
    .bss                                     0x2000066c   Section     1024  ssd1306.o(.bss)
    .bss                                     0x20000a6c   Section       96  libspace.o(.bss)
    HEAP                                     0x20000ad0   Section        0  startup_rvmdk.o(HEAP)
    STACK                                    0x20000ad0   Section      512  startup_rvmdk.o(STACK)
    HeapMem                                  0x20000ad0   Data           0  startup_rvmdk.o(HEAP)
    StackMem                                 0x20000ad0   Data           0  startup_rvmdk.o(STACK)

    Global Symbols

    Symbol Name                              Value     Ov Type        Size  Object(Section)

    BuildAttributes$$THM_ISAv4$E$P$D$K$B$S$7EM$VFPi3$EXTD16$VFPS$VFMA$PE$A:L22UL41UL21$X:L11$S22US41US21$IEEE1$IW$USESV6$~STKCKD$USESV7$~SHL$OTIME$ROPI$EBA8$UX$STANDARDLIB$REQ8$PRES8$EABIv2 0x00000000   Number         0  anon$$obj.o ABSOLUTE
    __ARM_use_no_argv                        0x00000000   Number         0  main.o ABSOLUTE
    __Vectors                                0x00000000   Data           0  startup_rvmdk.o(RESET)
    __ARM_exceptions_init                     - Undefined Weak Reference
    __alloca_initialize                       - Undefined Weak Reference
    __arm_fini_                               - Undefined Weak Reference
    __arm_preinit_                            - Undefined Weak Reference
    __cpp_initialize__aeabi_                  - Undefined Weak Reference
    __cxa_finalize                            - Undefined Weak Reference
    __rt_locale                               - Undefined Weak Reference
    __sigvec_lookup                           - Undefined Weak Reference
    _atexit_init                              - Undefined Weak Reference
    _call_atexit_fns                          - Undefined Weak Reference
    _clock_init                               - Undefined Weak Reference
    _fp_trap_init                             - Undefined Weak Reference
    _fp_trap_shutdown                         - Undefined Weak Reference
    _get_lc_collate                           - Undefined Weak Reference
    _get_lc_ctype                             - Undefined Weak Reference
    _get_lc_monetary                          - Undefined Weak Reference
    _get_lc_numeric                           - Undefined Weak Reference
    _get_lc_time                              - Undefined Weak Reference
    _getenv_init                              - Undefined Weak Reference
    _handle_redirection                       - Undefined Weak Reference
    _init_alloc                               - Undefined Weak Reference
    _init_user_alloc                          - Undefined Weak Reference
    _initio                                   - Undefined Weak Reference
    _rand_init                                - Undefined Weak Reference
    _signal_finish                            - Undefined Weak Reference
    _signal_init                              - Undefined Weak Reference
    _terminate_alloc                          - Undefined Weak Reference
    _terminate_user_alloc                     - Undefined Weak Reference
    _terminateio                              - Undefined Weak Reference
    Reset_Handler                            0x00000201   Thumb Code     0  startup_rvmdk.o(RESET)
    __main                                   0x0000021d   Thumb Code     8  __main.o(!!!main)
    __scatterload                            0x00000225   Thumb Code     0  __scatter.o(!!!scatter)
    __scatterload_rt2                        0x00000225   Thumb Code    44  __scatter.o(!!!scatter)
    __scatterload_rt2_thumb_only             0x00000225   Thumb Code     0  __scatter.o(!!!scatter)
    __scatterload_null                       0x00000233   Thumb Code     0  __scatter.o(!!!scatter)
    __decompress                             0x00000259   Thumb Code    58  __dczerorl.o(!!dczerorl)
    __decompress0                            0x00000259   Thumb Code     0  __dczerorl.o(!!dczerorl)
    __scatterload_zeroinit                   0x00000295   Thumb Code    28  __scatter_zi.o(!!handler_zi)
    __rt_lib_init                            0x000002b1   Thumb Code     0  libinit.o(.ARM.Collect$$libinit$$00000000)
    __rt_lib_init_fp_1                       0x000002b3   Thumb Code     0  libinit2.o(.ARM.Collect$$libinit$$00000001)
    __rt_lib_init_alloca_1                   0x000002b7   Thumb Code     0  libinit2.o(.ARM.Collect$$libinit$$0000002E)
    __rt_lib_init_argv_1                     0x000002b7   Thumb Code     0  libinit2.o(.ARM.Collect$$libinit$$0000002C)
    __rt_lib_init_atexit_1                   0x000002b7   Thumb Code     0  libinit2.o(.ARM.Collect$$libinit$$0000001B)
    __rt_lib_init_clock_1                    0x000002b7   Thumb Code     0  libinit2.o(.ARM.Collect$$libinit$$00000021)
    __rt_lib_init_cpp_1                      0x000002b7   Thumb Code     0  libinit2.o(.ARM.Collect$$libinit$$00000032)
    __rt_lib_init_exceptions_1               0x000002b7   Thumb Code     0  libinit2.o(.ARM.Collect$$libinit$$00000030)
    __rt_lib_init_fp_trap_1                  0x000002b7   Thumb Code     0  libinit2.o(.ARM.Collect$$libinit$$0000001F)
    __rt_lib_init_getenv_1                   0x000002b7   Thumb Code     0  libinit2.o(.ARM.Collect$$libinit$$00000023)
    __rt_lib_init_heap_1                     0x000002b7   Thumb Code     0  libinit2.o(.ARM.Collect$$libinit$$0000000A)
    __rt_lib_init_lc_collate_1               0x000002b7   Thumb Code     0  libinit2.o(.ARM.Collect$$libinit$$00000011)
    __rt_lib_init_lc_ctype_1                 0x000002b7   Thumb Code     0  libinit2.o(.ARM.Collect$$libinit$$00000013)
    __rt_lib_init_lc_monetary_1              0x000002b7   Thumb Code     0  libinit2.o(.ARM.Collect$$libinit$$00000015)
    __rt_lib_init_lc_numeric_1               0x000002b7   Thumb Code     0  libinit2.o(.ARM.Collect$$libinit$$00000017)
    __rt_lib_init_lc_time_1                  0x000002b7   Thumb Code     0  libinit2.o(.ARM.Collect$$libinit$$00000019)
    __rt_lib_init_preinit_1                  0x000002b7   Thumb Code     0  libinit2.o(.ARM.Collect$$libinit$$00000004)
    __rt_lib_init_rand_1                     0x000002b7   Thumb Code     0  libinit2.o(.ARM.Collect$$libinit$$0000000E)
    __rt_lib_init_return                     0x000002b7   Thumb Code     0  libinit2.o(.ARM.Collect$$libinit$$00000033)
    __rt_lib_init_signal_1                   0x000002b7   Thumb Code     0  libinit2.o(.ARM.Collect$$libinit$$0000001D)
    __rt_lib_init_stdio_1                    0x000002b7   Thumb Code     0  libinit2.o(.ARM.Collect$$libinit$$00000025)
    __rt_lib_init_user_alloc_1               0x000002b7   Thumb Code     0  libinit2.o(.ARM.Collect$$libinit$$0000000C)
    __rt_lib_shutdown                        0x000002b9   Thumb Code     0  libshutdown.o(.ARM.Collect$$libshutdown$$00000000)
    __rt_lib_shutdown_cpp_1                  0x000002bb   Thumb Code     0  libshutdown2.o(.ARM.Collect$$libshutdown$$00000004)
    __rt_lib_shutdown_fini_1                 0x000002bb   Thumb Code     0  libshutdown2.o(.ARM.Collect$$libshutdown$$00000002)
    __rt_lib_shutdown_fp_trap_1              0x000002bb   Thumb Code     0  libshutdown2.o(.ARM.Collect$$libshutdown$$00000009)
    __rt_lib_shutdown_heap_1                 0x000002bb   Thumb Code     0  libshutdown2.o(.ARM.Collect$$libshutdown$$00000011)
    __rt_lib_shutdown_return                 0x000002bb   Thumb Code     0  libshutdown2.o(.ARM.Collect$$libshutdown$$00000012)
    __rt_lib_shutdown_signal_1               0x000002bb   Thumb Code     0  libshutdown2.o(.ARM.Collect$$libshutdown$$0000000C)
    __rt_lib_shutdown_stdio_1                0x000002bb   Thumb Code     0  libshutdown2.o(.ARM.Collect$$libshutdown$$00000006)
    __rt_lib_shutdown_user_alloc_1           0x000002bb   Thumb Code     0  libshutdown2.o(.ARM.Collect$$libshutdown$$0000000E)
    __rt_entry                               0x000002bd   Thumb Code     0  __rtentry.o(.ARM.Collect$$rtentry$$00000000)
    __rt_entry_presh_1                       0x000002bd   Thumb Code     0  __rtentry2.o(.ARM.Collect$$rtentry$$00000002)
    __rt_entry_sh                            0x000002bd   Thumb Code     0  __rtentry4.o(.ARM.Collect$$rtentry$$00000004)
    __rt_entry_li                            0x000002c3   Thumb Code     0  __rtentry2.o(.ARM.Collect$$rtentry$$0000000A)
    __rt_entry_postsh_1                      0x000002c3   Thumb Code     0  __rtentry2.o(.ARM.Collect$$rtentry$$00000009)
    __rt_entry_main                          0x000002c7   Thumb Code     0  __rtentry2.o(.ARM.Collect$$rtentry$$0000000D)
    __rt_entry_postli_1                      0x000002c7   Thumb Code     0  __rtentry2.o(.ARM.Collect$$rtentry$$0000000C)
    __rt_exit                                0x000002cf   Thumb Code     0  rtexit.o(.ARM.Collect$$rtexit$$00000000)
    __rt_exit_ls                             0x000002d1   Thumb Code     0  rtexit2.o(.ARM.Collect$$rtexit$$00000003)
    __rt_exit_prels_1                        0x000002d1   Thumb Code     0  rtexit2.o(.ARM.Collect$$rtexit$$00000002)
    __rt_exit_exit                           0x000002d5   Thumb Code     0  rtexit2.o(.ARM.Collect$$rtexit$$00000004)
    __user_initial_stackheap                 0x000002dd   Thumb Code     0  startup_rvmdk.o(.text)
    __use_two_region_memory                  0x000002f5   Thumb Code     2  heapauxi.o(.text)
    __rt_heap_escrow$2region                 0x000002f7   Thumb Code     2  heapauxi.o(.text)
    __rt_heap_expand$2region                 0x000002f9   Thumb Code     2  heapauxi.o(.text)
    __user_setup_stackheap                   0x000002fb   Thumb Code    74  sys_stackheap_outer.o(.text)
    exit                                     0x00000345   Thumb Code    18  exit.o(.text)
    __user_libspace                          0x00000359   Thumb Code     8  libspace.o(.text)
    __user_perproc_libspace                  0x00000359   Thumb Code     0  libspace.o(.text)
    __user_perthread_libspace                0x00000359   Thumb Code     0  libspace.o(.text)
    _sys_exit                                0x00000361   Thumb Code     8  sys_exit.o(.text)
    __I$use$semihosting                      0x0000036d   Thumb Code     0  use_no_semi.o(.text)
    __use_no_semihosting_swi                 0x0000036d   Thumb Code     2  use_no_semi.o(.text)
    GPIODirModeSet                           0x0000036f   Thumb Code    40  gpio.o(i.GPIODirModeSet)
    __semihosting_library_function           0x0000036f   Thumb Code     0  indicate_semi.o(.text)
    GPIOPadConfigSet                         0x00000399   Thumb Code   354  gpio.o(i.GPIOPadConfigSet)
    GPIOPinConfigure                         0x00000509   Thumb Code    60  gpio.o(i.GPIOPinConfigure)
    GPIOPinRead                              0x0000054d   Thumb Code     6  gpio.o(i.GPIOPinRead)
    GPIOPinTypeGPIOInput                     0x00000553   Thumb Code    28  gpio.o(i.GPIOPinTypeGPIOInput)
    GPIOPinTypeGPIOOutput                    0x0000056f   Thumb Code    28  gpio.o(i.GPIOPinTypeGPIOOutput)
    GPIOPinTypeI2C                           0x0000058b   Thumb Code    28  gpio.o(i.GPIOPinTypeI2C)
    GPIOPinTypeI2CSCL                        0x000005a7   Thumb Code    28  gpio.o(i.GPIOPinTypeI2CSCL)
    GPIOPinTypePWM                           0x000005c3   Thumb Code    28  gpio.o(i.GPIOPinTypePWM)
    GPIOPinTypeUART                          0x000005df   Thumb Code    28  gpio.o(i.GPIOPinTypeUART)
    GPIOPinWrite                             0x000005fb   Thumb Code     6  gpio.o(i.GPIOPinWrite)
    I2C0_sendMultipleBytes                   0x00000601   Thumb Code   122  i2c_.o(i.I2C0_sendMultipleBytes)
    I2C7_sendMultipleBytes                   0x00000681   Thumb Code   122  i2c_.o(i.I2C7_sendMultipleBytes)
    I2CMasterBusy                            0x00000701   Thumb Code    12  i2c.o(i.I2CMasterBusy)
    I2CMasterControl                         0x0000070d   Thumb Code     4  i2c.o(i.I2CMasterControl)
    I2CMasterDataPut                         0x00000711   Thumb Code     4  i2c.o(i.I2CMasterDataPut)
    I2CMasterInitExpClk                      0x00000715   Thumb Code    72  i2c.o(i.I2CMasterInitExpClk)
    I2CMasterSlaveAddrSet                    0x00000769   Thumb Code     8  i2c.o(i.I2CMasterSlaveAddrSet)
    IntEnable                                0x00000771   Thumb Code    92  interrupt.o(i.IntEnable)
    IntRegister                              0x000007d5   Thumb Code    44  interrupt.o(i.IntRegister)
    OLED0_Init                               0x00000809   Thumb Code   178  ssd1306.o(i.OLED0_Init)
    OLED0_command                            0x000008bb   Thumb Code    26  ssd1306.o(i.OLED0_command)
    OLED0_data                               0x000008d5   Thumb Code    26  ssd1306.o(i.OLED0_data)
    OLED0_sendCharXY                         0x000008f5   Thumb Code    68  ssd1306.o(i.OLED0_sendCharXY)
    OLED0_sendStrXY                          0x0000093d   Thumb Code    38  ssd1306.o(i.OLED0_sendStrXY)
    OLED0_setXY                              0x00000963   Thumb Code    40  ssd1306.o(i.OLED0_setXY)
    OLED7_Init                               0x0000098b   Thumb Code   142  ssd1306.o(i.OLED7_Init)
    OLED7_clearDisplay                       0x00000a19   Thumb Code    42  ssd1306.o(i.OLED7_clearDisplay)
    OLED7_command                            0x00000a43   Thumb Code    26  ssd1306.o(i.OLED7_command)
    OLED7_send8BitNumber                     0x00000a5d   Thumb Code    60  ssd1306.o(i.OLED7_send8BitNumber)
    OLED7_sendChar                           0x00000a99   Thumb Code    26  ssd1306.o(i.OLED7_sendChar)
    OLED7_sendCharXYI                        0x00000ab9   Thumb Code   222  ssd1306.o(i.OLED7_sendCharXYI)
    OLED7_sendStrXYI                         0x00000b9d   Thumb Code    38  ssd1306.o(i.OLED7_sendStrXYI)
    OLED7_setXY                              0x00000bc3   Thumb Code    40  ssd1306.o(i.OLED7_setXY)
    PWMClockSet                              0x00000beb   Thumb Code    20  pwm.o(i.PWMClockSet)
    PWMGenConfigure                          0x00000bff   Thumb Code    38  pwm.o(i.PWMGenConfigure)
    PWMGenEnable                             0x00000c25   Thumb Code    10  pwm.o(i.PWMGenEnable)
    PWMGenPeriodSet                          0x00000c2f   Thumb Code    18  pwm.o(i.PWMGenPeriodSet)
    PWMOutputState                           0x00000c41   Thumb Code    16  pwm.o(i.PWMOutputState)
    PWMPulseWidthSet                         0x00000c51   Thumb Code    32  pwm.o(i.PWMPulseWidthSet)
    SSD1306_I2C0_UpdateScreen                0x00000c71   Thumb Code    64  ssd1306.o(i.SSD1306_I2C0_UpdateScreen)
    SSD1306_I2C0_cls                         0x00000cb5   Thumb Code    22  ssd1306.o(i.SSD1306_I2C0_cls)
    SysCtlClockFreqSet                       0x00000cd1   Thumb Code   706  sysctl.o(i.SysCtlClockFreqSet)
    SysCtlClockGet                           0x00000fbd   Thumb Code   304  sysctl.o(i.SysCtlClockGet)
    SysCtlPeripheralEnable                   0x00001111   Thumb Code    36  sysctl.o(i.SysCtlPeripheralEnable)
    SysCtlPeripheralReady                    0x00001139   Thumb Code    40  sysctl.o(i.SysCtlPeripheralReady)
    SysTickDisable                           0x00001165   Thumb Code    14  systick.o(i.SysTickDisable)
    SysTickEnable                            0x00001173   Thumb Code    14  systick.o(i.SysTickEnable)
    SysTickIntEnable                         0x00001181   Thumb Code    14  systick.o(i.SysTickIntEnable)
    SysTickIntRegister                       0x0000118f   Thumb Code    24  systick.o(i.SysTickIntRegister)
    SysTickPeriodSet                         0x000011a7   Thumb Code    10  systick.o(i.SysTickPeriodSet)
    UARTCharGetNonBlocking                   0x000011b1   Thumb Code    16  uart.o(i.UARTCharGetNonBlocking)
    UARTCharPut                              0x000011c1   Thumb Code    12  uart.o(i.UARTCharPut)
    UARTConfigSetExpClk                      0x000011cd   Thumb Code   110  uart.o(i.UARTConfigSetExpClk)
    UARTFIFODisable                          0x0000123b   Thumb Code    10  uart.o(i.UARTFIFODisable)
    UARTIntClear                             0x00001245   Thumb Code     4  uart.o(i.UARTIntClear)
    UARTIntEnable                            0x00001249   Thumb Code     8  uart.o(i.UARTIntEnable)
    UARTIntRegister                          0x00001251   Thumb Code    70  uart.o(i.UARTIntRegister)
    UARTIntStatus                            0x000012a9   Thumb Code    10  uart.o(i.UARTIntStatus)
    clock_setup                              0x000012b5   Thumb Code    20  clock.o(i.clock_setup)
    decoder                                  0x000012cd   Thumb Code   262  decoder.o(i.decoder)
    delay_ms                                 0x00001475   Thumb Code    24  sys_tick.o(i.delay_ms)
    delay_us                                 0x00001491   Thumb Code    42  sys_tick.o(i.delay_us)
    get_led0_status                          0x000014c1   Thumb Code    20  led.o(i.get_led0_status)
    get_led1_status                          0x000014d9   Thumb Code    20  led.o(i.get_led1_status)
    get_led2_status                          0x000014f1   Thumb Code    20  led.o(i.get_led2_status)
    get_leds_status                          0x00001509   Thumb Code    82  led.o(i.get_leds_status)
    gpio_setup                               0x00001565   Thumb Code   252  gpio.o(i.gpio_setup)
    i2c_setup                                0x00001691   Thumb Code    76  i2c_.o(i.i2c_setup)
    keyboard_scan                            0x000016e9   Thumb Code   134  keyboard.o(i.keyboard_scan)
    main                                     0x00001781   Thumb Code   250  main.o(i.main)
    pwm_setup                                0x000018dd   Thumb Code    78  pwm.o(i.pwm_setup)
    set_duty_cicle                           0x0000193d   Thumb Code    56  pwm.o(i.set_duty_cicle)
    set_led_duty_cycle                       0x00001981   Thumb Code    32  led.o(i.set_led_duty_cycle)
    sys_tick_interrupt_handler               0x000019a5   Thumb Code    12  sys_tick.o(i.sys_tick_interrupt_handler)
    sys_tick_setup                           0x000019b5   Thumb Code    38  sys_tick.o(i.sys_tick_setup)
    turn_off_led                             0x000019e9   Thumb Code    66  led.o(i.turn_off_led)
    turn_off_leds                            0x00001a35   Thumb Code    24  led.o(i.turn_off_leds)
    turn_on_led                              0x00001a4d   Thumb Code    66  led.o(i.turn_on_led)
    turn_on_leds                             0x00001a99   Thumb Code    24  led.o(i.turn_on_leds)
    uart_interruption_handler                0x00001ab1   Thumb Code    86  uart_.o(i.uart_interruption_handler)
    uart_print_string                        0x00001b19   Thumb Code    28  uart_.o(i.uart_print_string)
    uart_setup                               0x00001b39   Thumb Code   102  uart_.o(i.uart_setup)
    update_keyboard_buffer                   0x00001bb5   Thumb Code    38  keyboard.o(i.update_keyboard_buffer)
    _fp_init                                 0x00001be1   Thumb Code    10  fpinit.o(x$fpl$fpinit)
    __fplib_config_fpu_vfp                   0x00001be9   Thumb Code     0  fpinit.o(x$fpl$fpinit)
    __fplib_config_pureend_doubles           0x00001be9   Thumb Code     0  fpinit.o(x$fpl$fpinit)
    ASCII_font5x8                            0x00001bfc   Data         480  ssd1306.o(.constdata)
    Region$$Table$$Base                      0x000023e4   Number         0  anon$$obj.o(Region$$Table)
    Region$$Table$$Limit                     0x00002404   Number         0  anon$$obj.o(Region$$Table)
    current_duty_cycle_pct                   0x20000000   Data           1  main.o(.data)
    pwm_load_value                           0x20000004   Data           4  main.o(.data)
    received_command                         0x20000008   Data           1  main.o(.data)
    keyboard_buffer                          0x20000009   Data           2  main.o(.data)
    rx_buffer_counter                        0x2000000b   Data           1  main.o(.data)
    rx_buffer                                0x2000000c   Data           5  main.o(.data)
    sys_clock                                0x20000014   Data           4  main.o(.data)
    sys_tick                                 0x20000018   Data           4  main.o(.data)
    SSD1306_Buffer                           0x2000066c   Data        1024  ssd1306.o(.bss)
    __libspace_start                         0x20000a6c   Data          96  libspace.o(.bss)
    __temporary_stack_top$libspace           0x20000acc   Data           0  libspace.o(.bss)



==============================================================================

Memory Map of the image

  Image Entry point : 0x00000201

  Load Region LR_1 (Base: 0x00000000, Size: 0x00002a70, Max: 0xffffffff, ABSOLUTE, COMPRESSED[0x00002418])

    Execution Region ER_RO (Exec base: 0x00000000, Load base: 0x00000000, Size: 0x00002404, Max: 0xffffffff, ABSOLUTE)

    Exec Addr    Load Addr    Size         Type   Attr      Idx    E Section Name        Object

    0x00000000   0x00000000   0x0000021c   Code   RO          171  * RESET               startup_rvmdk.o
    0x0000021c   0x0000021c   0x00000008   Code   RO         2286  * !!!main             c_w.l(__main.o)
    0x00000224   0x00000224   0x00000034   Code   RO         2447    !!!scatter          c_w.l(__scatter.o)
    0x00000258   0x00000258   0x0000003a   Code   RO         2445    !!dczerorl          c_w.l(__dczerorl.o)
    0x00000292   0x00000292   0x00000002   PAD
    0x00000294   0x00000294   0x0000001c   Code   RO         2449    !!handler_zi        c_w.l(__scatter_zi.o)
    0x000002b0   0x000002b0   0x00000002   Code   RO         2313    .ARM.Collect$$libinit$$00000000  c_w.l(libinit.o)
    0x000002b2   0x000002b2   0x00000004   Code   RO         2319    .ARM.Collect$$libinit$$00000001  c_w.l(libinit2.o)
    0x000002b6   0x000002b6   0x00000000   Code   RO         2322    .ARM.Collect$$libinit$$00000004  c_w.l(libinit2.o)
    0x000002b6   0x000002b6   0x00000000   Code   RO         2325    .ARM.Collect$$libinit$$0000000A  c_w.l(libinit2.o)
    0x000002b6   0x000002b6   0x00000000   Code   RO         2327    .ARM.Collect$$libinit$$0000000C  c_w.l(libinit2.o)
    0x000002b6   0x000002b6   0x00000000   Code   RO         2329    .ARM.Collect$$libinit$$0000000E  c_w.l(libinit2.o)
    0x000002b6   0x000002b6   0x00000000   Code   RO         2332    .ARM.Collect$$libinit$$00000011  c_w.l(libinit2.o)
    0x000002b6   0x000002b6   0x00000000   Code   RO         2334    .ARM.Collect$$libinit$$00000013  c_w.l(libinit2.o)
    0x000002b6   0x000002b6   0x00000000   Code   RO         2336    .ARM.Collect$$libinit$$00000015  c_w.l(libinit2.o)
    0x000002b6   0x000002b6   0x00000000   Code   RO         2338    .ARM.Collect$$libinit$$00000017  c_w.l(libinit2.o)
    0x000002b6   0x000002b6   0x00000000   Code   RO         2340    .ARM.Collect$$libinit$$00000019  c_w.l(libinit2.o)
    0x000002b6   0x000002b6   0x00000000   Code   RO         2342    .ARM.Collect$$libinit$$0000001B  c_w.l(libinit2.o)
    0x000002b6   0x000002b6   0x00000000   Code   RO         2344    .ARM.Collect$$libinit$$0000001D  c_w.l(libinit2.o)
    0x000002b6   0x000002b6   0x00000000   Code   RO         2346    .ARM.Collect$$libinit$$0000001F  c_w.l(libinit2.o)
    0x000002b6   0x000002b6   0x00000000   Code   RO         2348    .ARM.Collect$$libinit$$00000021  c_w.l(libinit2.o)
    0x000002b6   0x000002b6   0x00000000   Code   RO         2350    .ARM.Collect$$libinit$$00000023  c_w.l(libinit2.o)
    0x000002b6   0x000002b6   0x00000000   Code   RO         2352    .ARM.Collect$$libinit$$00000025  c_w.l(libinit2.o)
    0x000002b6   0x000002b6   0x00000000   Code   RO         2356    .ARM.Collect$$libinit$$0000002C  c_w.l(libinit2.o)
    0x000002b6   0x000002b6   0x00000000   Code   RO         2358    .ARM.Collect$$libinit$$0000002E  c_w.l(libinit2.o)
    0x000002b6   0x000002b6   0x00000000   Code   RO         2360    .ARM.Collect$$libinit$$00000030  c_w.l(libinit2.o)
    0x000002b6   0x000002b6   0x00000000   Code   RO         2362    .ARM.Collect$$libinit$$00000032  c_w.l(libinit2.o)
    0x000002b6   0x000002b6   0x00000002   Code   RO         2363    .ARM.Collect$$libinit$$00000033  c_w.l(libinit2.o)
    0x000002b8   0x000002b8   0x00000002   Code   RO         2383    .ARM.Collect$$libshutdown$$00000000  c_w.l(libshutdown.o)
    0x000002ba   0x000002ba   0x00000000   Code   RO         2396    .ARM.Collect$$libshutdown$$00000002  c_w.l(libshutdown2.o)
    0x000002ba   0x000002ba   0x00000000   Code   RO         2398    .ARM.Collect$$libshutdown$$00000004  c_w.l(libshutdown2.o)
    0x000002ba   0x000002ba   0x00000000   Code   RO         2400    .ARM.Collect$$libshutdown$$00000006  c_w.l(libshutdown2.o)
    0x000002ba   0x000002ba   0x00000000   Code   RO         2403    .ARM.Collect$$libshutdown$$00000009  c_w.l(libshutdown2.o)
    0x000002ba   0x000002ba   0x00000000   Code   RO         2406    .ARM.Collect$$libshutdown$$0000000C  c_w.l(libshutdown2.o)
    0x000002ba   0x000002ba   0x00000000   Code   RO         2408    .ARM.Collect$$libshutdown$$0000000E  c_w.l(libshutdown2.o)
    0x000002ba   0x000002ba   0x00000000   Code   RO         2411    .ARM.Collect$$libshutdown$$00000011  c_w.l(libshutdown2.o)
    0x000002ba   0x000002ba   0x00000002   Code   RO         2412    .ARM.Collect$$libshutdown$$00000012  c_w.l(libshutdown2.o)
    0x000002bc   0x000002bc   0x00000000   Code   RO         2288    .ARM.Collect$$rtentry$$00000000  c_w.l(__rtentry.o)
    0x000002bc   0x000002bc   0x00000000   Code   RO         2290    .ARM.Collect$$rtentry$$00000002  c_w.l(__rtentry2.o)
    0x000002bc   0x000002bc   0x00000006   Code   RO         2302    .ARM.Collect$$rtentry$$00000004  c_w.l(__rtentry4.o)
    0x000002c2   0x000002c2   0x00000000   Code   RO         2292    .ARM.Collect$$rtentry$$00000009  c_w.l(__rtentry2.o)
    0x000002c2   0x000002c2   0x00000004   Code   RO         2293    .ARM.Collect$$rtentry$$0000000A  c_w.l(__rtentry2.o)
    0x000002c6   0x000002c6   0x00000000   Code   RO         2295    .ARM.Collect$$rtentry$$0000000C  c_w.l(__rtentry2.o)
    0x000002c6   0x000002c6   0x00000008   Code   RO         2296    .ARM.Collect$$rtentry$$0000000D  c_w.l(__rtentry2.o)
    0x000002ce   0x000002ce   0x00000002   Code   RO         2317    .ARM.Collect$$rtexit$$00000000  c_w.l(rtexit.o)
    0x000002d0   0x000002d0   0x00000000   Code   RO         2365    .ARM.Collect$$rtexit$$00000002  c_w.l(rtexit2.o)
    0x000002d0   0x000002d0   0x00000004   Code   RO         2366    .ARM.Collect$$rtexit$$00000003  c_w.l(rtexit2.o)
    0x000002d4   0x000002d4   0x00000006   Code   RO         2367    .ARM.Collect$$rtexit$$00000004  c_w.l(rtexit2.o)
    0x000002da   0x000002da   0x00000002   PAD
    0x000002dc   0x000002dc   0x00000018   Code   RO          172    .text               startup_rvmdk.o
    0x000002f4   0x000002f4   0x00000006   Code   RO         2284    .text               c_w.l(heapauxi.o)
    0x000002fa   0x000002fa   0x0000004a   Code   RO         2304    .text               c_w.l(sys_stackheap_outer.o)
    0x00000344   0x00000344   0x00000012   Code   RO         2306    .text               c_w.l(exit.o)
    0x00000356   0x00000356   0x00000002   PAD
    0x00000358   0x00000358   0x00000008   Code   RO         2314    .text               c_w.l(libspace.o)
    0x00000360   0x00000360   0x0000000c   Code   RO         2375    .text               c_w.l(sys_exit.o)
    0x0000036c   0x0000036c   0x00000002   Code   RO         2386    .text               c_w.l(use_no_semi.o)
    0x0000036e   0x0000036e   0x00000000   Code   RO         2388    .text               c_w.l(indicate_semi.o)
    0x0000036e   0x0000036e   0x00000028   Code   RO          554    i.GPIODirModeSet    driverlib.lib(gpio.o)
    0x00000396   0x00000396   0x00000002   PAD
    0x00000398   0x00000398   0x00000170   Code   RO          566    i.GPIOPadConfigSet  driverlib.lib(gpio.o)
    0x00000508   0x00000508   0x00000044   Code   RO          567    i.GPIOPinConfigure  driverlib.lib(gpio.o)
    0x0000054c   0x0000054c   0x00000006   Code   RO          568    i.GPIOPinRead       driverlib.lib(gpio.o)
    0x00000552   0x00000552   0x0000001c   Code   RO          577    i.GPIOPinTypeGPIOInput  driverlib.lib(gpio.o)
    0x0000056e   0x0000056e   0x0000001c   Code   RO          578    i.GPIOPinTypeGPIOOutput  driverlib.lib(gpio.o)
    0x0000058a   0x0000058a   0x0000001c   Code   RO          581    i.GPIOPinTypeI2C    driverlib.lib(gpio.o)
    0x000005a6   0x000005a6   0x0000001c   Code   RO          582    i.GPIOPinTypeI2CSCL  driverlib.lib(gpio.o)
    0x000005c2   0x000005c2   0x0000001c   Code   RO          585    i.GPIOPinTypePWM    driverlib.lib(gpio.o)
    0x000005de   0x000005de   0x0000001c   Code   RO          590    i.GPIOPinTypeUART   driverlib.lib(gpio.o)
    0x000005fa   0x000005fa   0x00000006   Code   RO          596    i.GPIOPinWrite      driverlib.lib(gpio.o)
    0x00000600   0x00000600   0x00000080   Code   RO          287    i.I2C0_sendMultipleBytes  i2c_.o
    0x00000680   0x00000680   0x00000080   Code   RO          289    i.I2C7_sendMultipleBytes  i2c_.o
    0x00000700   0x00000700   0x0000000c   Code   RO          891    i.I2CMasterBusy     driverlib.lib(i2c.o)
    0x0000070c   0x0000070c   0x00000004   Code   RO          892    i.I2CMasterControl  driverlib.lib(i2c.o)
    0x00000710   0x00000710   0x00000004   Code   RO          894    i.I2CMasterDataPut  driverlib.lib(i2c.o)
    0x00000714   0x00000714   0x00000054   Code   RO          899    i.I2CMasterInitExpClk  driverlib.lib(i2c.o)
    0x00000768   0x00000768   0x00000008   Code   RO          909    i.I2CMasterSlaveAddrSet  driverlib.lib(i2c.o)
    0x00000770   0x00000770   0x00000064   Code   RO         2173    i.IntEnable         driverlib.lib(interrupt.o)
    0x000007d4   0x000007d4   0x00000034   Code   RO         2185    i.IntRegister       driverlib.lib(interrupt.o)
    0x00000808   0x00000808   0x000000b2   Code   RO          323    i.OLED0_Init        ssd1306.o
    0x000008ba   0x000008ba   0x0000001a   Code   RO          325    i.OLED0_command     ssd1306.o
    0x000008d4   0x000008d4   0x00000020   Code   RO          326    i.OLED0_data        ssd1306.o
    0x000008f4   0x000008f4   0x00000048   Code   RO          331    i.OLED0_sendCharXY  ssd1306.o
    0x0000093c   0x0000093c   0x00000026   Code   RO          333    i.OLED0_sendStrXY   ssd1306.o
    0x00000962   0x00000962   0x00000028   Code   RO          337    i.OLED0_setXY       ssd1306.o
    0x0000098a   0x0000098a   0x0000008e   Code   RO          338    i.OLED7_Init        ssd1306.o
    0x00000a18   0x00000a18   0x0000002a   Code   RO          339    i.OLED7_clearDisplay  ssd1306.o
    0x00000a42   0x00000a42   0x0000001a   Code   RO          340    i.OLED7_command     ssd1306.o
    0x00000a5c   0x00000a5c   0x0000003c   Code   RO          345    i.OLED7_send8BitNumber  ssd1306.o
    0x00000a98   0x00000a98   0x00000020   Code   RO          346    i.OLED7_sendChar    ssd1306.o
    0x00000ab8   0x00000ab8   0x000000e4   Code   RO          348    i.OLED7_sendCharXYI  ssd1306.o
    0x00000b9c   0x00000b9c   0x00000026   Code   RO          350    i.OLED7_sendStrXYI  ssd1306.o
    0x00000bc2   0x00000bc2   0x00000028   Code   RO          353    i.OLED7_setXY       ssd1306.o
    0x00000bea   0x00000bea   0x00000014   Code   RO         1218    i.PWMClockSet       driverlib.lib(pwm.o)
    0x00000bfe   0x00000bfe   0x00000026   Code   RO         1225    i.PWMGenConfigure   driverlib.lib(pwm.o)
    0x00000c24   0x00000c24   0x0000000a   Code   RO         1227    i.PWMGenEnable      driverlib.lib(pwm.o)
    0x00000c2e   0x00000c2e   0x00000012   Code   RO         1240    i.PWMGenPeriodSet   driverlib.lib(pwm.o)
    0x00000c40   0x00000c40   0x00000010   Code   RO         1247    i.PWMOutputState    driverlib.lib(pwm.o)
    0x00000c50   0x00000c50   0x00000020   Code   RO         1250    i.PWMPulseWidthSet  driverlib.lib(pwm.o)
    0x00000c70   0x00000c70   0x00000044   Code   RO          356    i.SSD1306_I2C0_UpdateScreen  ssd1306.o
    0x00000cb4   0x00000cb4   0x0000001c   Code   RO          357    i.SSD1306_I2C0_cls  ssd1306.o
    0x00000cd0   0x00000cd0   0x000002ec   Code   RO         1452    i.SysCtlClockFreqSet  driverlib.lib(sysctl.o)
    0x00000fbc   0x00000fbc   0x00000154   Code   RO         1453    i.SysCtlClockGet    driverlib.lib(sysctl.o)
    0x00001110   0x00001110   0x00000028   Code   RO         1484    i.SysCtlPeripheralEnable  driverlib.lib(sysctl.o)
    0x00001138   0x00001138   0x0000002c   Code   RO         1488    i.SysCtlPeripheralReady  driverlib.lib(sysctl.o)
    0x00001164   0x00001164   0x0000000e   Code   RO         1804    i.SysTickDisable    driverlib.lib(systick.o)
    0x00001172   0x00001172   0x0000000e   Code   RO         1805    i.SysTickEnable     driverlib.lib(systick.o)
    0x00001180   0x00001180   0x0000000e   Code   RO         1807    i.SysTickIntEnable  driverlib.lib(systick.o)
    0x0000118e   0x0000118e   0x00000018   Code   RO         1808    i.SysTickIntRegister  driverlib.lib(systick.o)
    0x000011a6   0x000011a6   0x0000000a   Code   RO         1811    i.SysTickPeriodSet  driverlib.lib(systick.o)
    0x000011b0   0x000011b0   0x00000010   Code   RO         1874    i.UARTCharGetNonBlocking  driverlib.lib(uart.o)
    0x000011c0   0x000011c0   0x0000000c   Code   RO         1875    i.UARTCharPut       driverlib.lib(uart.o)
    0x000011cc   0x000011cc   0x0000006e   Code   RO         1881    i.UARTConfigSetExpClk  driverlib.lib(uart.o)
    0x0000123a   0x0000123a   0x0000000a   Code   RO         1888    i.UARTFIFODisable   driverlib.lib(uart.o)
    0x00001244   0x00001244   0x00000004   Code   RO         1894    i.UARTIntClear      driverlib.lib(uart.o)
    0x00001248   0x00001248   0x00000008   Code   RO         1896    i.UARTIntEnable     driverlib.lib(uart.o)
    0x00001250   0x00001250   0x00000058   Code   RO         1897    i.UARTIntRegister   driverlib.lib(uart.o)
    0x000012a8   0x000012a8   0x0000000a   Code   RO         1898    i.UARTIntStatus     driverlib.lib(uart.o)
    0x000012b2   0x000012b2   0x00000002   PAD
    0x000012b4   0x000012b4   0x00000018   Code   RO           81    i.clock_setup       clock.o
    0x000012cc   0x000012cc   0x000001a8   Code   RO          256    i.decoder           decoder.o
    0x00001474   0x00001474   0x0000001c   Code   RO          178    i.delay_ms          sys_tick.o
    0x00001490   0x00001490   0x00000030   Code   RO          179    i.delay_us          sys_tick.o
    0x000014c0   0x000014c0   0x00000018   Code   RO          109    i.get_led0_status   led.o
    0x000014d8   0x000014d8   0x00000018   Code   RO          110    i.get_led1_status   led.o
    0x000014f0   0x000014f0   0x00000018   Code   RO          111    i.get_led2_status   led.o
    0x00001508   0x00001508   0x0000005c   Code   RO          112    i.get_leds_status   led.o
    0x00001564   0x00001564   0x0000012c   Code   RO           97    i.gpio_setup        gpio.o
    0x00001690   0x00001690   0x00000058   Code   RO          291    i.i2c_setup         i2c_.o
    0x000016e8   0x000016e8   0x00000098   Code   RO          268    i.keyboard_scan     keyboard.o
    0x00001780   0x00001780   0x0000015c   Code   RO            1    i.main              main.o
    0x000018dc   0x000018dc   0x00000060   Code   RO          238    i.pwm_setup         pwm.o
    0x0000193c   0x0000193c   0x00000044   Code   RO          239    i.set_duty_cicle    pwm.o
    0x00001980   0x00001980   0x00000024   Code   RO          113    i.set_led_duty_cycle  led.o
    0x000019a4   0x000019a4   0x00000010   Code   RO          180    i.sys_tick_interrupt_handler  sys_tick.o
    0x000019b4   0x000019b4   0x00000034   Code   RO          181    i.sys_tick_setup    sys_tick.o
    0x000019e8   0x000019e8   0x0000004c   Code   RO          114    i.turn_off_led      led.o
    0x00001a34   0x00001a34   0x00000018   Code   RO          115    i.turn_off_leds     led.o
    0x00001a4c   0x00001a4c   0x0000004c   Code   RO          116    i.turn_on_led       led.o
    0x00001a98   0x00001a98   0x00000018   Code   RO          117    i.turn_on_leds      led.o
    0x00001ab0   0x00001ab0   0x00000068   Code   RO          208    i.uart_interruption_handler  uart_.o
    0x00001b18   0x00001b18   0x00000020   Code   RO          210    i.uart_print_string  uart_.o
    0x00001b38   0x00001b38   0x0000007c   Code   RO          211    i.uart_setup        uart_.o
    0x00001bb4   0x00001bb4   0x0000002c   Code   RO          269    i.update_keyboard_buffer  keyboard.o
    0x00001be0   0x00001be0   0x0000000a   Code   RO         2373    x$fpl$fpinit        fz_wm.l(fpinit.o)
    0x00001bea   0x00001bea   0x00000002   PAD
    0x00001bec   0x00001bec   0x00000010   Data   RO          270    .constdata          keyboard.o
    0x00001bfc   0x00001bfc   0x000001e0   Data   RO          359    .constdata          ssd1306.o
    0x00001ddc   0x00001ddc   0x00000228   Data   RO          599    .constdata          driverlib.lib(gpio.o)
    0x00002004   0x00002004   0x00000254   Data   RO         1506    .constdata          driverlib.lib(sysctl.o)
    0x00002258   0x00002258   0x00000080   Data   RO         1914    .constdata          driverlib.lib(uart.o)
    0x000022d8   0x000022d8   0x0000010c   Data   RO         2189    .constdata          driverlib.lib(interrupt.o)
    0x000023e4   0x000023e4   0x00000020   Data   RO         2443    Region$$Table       anon$$obj.o


    Execution Region ER_RW (Exec base: 0x20000000, Load base: 0x00002404, Size: 0x0000066c, Max: 0xffffffff, ABSOLUTE, COMPRESSED[0x00000014])

    Exec Addr    Load Addr    Size         Type   Attr      Idx    E Section Name        Object

    0x20000000   COMPRESSED   0x0000001c   Data   RW            2    .data               main.o
    0x2000001c   COMPRESSED   0x000003e4   PAD
    0x20000400   COMPRESSED   0x0000026c   Data   RW         2190    vtable              driverlib.lib(interrupt.o)


    Execution Region ER_ZI (Exec base: 0x2000066c, Load base: 0x00002418, Size: 0x00000664, Max: 0xffffffff, ABSOLUTE)

    Exec Addr    Load Addr    Size         Type   Attr      Idx    E Section Name        Object

    0x2000066c        -       0x00000400   Zero   RW          358    .bss                ssd1306.o
    0x20000a6c        -       0x00000060   Zero   RW         2315    .bss                c_w.l(libspace.o)
    0x20000acc   0x00002418   0x00000004   PAD
    0x20000ad0        -       0x00000000   Zero   RW          170    HEAP                startup_rvmdk.o
    0x20000ad0        -       0x00000200   Zero   RW          169    STACK               startup_rvmdk.o


==============================================================================

Image component sizes


      Code (inc. data)   RO Data    RW Data    ZI Data      Debug   Object Name

        24          4          0          0          0        498   clock.o
       424        162          0          0          0       1142   decoder.o
       300         48          0          0          0        577   gpio.o
       344         24          0          0          0       1894   i2c_.o
       196         24         16          0          0       1409   keyboard.o
       400         46          0          0          0       4681   led.o
       348         98          0         28          0       6599   main.o
       164         30          0          0          0       1073   pwm.o
      1090         32        480          0       1024      10482   ssd1306.o
       564        528          0          0        512        508   startup_rvmdk.o
       144         28          0          0          0       1944   sys_tick.o
       260         44          0          0          0       1625   uart_.o

    ----------------------------------------------------------------------
      4258       1068        528       1024       1536      32432   Object Totals
         0          0         32          0          0          0   (incl. Generated)
         0          0          0        996          0          0   (incl. Padding)

    ----------------------------------------------------------------------

      Code (inc. data)   RO Data    RW Data    ZI Data      Debug   Library Member Name

        58          0          0          0          0          0   __dczerorl.o
         8          0          0          0          0         68   __main.o
         0          0          0          0          0          0   __rtentry.o
        12          0          0          0          0          0   __rtentry2.o
         6          0          0          0          0          0   __rtentry4.o
        52          8          0          0          0          0   __scatter.o
        28          0          0          0          0          0   __scatter_zi.o
        18          0          0          0          0         80   exit.o
         6          0          0          0          0        152   heapauxi.o
         0          0          0          0          0          0   indicate_semi.o
         2          0          0          0          0          0   libinit.o
         6          0          0          0          0          0   libinit2.o
         2          0          0          0          0          0   libshutdown.o
         2          0          0          0          0          0   libshutdown2.o
         8          4          0          0         96         68   libspace.o
         2          0          0          0          0          0   rtexit.o
        10          0          0          0          0          0   rtexit2.o
        12          4          0          0          0         68   sys_exit.o
        74          0          0          0          0         80   sys_stackheap_outer.o
         2          0          0          0          0         68   use_no_semi.o
       656         22        552          0          0       7739   gpio.o
       112         12          0          0          0       3589   i2c.o
       152         16        268        620          0       2182   interrupt.o
       134          0          0          0          0       3273   pwm.o
      1172         86        596          0          0       6395   sysctl.o
        76          0          0          0          0       2296   systick.o
       258         18        128          0          0       5717   uart.o
        10          0          0          0          0        116   fpinit.o

    ----------------------------------------------------------------------
      2890        170       1544        620        100      31891   Library Totals
        12          0          0          0          4          0   (incl. Padding)

    ----------------------------------------------------------------------

      Code (inc. data)   RO Data    RW Data    ZI Data      Debug   Library Name

       308         16          0          0         96        584   c_w.l
      2560        154       1544        620          0      31191   driverlib.lib
        10          0          0          0          0        116   fz_wm.l

    ----------------------------------------------------------------------
      2890        170       1544        620        100      31891   Library Totals

    ----------------------------------------------------------------------

==============================================================================


      Code (inc. data)   RO Data    RW Data    ZI Data      Debug   

      7148       1238       2072       1644       1636      56867   Grand Totals
      7148       1238       2072         20       1636      56867   ELF Image Totals (compressed)
      7148       1238       2072         20          0          0   ROM Totals

==============================================================================

    Total RO  Size (Code + RO Data)                 9220 (   9.00kB)
    Total RW  Size (RW Data + ZI Data)              3280 (   3.20kB)
    Total ROM Size (Code + RO Data + RW Data)       9240 (   9.02kB)

==============================================================================

