Component: ARM Compiler 5.06 update 7 (build 960) Tool: armlink [4d3601]

==============================================================================

Section Cross References

    startup_rvmdk.o(STACK) refers (Special) to heapauxi.o(.text) for __use_two_region_memory
    startup_rvmdk.o(HEAP) refers (Special) to heapauxi.o(.text) for __use_two_region_memory
    startup_rvmdk.o(RESET) refers (Special) to heapauxi.o(.text) for __use_two_region_memory
    startup_rvmdk.o(RESET) refers to startup_rvmdk.o(STACK) for StackMem
    startup_rvmdk.o(RESET) refers to __main.o(!!!main) for __main
    startup_rvmdk.o(.text) refers (Special) to heapauxi.o(.text) for __use_two_region_memory
    startup_rvmdk.o(.text) refers to startup_rvmdk.o(HEAP) for HeapMem
    startup_rvmdk.o(.text) refers to startup_rvmdk.o(STACK) for StackMem
    main.o(i.main) refers to clock.o(i.clock_setup) for clock_setup
    main.o(i.main) refers to sys_tick.o(i.sys_tick_setup) for sys_tick_setup
    main.o(i.main) refers to gpio.o(i.gpio_setup) for gpio_setup
    main.o(i.main) refers to uart_.o(i.uart_setup) for uart_setup
    main.o(i.main) refers to uart_.o(i.uart_print_string) for uart_print_string
    main.o(i.main) refers to led.o(i.turn_off_led) for turn_off_led
    main.o(i.main) refers to led.o(i.turn_on_led) for turn_on_led
    main.o(i.main) refers to led.o(i.turn_off_leds) for turn_off_leds
    main.o(i.main) refers to led.o(i.turn_on_leds) for turn_on_leds
    main.o(i.main) refers to led.o(i.get_leds_status) for get_leds_status
    main.o(i.main) refers to main.o(.data) for received_command
    gpio.o(i.gpio_setup) refers to sysctl.o(i.SysCtlPeripheralEnable) for SysCtlPeripheralEnable
    gpio.o(i.gpio_setup) refers to sysctl.o(i.SysCtlPeripheralReady) for SysCtlPeripheralReady
    gpio.o(i.gpio_setup) refers to gpio.o(i.GPIOPinTypeGPIOOutput) for GPIOPinTypeGPIOOutput
    sys_tick.o(i.delay_ms) refers to sys_tick.o(i.delay_us) for delay_us
    sys_tick.o(i.delay_us) refers to main.o(.data) for sys_tick
    sys_tick.o(i.sys_tick_interrupt_handler) refers to main.o(.data) for sys_tick
    sys_tick.o(i.sys_tick_setup) refers to systick.o(i.SysTickDisable) for SysTickDisable
    sys_tick.o(i.sys_tick_setup) refers to systick.o(i.SysTickPeriodSet) for SysTickPeriodSet
    sys_tick.o(i.sys_tick_setup) refers to systick.o(i.SysTickIntRegister) for SysTickIntRegister
    sys_tick.o(i.sys_tick_setup) refers to systick.o(i.SysTickIntEnable) for SysTickIntEnable
    sys_tick.o(i.sys_tick_setup) refers to systick.o(i.SysTickEnable) for SysTickEnable
    sys_tick.o(i.sys_tick_setup) refers to main.o(.data) for sys_clock
    sys_tick.o(i.sys_tick_setup) refers to sys_tick.o(i.sys_tick_interrupt_handler) for sys_tick_interrupt_handler
    uart_.o(i.uart_interruption_handler) refers to uart.o(i.UARTIntStatus) for UARTIntStatus
    uart_.o(i.uart_interruption_handler) refers to uart.o(i.UARTIntClear) for UARTIntClear
    uart_.o(i.uart_interruption_handler) refers to uart.o(i.UARTCharGetNonBlocking) for UARTCharGetNonBlocking
    uart_.o(i.uart_interruption_handler) refers to main.o(.data) for rx_buffer_counter
    uart_.o(i.uart_print_char) refers to uart.o(i.UARTCharPut) for UARTCharPut
    uart_.o(i.uart_print_string) refers to uart.o(i.UARTCharPut) for UARTCharPut
    uart_.o(i.uart_setup) refers to sysctl.o(i.SysCtlPeripheralEnable) for SysCtlPeripheralEnable
    uart_.o(i.uart_setup) refers to sysctl.o(i.SysCtlPeripheralReady) for SysCtlPeripheralReady
    uart_.o(i.uart_setup) refers to uart.o(i.UARTConfigSetExpClk) for UARTConfigSetExpClk
    uart_.o(i.uart_setup) refers to uart.o(i.UARTFIFODisable) for UARTFIFODisable
    uart_.o(i.uart_setup) refers to uart.o(i.UARTIntEnable) for UARTIntEnable
    uart_.o(i.uart_setup) refers to uart.o(i.UARTIntRegister) for UARTIntRegister
    uart_.o(i.uart_setup) refers to gpio.o(i.GPIOPinConfigure) for GPIOPinConfigure
    uart_.o(i.uart_setup) refers to gpio.o(i.GPIOPinTypeUART) for GPIOPinTypeUART
    uart_.o(i.uart_setup) refers to main.o(.data) for sys_clock
    uart_.o(i.uart_setup) refers to uart_.o(i.uart_interruption_handler) for uart_interruption_handler
    clock.o(i.clock_setup) refers to sysctl.o(i.SysCtlClockFreqSet) for SysCtlClockFreqSet
    clock.o(i.clock_setup) refers to main.o(.data) for sys_clock
    led.o(i.get_leds_status) refers to gpio.o(i.GPIOPinRead) for GPIOPinRead
    led.o(i.turn_off_led) refers to gpio.o(i.GPIOPinWrite) for GPIOPinWrite
    led.o(i.turn_off_leds) refers to led.o(i.turn_off_led) for turn_off_led
    led.o(i.turn_on_led) refers to gpio.o(i.GPIOPinWrite) for GPIOPinWrite
    led.o(i.turn_on_leds) refers to led.o(i.turn_on_led) for turn_on_led
    gpio.o(i.GPIOIntRegister) refers to gpio.o(i._GPIOIntNumberGet) for _GPIOIntNumberGet
    gpio.o(i.GPIOIntRegister) refers to interrupt.o(i.IntRegister) for IntRegister
    gpio.o(i.GPIOIntRegister) refers to interrupt.o(i.IntEnable) for IntEnable
    gpio.o(i.GPIOIntRegisterPin) refers to gpio.o(i._GPIOIntNumberGet) for _GPIOIntNumberGet
    gpio.o(i.GPIOIntRegisterPin) refers to interrupt.o(i.IntRegister) for IntRegister
    gpio.o(i.GPIOIntRegisterPin) refers to interrupt.o(i.IntEnable) for IntEnable
    gpio.o(i.GPIOIntUnregister) refers to gpio.o(i._GPIOIntNumberGet) for _GPIOIntNumberGet
    gpio.o(i.GPIOIntUnregister) refers to interrupt.o(i.IntDisable) for IntDisable
    gpio.o(i.GPIOIntUnregister) refers to interrupt.o(i.IntUnregister) for IntUnregister
    gpio.o(i.GPIOIntUnregisterPin) refers to gpio.o(i._GPIOIntNumberGet) for _GPIOIntNumberGet
    gpio.o(i.GPIOIntUnregisterPin) refers to interrupt.o(i.IntDisable) for IntDisable
    gpio.o(i.GPIOIntUnregisterPin) refers to interrupt.o(i.IntUnregister) for IntUnregister
    gpio.o(i.GPIOPinConfigure) refers to gpio.o(.constdata) for .constdata
    gpio.o(i.GPIOPinTypeADC) refers to gpio.o(i.GPIODirModeSet) for GPIODirModeSet
    gpio.o(i.GPIOPinTypeADC) refers to gpio.o(i.GPIOPadConfigSet) for GPIOPadConfigSet
    gpio.o(i.GPIOPinTypeCAN) refers to gpio.o(i.GPIODirModeSet) for GPIODirModeSet
    gpio.o(i.GPIOPinTypeCAN) refers to gpio.o(i.GPIOPadConfigSet) for GPIOPadConfigSet
    gpio.o(i.GPIOPinTypeComparator) refers to gpio.o(i.GPIODirModeSet) for GPIODirModeSet
    gpio.o(i.GPIOPinTypeComparator) refers to gpio.o(i.GPIOPadConfigSet) for GPIOPadConfigSet
    gpio.o(i.GPIOPinTypeComparatorOutput) refers to gpio.o(i.GPIODirModeSet) for GPIODirModeSet
    gpio.o(i.GPIOPinTypeComparatorOutput) refers to gpio.o(i.GPIOPadConfigSet) for GPIOPadConfigSet
    gpio.o(i.GPIOPinTypeDIVSCLK) refers to gpio.o(i.GPIODirModeSet) for GPIODirModeSet
    gpio.o(i.GPIOPinTypeDIVSCLK) refers to gpio.o(i.GPIOPadConfigSet) for GPIOPadConfigSet
    gpio.o(i.GPIOPinTypeEPI) refers to gpio.o(i.GPIODirModeSet) for GPIODirModeSet
    gpio.o(i.GPIOPinTypeEPI) refers to gpio.o(i.GPIOPadConfigSet) for GPIOPadConfigSet
    gpio.o(i.GPIOPinTypeEthernetLED) refers to gpio.o(i.GPIODirModeSet) for GPIODirModeSet
    gpio.o(i.GPIOPinTypeEthernetLED) refers to gpio.o(i.GPIOPadConfigSet) for GPIOPadConfigSet
    gpio.o(i.GPIOPinTypeEthernetMII) refers to gpio.o(i.GPIODirModeSet) for GPIODirModeSet
    gpio.o(i.GPIOPinTypeEthernetMII) refers to gpio.o(i.GPIOPadConfigSet) for GPIOPadConfigSet
    gpio.o(i.GPIOPinTypeGPIOInput) refers to gpio.o(i.GPIODirModeSet) for GPIODirModeSet
    gpio.o(i.GPIOPinTypeGPIOInput) refers to gpio.o(i.GPIOPadConfigSet) for GPIOPadConfigSet
    gpio.o(i.GPIOPinTypeGPIOOutput) refers to gpio.o(i.GPIOPadConfigSet) for GPIOPadConfigSet
    gpio.o(i.GPIOPinTypeGPIOOutput) refers to gpio.o(i.GPIODirModeSet) for GPIODirModeSet
    gpio.o(i.GPIOPinTypeGPIOOutputOD) refers to gpio.o(i.GPIOPadConfigSet) for GPIOPadConfigSet
    gpio.o(i.GPIOPinTypeGPIOOutputOD) refers to gpio.o(i.GPIODirModeSet) for GPIODirModeSet
    gpio.o(i.GPIOPinTypeHibernateRTCCLK) refers to gpio.o(i.GPIODirModeSet) for GPIODirModeSet
    gpio.o(i.GPIOPinTypeHibernateRTCCLK) refers to gpio.o(i.GPIOPadConfigSet) for GPIOPadConfigSet
    gpio.o(i.GPIOPinTypeI2C) refers to gpio.o(i.GPIODirModeSet) for GPIODirModeSet
    gpio.o(i.GPIOPinTypeI2C) refers to gpio.o(i.GPIOPadConfigSet) for GPIOPadConfigSet
    gpio.o(i.GPIOPinTypeI2CSCL) refers to gpio.o(i.GPIODirModeSet) for GPIODirModeSet
    gpio.o(i.GPIOPinTypeI2CSCL) refers to gpio.o(i.GPIOPadConfigSet) for GPIOPadConfigSet
    gpio.o(i.GPIOPinTypeLCD) refers to gpio.o(i.GPIODirModeSet) for GPIODirModeSet
    gpio.o(i.GPIOPinTypeLCD) refers to gpio.o(i.GPIOPadConfigSet) for GPIOPadConfigSet
    gpio.o(i.GPIOPinTypeOneWire) refers to gpio.o(i.GPIODirModeSet) for GPIODirModeSet
    gpio.o(i.GPIOPinTypeOneWire) refers to gpio.o(i.GPIOPadConfigSet) for GPIOPadConfigSet
    gpio.o(i.GPIOPinTypePWM) refers to gpio.o(i.GPIODirModeSet) for GPIODirModeSet
    gpio.o(i.GPIOPinTypePWM) refers to gpio.o(i.GPIOPadConfigSet) for GPIOPadConfigSet
    gpio.o(i.GPIOPinTypeQEI) refers to gpio.o(i.GPIODirModeSet) for GPIODirModeSet
    gpio.o(i.GPIOPinTypeQEI) refers to gpio.o(i.GPIOPadConfigSet) for GPIOPadConfigSet
    gpio.o(i.GPIOPinTypeSSI) refers to gpio.o(i.GPIODirModeSet) for GPIODirModeSet
    gpio.o(i.GPIOPinTypeSSI) refers to gpio.o(i.GPIOPadConfigSet) for GPIOPadConfigSet
    gpio.o(i.GPIOPinTypeTimer) refers to gpio.o(i.GPIODirModeSet) for GPIODirModeSet
    gpio.o(i.GPIOPinTypeTimer) refers to gpio.o(i.GPIOPadConfigSet) for GPIOPadConfigSet
    gpio.o(i.GPIOPinTypeTrace) refers to gpio.o(i.GPIODirModeSet) for GPIODirModeSet
    gpio.o(i.GPIOPinTypeTrace) refers to gpio.o(i.GPIOPadConfigSet) for GPIOPadConfigSet
    gpio.o(i.GPIOPinTypeUART) refers to gpio.o(i.GPIODirModeSet) for GPIODirModeSet
    gpio.o(i.GPIOPinTypeUART) refers to gpio.o(i.GPIOPadConfigSet) for GPIOPadConfigSet
    gpio.o(i.GPIOPinTypeUSBAnalog) refers to gpio.o(i.GPIODirModeSet) for GPIODirModeSet
    gpio.o(i.GPIOPinTypeUSBAnalog) refers to gpio.o(i.GPIOPadConfigSet) for GPIOPadConfigSet
    gpio.o(i.GPIOPinTypeUSBDigital) refers to gpio.o(i.GPIODirModeSet) for GPIODirModeSet
    gpio.o(i.GPIOPinTypeUSBDigital) refers to gpio.o(i.GPIOPadConfigSet) for GPIOPadConfigSet
    gpio.o(i.GPIOPinTypeWakeHigh) refers to gpio.o(i.GPIODirModeSet) for GPIODirModeSet
    gpio.o(i.GPIOPinTypeWakeHigh) refers to gpio.o(i.GPIOPadConfigSet) for GPIOPadConfigSet
    gpio.o(i.GPIOPinTypeWakeLow) refers to gpio.o(i.GPIODirModeSet) for GPIODirModeSet
    gpio.o(i.GPIOPinTypeWakeLow) refers to gpio.o(i.GPIOPadConfigSet) for GPIOPadConfigSet
    gpio.o(i._GPIOIntNumberGet) refers to gpio.o(.constdata) for .constdata
    sysctl.o(i.SysCtlClockFreqSet) refers to sysctl.o(.constdata) for .constdata
    sysctl.o(i.SysCtlClockGet) refers to sysctl.o(.constdata) for .constdata
    sysctl.o(i.SysCtlClockSet) refers to sysctl.o(.emb_text) for SysCtlDelay
    sysctl.o(i.SysCtlDeepSleep) refers to cpu.o(.emb_text) for CPUwfi
    sysctl.o(i.SysCtlIntRegister) refers to interrupt.o(i.IntRegister) for IntRegister
    sysctl.o(i.SysCtlIntRegister) refers to interrupt.o(i.IntEnable) for IntEnable
    sysctl.o(i.SysCtlIntUnregister) refers to interrupt.o(i.IntDisable) for IntDisable
    sysctl.o(i.SysCtlIntUnregister) refers to interrupt.o(i.IntUnregister) for IntUnregister
    sysctl.o(i.SysCtlSleep) refers to cpu.o(.emb_text) for CPUwfi
    sysctl.o(i.SysCtlVCOGet) refers to sysctl.o(.constdata) for .constdata
    systick.o(i.SysTickIntRegister) refers to interrupt.o(i.IntRegister) for IntRegister
    systick.o(i.SysTickIntUnregister) refers to interrupt.o(i.IntUnregister) for IntUnregister
    uart.o(i.UARTIntRegister) refers to interrupt.o(i.IntRegister) for IntRegister
    uart.o(i.UARTIntRegister) refers to interrupt.o(i.IntEnable) for IntEnable
    uart.o(i.UARTIntRegister) refers to uart.o(.constdata) for .constdata
    uart.o(i.UARTIntUnregister) refers to interrupt.o(i.IntDisable) for IntDisable
    uart.o(i.UARTIntUnregister) refers to interrupt.o(i.IntUnregister) for IntUnregister
    uart.o(i.UARTIntUnregister) refers to uart.o(.constdata) for .constdata
    interrupt.o(i.IntDisable) refers to interrupt.o(.constdata) for .constdata
    interrupt.o(i.IntEnable) refers to interrupt.o(.constdata) for .constdata
    interrupt.o(i.IntIsEnabled) refers to interrupt.o(.constdata) for .constdata
    interrupt.o(i.IntMasterDisable) refers to cpu.o(.emb_text) for CPUcpsid
    interrupt.o(i.IntMasterEnable) refers to cpu.o(.emb_text) for CPUcpsie
    interrupt.o(i.IntPendClear) refers to interrupt.o(.constdata) for .constdata
    interrupt.o(i.IntPendSet) refers to interrupt.o(.constdata) for .constdata
    interrupt.o(i.IntPriorityGet) refers to interrupt.o(.constdata) for .constdata
    interrupt.o(i.IntPriorityGroupingGet) refers to interrupt.o(.constdata) for .constdata
    interrupt.o(i.IntPriorityGroupingSet) refers to interrupt.o(.constdata) for .constdata
    interrupt.o(i.IntPriorityMaskGet) refers to cpu.o(.emb_text) for CPUbasepriGet
    interrupt.o(i.IntPriorityMaskSet) refers to cpu.o(.emb_text) for CPUbasepriSet
    interrupt.o(i.IntPrioritySet) refers to interrupt.o(.constdata) for .constdata
    interrupt.o(i.IntRegister) refers to interrupt.o(vtable) for vtable
    interrupt.o(i.IntUnregister) refers to interrupt.o(i._IntDefaultHandler) for _IntDefaultHandler
    interrupt.o(i.IntUnregister) refers to interrupt.o(vtable) for vtable
    __main.o(!!!main) refers to __rtentry.o(.ARM.Collect$$rtentry$$00000000) for __rt_entry
    __rtentry.o(.ARM.Collect$$rtentry$$00000000) refers (Special) to __rtentry2.o(.ARM.Collect$$rtentry$$0000000A) for __rt_entry_li
    __rtentry.o(.ARM.Collect$$rtentry$$00000000) refers (Special) to __rtentry2.o(.ARM.Collect$$rtentry$$0000000D) for __rt_entry_main
    __rtentry.o(.ARM.Collect$$rtentry$$00000000) refers (Special) to __rtentry2.o(.ARM.Collect$$rtentry$$0000000C) for __rt_entry_postli_1
    __rtentry.o(.ARM.Collect$$rtentry$$00000000) refers (Special) to __rtentry2.o(.ARM.Collect$$rtentry$$00000009) for __rt_entry_postsh_1
    __rtentry.o(.ARM.Collect$$rtentry$$00000000) refers (Special) to __rtentry2.o(.ARM.Collect$$rtentry$$00000002) for __rt_entry_presh_1
    __rtentry.o(.ARM.Collect$$rtentry$$00000000) refers (Special) to __rtentry4.o(.ARM.Collect$$rtentry$$00000004) for __rt_entry_sh
    __rtentry2.o(.ARM.Collect$$rtentry$$00000008) refers to boardinit2.o(.text) for _platform_post_stackheap_init
    __rtentry2.o(.ARM.Collect$$rtentry$$0000000A) refers to libinit.o(.ARM.Collect$$libinit$$00000000) for __rt_lib_init
    __rtentry2.o(.ARM.Collect$$rtentry$$0000000B) refers to boardinit3.o(.text) for _platform_post_lib_init
    __rtentry2.o(.ARM.Collect$$rtentry$$0000000D) refers to main.o(i.main) for main
    __rtentry2.o(.ARM.Collect$$rtentry$$0000000D) refers to exit.o(.text) for exit
    __rtentry2.o(.ARM.exidx) refers to __rtentry2.o(.ARM.Collect$$rtentry$$00000001) for .ARM.Collect$$rtentry$$00000001
    __rtentry2.o(.ARM.exidx) refers to __rtentry2.o(.ARM.Collect$$rtentry$$00000008) for .ARM.Collect$$rtentry$$00000008
    __rtentry2.o(.ARM.exidx) refers to __rtentry2.o(.ARM.Collect$$rtentry$$0000000A) for .ARM.Collect$$rtentry$$0000000A
    __rtentry2.o(.ARM.exidx) refers to __rtentry2.o(.ARM.Collect$$rtentry$$0000000B) for .ARM.Collect$$rtentry$$0000000B
    __rtentry2.o(.ARM.exidx) refers to __rtentry2.o(.ARM.Collect$$rtentry$$0000000D) for .ARM.Collect$$rtentry$$0000000D
    __rtentry4.o(.ARM.Collect$$rtentry$$00000004) refers to sys_stackheap_outer.o(.text) for __user_setup_stackheap
    __rtentry4.o(.ARM.exidx) refers to __rtentry4.o(.ARM.Collect$$rtentry$$00000004) for .ARM.Collect$$rtentry$$00000004
    sys_stackheap_outer.o(.text) refers to libspace.o(.text) for __user_perproc_libspace
    sys_stackheap_outer.o(.text) refers to startup_rvmdk.o(.text) for __user_initial_stackheap
    exit.o(.text) refers to rtexit.o(.ARM.Collect$$rtexit$$00000000) for __rt_exit
    libinit.o(.ARM.Collect$$libinit$$00000000) refers (Special) to libinit2.o(.ARM.Collect$$libinit$$0000002E) for __rt_lib_init_alloca_1
    libinit.o(.ARM.Collect$$libinit$$00000000) refers (Special) to libinit2.o(.ARM.Collect$$libinit$$0000002C) for __rt_lib_init_argv_1
    libinit.o(.ARM.Collect$$libinit$$00000000) refers (Special) to libinit2.o(.ARM.Collect$$libinit$$0000001B) for __rt_lib_init_atexit_1
    libinit.o(.ARM.Collect$$libinit$$00000000) refers (Special) to libinit2.o(.ARM.Collect$$libinit$$00000021) for __rt_lib_init_clock_1
    libinit.o(.ARM.Collect$$libinit$$00000000) refers (Special) to libinit2.o(.ARM.Collect$$libinit$$00000032) for __rt_lib_init_cpp_1
    libinit.o(.ARM.Collect$$libinit$$00000000) refers (Special) to libinit2.o(.ARM.Collect$$libinit$$00000030) for __rt_lib_init_exceptions_1
    libinit.o(.ARM.Collect$$libinit$$00000000) refers (Special) to libinit2.o(.ARM.Collect$$libinit$$00000001) for __rt_lib_init_fp_1
    libinit.o(.ARM.Collect$$libinit$$00000000) refers (Special) to libinit2.o(.ARM.Collect$$libinit$$0000001F) for __rt_lib_init_fp_trap_1
    libinit.o(.ARM.Collect$$libinit$$00000000) refers (Special) to libinit2.o(.ARM.Collect$$libinit$$00000023) for __rt_lib_init_getenv_1
    libinit.o(.ARM.Collect$$libinit$$00000000) refers (Special) to libinit2.o(.ARM.Collect$$libinit$$0000000A) for __rt_lib_init_heap_1
    libinit.o(.ARM.Collect$$libinit$$00000000) refers (Special) to libinit2.o(.ARM.Collect$$libinit$$00000011) for __rt_lib_init_lc_collate_1
    libinit.o(.ARM.Collect$$libinit$$00000000) refers (Special) to libinit2.o(.ARM.Collect$$libinit$$00000013) for __rt_lib_init_lc_ctype_1
    libinit.o(.ARM.Collect$$libinit$$00000000) refers (Special) to libinit2.o(.ARM.Collect$$libinit$$00000015) for __rt_lib_init_lc_monetary_1
    libinit.o(.ARM.Collect$$libinit$$00000000) refers (Special) to libinit2.o(.ARM.Collect$$libinit$$00000017) for __rt_lib_init_lc_numeric_1
    libinit.o(.ARM.Collect$$libinit$$00000000) refers (Special) to libinit2.o(.ARM.Collect$$libinit$$00000019) for __rt_lib_init_lc_time_1
    libinit.o(.ARM.Collect$$libinit$$00000000) refers (Special) to libinit2.o(.ARM.Collect$$libinit$$00000004) for __rt_lib_init_preinit_1
    libinit.o(.ARM.Collect$$libinit$$00000000) refers (Special) to libinit2.o(.ARM.Collect$$libinit$$0000000E) for __rt_lib_init_rand_1
    libinit.o(.ARM.Collect$$libinit$$00000000) refers (Special) to libinit2.o(.ARM.Collect$$libinit$$00000033) for __rt_lib_init_return
    libinit.o(.ARM.Collect$$libinit$$00000000) refers (Special) to libinit2.o(.ARM.Collect$$libinit$$0000001D) for __rt_lib_init_signal_1
    libinit.o(.ARM.Collect$$libinit$$00000000) refers (Special) to libinit2.o(.ARM.Collect$$libinit$$00000025) for __rt_lib_init_stdio_1
    libinit.o(.ARM.Collect$$libinit$$00000000) refers (Special) to libinit2.o(.ARM.Collect$$libinit$$0000000C) for __rt_lib_init_user_alloc_1
    libspace.o(.text) refers to libspace.o(.bss) for __libspace_start
    rtexit.o(.ARM.Collect$$rtexit$$00000000) refers (Special) to rtexit2.o(.ARM.Collect$$rtexit$$00000004) for __rt_exit_exit
    rtexit.o(.ARM.Collect$$rtexit$$00000000) refers (Special) to rtexit2.o(.ARM.Collect$$rtexit$$00000003) for __rt_exit_ls
    rtexit.o(.ARM.Collect$$rtexit$$00000000) refers (Special) to rtexit2.o(.ARM.Collect$$rtexit$$00000002) for __rt_exit_prels_1
    rtexit.o(.ARM.exidx) refers (Special) to rtexit2.o(.ARM.Collect$$rtexit$$00000004) for __rt_exit_exit
    rtexit.o(.ARM.exidx) refers (Special) to rtexit2.o(.ARM.Collect$$rtexit$$00000003) for __rt_exit_ls
    rtexit.o(.ARM.exidx) refers (Special) to rtexit2.o(.ARM.Collect$$rtexit$$00000002) for __rt_exit_prels_1
    rtexit.o(.ARM.exidx) refers to rtexit.o(.ARM.Collect$$rtexit$$00000000) for .ARM.Collect$$rtexit$$00000000
    libinit2.o(.ARM.Collect$$libinit$$00000001) refers to fpinit.o(x$fpl$fpinit) for _fp_init
    libinit2.o(.ARM.Collect$$libinit$$00000010) refers to libinit2.o(.ARM.Collect$$libinit$$0000000F) for .ARM.Collect$$libinit$$0000000F
    libinit2.o(.ARM.Collect$$libinit$$00000012) refers to libinit2.o(.ARM.Collect$$libinit$$0000000F) for .ARM.Collect$$libinit$$0000000F
    libinit2.o(.ARM.Collect$$libinit$$00000014) refers to libinit2.o(.ARM.Collect$$libinit$$0000000F) for .ARM.Collect$$libinit$$0000000F
    libinit2.o(.ARM.Collect$$libinit$$00000016) refers to libinit2.o(.ARM.Collect$$libinit$$0000000F) for .ARM.Collect$$libinit$$0000000F
    libinit2.o(.ARM.Collect$$libinit$$00000018) refers to libinit2.o(.ARM.Collect$$libinit$$0000000F) for .ARM.Collect$$libinit$$0000000F
    libinit2.o(.ARM.Collect$$libinit$$00000026) refers to argv_veneer.o(.emb_text) for __ARM_argv_veneer
    libinit2.o(.ARM.Collect$$libinit$$00000027) refers to argv_veneer.o(.emb_text) for __ARM_argv_veneer
    rtexit2.o(.ARM.Collect$$rtexit$$00000003) refers to libshutdown.o(.ARM.Collect$$libshutdown$$00000000) for __rt_lib_shutdown
    rtexit2.o(.ARM.Collect$$rtexit$$00000004) refers to sys_exit.o(.text) for _sys_exit
    rtexit2.o(.ARM.exidx) refers to rtexit2.o(.ARM.Collect$$rtexit$$00000001) for .ARM.Collect$$rtexit$$00000001
    rtexit2.o(.ARM.exidx) refers to rtexit2.o(.ARM.Collect$$rtexit$$00000003) for .ARM.Collect$$rtexit$$00000003
    rtexit2.o(.ARM.exidx) refers to rtexit2.o(.ARM.Collect$$rtexit$$00000004) for .ARM.Collect$$rtexit$$00000004
    argv_veneer.o(.emb_text) refers to no_argv.o(.text) for __ARM_get_argv
    sys_exit.o(.text) refers (Special) to use_no_semi.o(.text) for __I$use$semihosting
    sys_exit.o(.text) refers (Special) to indicate_semi.o(.text) for __semihosting_library_function
    _get_argv_nomalloc.o(.text) refers (Special) to hrguard.o(.text) for __heap_region$guard
    _get_argv_nomalloc.o(.text) refers to defsig_rtmem_outer.o(.text) for __rt_SIGRTMEM
    _get_argv_nomalloc.o(.text) refers to sys_command.o(.text) for _sys_command_string
    libshutdown.o(.ARM.Collect$$libshutdown$$00000000) refers (Special) to libshutdown2.o(.ARM.Collect$$libshutdown$$00000004) for __rt_lib_shutdown_cpp_1
    libshutdown.o(.ARM.Collect$$libshutdown$$00000000) refers (Special) to libshutdown2.o(.ARM.Collect$$libshutdown$$00000002) for __rt_lib_shutdown_fini_1
    libshutdown.o(.ARM.Collect$$libshutdown$$00000000) refers (Special) to libshutdown2.o(.ARM.Collect$$libshutdown$$00000009) for __rt_lib_shutdown_fp_trap_1
    libshutdown.o(.ARM.Collect$$libshutdown$$00000000) refers (Special) to libshutdown2.o(.ARM.Collect$$libshutdown$$00000011) for __rt_lib_shutdown_heap_1
    libshutdown.o(.ARM.Collect$$libshutdown$$00000000) refers (Special) to libshutdown2.o(.ARM.Collect$$libshutdown$$00000012) for __rt_lib_shutdown_return
    libshutdown.o(.ARM.Collect$$libshutdown$$00000000) refers (Special) to libshutdown2.o(.ARM.Collect$$libshutdown$$0000000C) for __rt_lib_shutdown_signal_1
    libshutdown.o(.ARM.Collect$$libshutdown$$00000000) refers (Special) to libshutdown2.o(.ARM.Collect$$libshutdown$$00000006) for __rt_lib_shutdown_stdio_1
    libshutdown.o(.ARM.Collect$$libshutdown$$00000000) refers (Special) to libshutdown2.o(.ARM.Collect$$libshutdown$$0000000E) for __rt_lib_shutdown_user_alloc_1
    sys_command.o(.text) refers (Special) to use_no_semi.o(.text) for __I$use$semihosting
    sys_command.o(.text) refers (Special) to indicate_semi.o(.text) for __semihosting_library_function
    defsig_rtmem_outer.o(.text) refers to defsig_rtmem_inner.o(.text) for __rt_SIGRTMEM_inner
    defsig_rtmem_outer.o(.text) refers to defsig_exit.o(.text) for __sig_exit
    defsig_rtmem_formal.o(.text) refers to rt_raise.o(.text) for __rt_raise
    rt_raise.o(.text) refers to __raise.o(.text) for __raise
    rt_raise.o(.text) refers to sys_exit.o(.text) for _sys_exit
    defsig_exit.o(.text) refers to sys_exit.o(.text) for _sys_exit
    defsig_rtmem_inner.o(.text) refers to defsig_general.o(.text) for __default_signal_display
    __raise.o(.text) refers to defsig.o(CL$$defsig) for __default_signal_handler
    defsig_general.o(.text) refers to sys_wrch.o(.text) for _ttywrch
    sys_wrch.o(.text) refers (Special) to use_no_semi.o(.text) for __I$use$semihosting
    sys_wrch.o(.text) refers (Special) to indicate_semi.o(.text) for __semihosting_library_function
    defsig.o(CL$$defsig) refers to defsig_rtmem_inner.o(.text) for __rt_SIGRTMEM_inner
    defsig_abrt_inner.o(.text) refers to defsig_general.o(.text) for __default_signal_display
    defsig_fpe_inner.o(.text) refers to defsig_general.o(.text) for __default_signal_display
    defsig_rtred_inner.o(.text) refers to defsig_general.o(.text) for __default_signal_display
    defsig_stak_inner.o(.text) refers to defsig_general.o(.text) for __default_signal_display
    defsig_pvfn_inner.o(.text) refers to defsig_general.o(.text) for __default_signal_display
    defsig_cppl_inner.o(.text) refers to defsig_general.o(.text) for __default_signal_display
    defsig_segv_inner.o(.text) refers to defsig_general.o(.text) for __default_signal_display
    defsig_other.o(.text) refers to defsig_general.o(.text) for __default_signal_display


==============================================================================

Removing Unused input sections from the image.

    Removing sys_tick.o(i.delay_ms), (28 bytes).
    Removing sys_tick.o(i.delay_us), (48 bytes).
    Removing uart_.o(i.uart_print_char), (20 bytes).
    Removing gpio.o(i.GPIOADCTriggerDisable), (14 bytes).
    Removing gpio.o(i.GPIOADCTriggerEnable), (12 bytes).
    Removing gpio.o(i.GPIODMATriggerDisable), (14 bytes).
    Removing gpio.o(i.GPIODMATriggerEnable), (12 bytes).
    Removing gpio.o(i.GPIODirModeGet), (34 bytes).
    Removing gpio.o(i.GPIOIntClear), (6 bytes).
    Removing gpio.o(i.GPIOIntDisable), (14 bytes).
    Removing gpio.o(i.GPIOIntEnable), (12 bytes).
    Removing gpio.o(i.GPIOIntRegister), (26 bytes).
    Removing gpio.o(i.GPIOIntRegisterPin), (30 bytes).
    Removing gpio.o(i.GPIOIntStatus), (14 bytes).
    Removing gpio.o(i.GPIOIntTypeGet), (70 bytes).
    Removing gpio.o(i.GPIOIntTypeSet), (80 bytes).
    Removing gpio.o(i.GPIOIntUnregister), (22 bytes).
    Removing gpio.o(i.GPIOIntUnregisterPin), (26 bytes).
    Removing gpio.o(i.GPIOPadConfigGet), (248 bytes).
    Removing gpio.o(i.GPIOPinTypeADC), (28 bytes).
    Removing gpio.o(i.GPIOPinTypeCAN), (28 bytes).
    Removing gpio.o(i.GPIOPinTypeComparator), (28 bytes).
    Removing gpio.o(i.GPIOPinTypeComparatorOutput), (28 bytes).
    Removing gpio.o(i.GPIOPinTypeDIVSCLK), (28 bytes).
    Removing gpio.o(i.GPIOPinTypeEPI), (28 bytes).
    Removing gpio.o(i.GPIOPinTypeEthernetLED), (28 bytes).
    Removing gpio.o(i.GPIOPinTypeEthernetMII), (28 bytes).
    Removing gpio.o(i.GPIOPinTypeGPIOInput), (28 bytes).
    Removing gpio.o(i.GPIOPinTypeGPIOOutputOD), (28 bytes).
    Removing gpio.o(i.GPIOPinTypeHibernateRTCCLK), (28 bytes).
    Removing gpio.o(i.GPIOPinTypeI2C), (28 bytes).
    Removing gpio.o(i.GPIOPinTypeI2CSCL), (28 bytes).
    Removing gpio.o(i.GPIOPinTypeLCD), (28 bytes).
    Removing gpio.o(i.GPIOPinTypeOneWire), (28 bytes).
    Removing gpio.o(i.GPIOPinTypePWM), (28 bytes).
    Removing gpio.o(i.GPIOPinTypeQEI), (28 bytes).
    Removing gpio.o(i.GPIOPinTypeSSI), (28 bytes).
    Removing gpio.o(i.GPIOPinTypeTimer), (28 bytes).
    Removing gpio.o(i.GPIOPinTypeTrace), (28 bytes).
    Removing gpio.o(i.GPIOPinTypeUSBAnalog), (28 bytes).
    Removing gpio.o(i.GPIOPinTypeUSBDigital), (28 bytes).
    Removing gpio.o(i.GPIOPinTypeWakeHigh), (30 bytes).
    Removing gpio.o(i.GPIOPinTypeWakeLow), (30 bytes).
    Removing gpio.o(i.GPIOPinWakeStatus), (6 bytes).
    Removing gpio.o(i.GPIOUnlockPin), (24 bytes).
    Removing gpio.o(i._GPIOIntNumberGet), (80 bytes).
    Removing sysctl.o(.emb_text), (6 bytes).
    Removing sysctl.o(i.SysCtlAltClkConfig), (12 bytes).
    Removing sysctl.o(i.SysCtlClockGet), (340 bytes).
    Removing sysctl.o(i.SysCtlClockOutConfig), (20 bytes).
    Removing sysctl.o(i.SysCtlClockSet), (288 bytes).
    Removing sysctl.o(i.SysCtlDeepSleep), (32 bytes).
    Removing sysctl.o(i.SysCtlDeepSleepClockConfigSet), (112 bytes).
    Removing sysctl.o(i.SysCtlDeepSleepClockSet), (12 bytes).
    Removing sysctl.o(i.SysCtlDeepSleepPowerSet), (12 bytes).
    Removing sysctl.o(i.SysCtlFlashSectorSizeGet), (56 bytes).
    Removing sysctl.o(i.SysCtlFlashSizeGet), (56 bytes).
    Removing sysctl.o(i.SysCtlGPIOAHBDisable), (28 bytes).
    Removing sysctl.o(i.SysCtlGPIOAHBEnable), (24 bytes).
    Removing sysctl.o(i.SysCtlIntClear), (12 bytes).
    Removing sysctl.o(i.SysCtlIntDisable), (16 bytes).
    Removing sysctl.o(i.SysCtlIntEnable), (16 bytes).
    Removing sysctl.o(i.SysCtlIntRegister), (20 bytes).
    Removing sysctl.o(i.SysCtlIntStatus), (16 bytes).
    Removing sysctl.o(i.SysCtlIntUnregister), (18 bytes).
    Removing sysctl.o(i.SysCtlLDODeepSleepGet), (12 bytes).
    Removing sysctl.o(i.SysCtlLDODeepSleepSet), (12 bytes).
    Removing sysctl.o(i.SysCtlLDOSleepGet), (12 bytes).
    Removing sysctl.o(i.SysCtlLDOSleepSet), (12 bytes).
    Removing sysctl.o(i.SysCtlMOSCConfigSet), (12 bytes).
    Removing sysctl.o(i.SysCtlNMIClear), (16 bytes).
    Removing sysctl.o(i.SysCtlNMIStatus), (12 bytes).
    Removing sysctl.o(i.SysCtlPIOSCCalibrate), (76 bytes).
    Removing sysctl.o(i.SysCtlPWMClockGet), (24 bytes).
    Removing sysctl.o(i.SysCtlPWMClockSet), (20 bytes).
    Removing sysctl.o(i.SysCtlPeripheralClockGating), (68 bytes).
    Removing sysctl.o(i.SysCtlPeripheralDeepSleepDisable), (40 bytes).
    Removing sysctl.o(i.SysCtlPeripheralDeepSleepEnable), (40 bytes).
    Removing sysctl.o(i.SysCtlPeripheralDisable), (40 bytes).
    Removing sysctl.o(i.SysCtlPeripheralPowerOff), (40 bytes).
    Removing sysctl.o(i.SysCtlPeripheralPowerOn), (40 bytes).
    Removing sysctl.o(i.SysCtlPeripheralPresent), (44 bytes).
    Removing sysctl.o(i.SysCtlPeripheralReset), (60 bytes).
    Removing sysctl.o(i.SysCtlPeripheralSleepDisable), (40 bytes).
    Removing sysctl.o(i.SysCtlPeripheralSleepEnable), (40 bytes).
    Removing sysctl.o(i.SysCtlReset), (16 bytes).
    Removing sysctl.o(i.SysCtlResetBehaviorGet), (12 bytes).
    Removing sysctl.o(i.SysCtlResetBehaviorSet), (12 bytes).
    Removing sysctl.o(i.SysCtlResetCauseClear), (16 bytes).
    Removing sysctl.o(i.SysCtlResetCauseGet), (12 bytes).
    Removing sysctl.o(i.SysCtlSRAMSizeGet), (16 bytes).
    Removing sysctl.o(i.SysCtlSleep), (4 bytes).
    Removing sysctl.o(i.SysCtlSleepPowerSet), (12 bytes).
    Removing sysctl.o(i.SysCtlUSBPLLDisable), (16 bytes).
    Removing sysctl.o(i.SysCtlUSBPLLEnable), (16 bytes).
    Removing sysctl.o(i.SysCtlVCOGet), (120 bytes).
    Removing sysctl.o(i.SysCtlVoltageEventClear), (16 bytes).
    Removing sysctl.o(i.SysCtlVoltageEventConfig), (12 bytes).
    Removing sysctl.o(i.SysCtlVoltageEventStatus), (12 bytes).
    Removing systick.o(i.SysTickIntDisable), (14 bytes).
    Removing systick.o(i.SysTickIntUnregister), (18 bytes).
    Removing systick.o(i.SysTickPeriodGet), (10 bytes).
    Removing systick.o(i.SysTickValueGet), (8 bytes).
    Removing uart.o(i.UART9BitAddrSend), (38 bytes).
    Removing uart.o(i.UART9BitAddrSet), (10 bytes).
    Removing uart.o(i.UART9BitDisable), (14 bytes).
    Removing uart.o(i.UART9BitEnable), (14 bytes).
    Removing uart.o(i.UARTBreakCtl), (18 bytes).
    Removing uart.o(i.UARTBusy), (8 bytes).
    Removing uart.o(i.UARTCharGet), (12 bytes).
    Removing uart.o(i.UARTCharPutNonBlocking), (16 bytes).
    Removing uart.o(i.UARTCharsAvail), (10 bytes).
    Removing uart.o(i.UARTClockSourceGet), (6 bytes).
    Removing uart.o(i.UARTClockSourceSet), (6 bytes).
    Removing uart.o(i.UARTConfigGetExpClk), (46 bytes).
    Removing uart.o(i.UARTDMADisable), (10 bytes).
    Removing uart.o(i.UARTDMAEnable), (8 bytes).
    Removing uart.o(i.UARTDisable), (30 bytes).
    Removing uart.o(i.UARTDisableSIR), (10 bytes).
    Removing uart.o(i.UARTEnable), (20 bytes).
    Removing uart.o(i.UARTEnableSIR), (18 bytes).
    Removing uart.o(i.UARTFIFOEnable), (10 bytes).
    Removing uart.o(i.UARTFIFOLevelGet), (16 bytes).
    Removing uart.o(i.UARTFIFOLevelSet), (6 bytes).
    Removing uart.o(i.UARTFlowControlGet), (8 bytes).
    Removing uart.o(i.UARTFlowControlSet), (12 bytes).
    Removing uart.o(i.UARTIntDisable), (10 bytes).
    Removing uart.o(i.UARTIntUnregister), (88 bytes).
    Removing uart.o(i.UARTLoopbackEnable), (10 bytes).
    Removing uart.o(i.UARTModemControlClear), (14 bytes).
    Removing uart.o(i.UARTModemControlGet), (8 bytes).
    Removing uart.o(i.UARTModemControlSet), (12 bytes).
    Removing uart.o(i.UARTModemStatusGet), (10 bytes).
    Removing uart.o(i.UARTParityModeGet), (8 bytes).
    Removing uart.o(i.UARTParityModeSet), (12 bytes).
    Removing uart.o(i.UARTRxErrorClear), (6 bytes).
    Removing uart.o(i.UARTRxErrorGet), (8 bytes).
    Removing uart.o(i.UARTSmartCardDisable), (10 bytes).
    Removing uart.o(i.UARTSmartCardEnable), (22 bytes).
    Removing uart.o(i.UARTSpaceAvail), (10 bytes).
    Removing uart.o(i.UARTTxIntModeGet), (8 bytes).
    Removing uart.o(i.UARTTxIntModeSet), (12 bytes).
    Removing cpu.o(.emb_text), (38 bytes).
    Removing interrupt.o(i.IntDisable), (100 bytes).
    Removing interrupt.o(i.IntIsEnabled), (96 bytes).
    Removing interrupt.o(i.IntMasterDisable), (14 bytes).
    Removing interrupt.o(i.IntMasterEnable), (14 bytes).
    Removing interrupt.o(i.IntPendClear), (68 bytes).
    Removing interrupt.o(i.IntPendSet), (84 bytes).
    Removing interrupt.o(i.IntPriorityGet), (28 bytes).
    Removing interrupt.o(i.IntPriorityGroupingGet), (36 bytes).
    Removing interrupt.o(i.IntPriorityGroupingSet), (28 bytes).
    Removing interrupt.o(i.IntPriorityMaskGet), (4 bytes).
    Removing interrupt.o(i.IntPriorityMaskSet), (4 bytes).
    Removing interrupt.o(i.IntPrioritySet), (40 bytes).
    Removing interrupt.o(i.IntTrigger), (12 bytes).
    Removing interrupt.o(i.IntUnregister), (20 bytes).
    Removing interrupt.o(i._IntDefaultHandler), (2 bytes).

158 unused section(s) (total 4796 bytes) removed from the image.

==============================================================================

Image Symbol Table

    Local Symbols

    Symbol Name                              Value     Ov Type        Size  Object(Section)

    RESET                                    0x00000000   Section      540  startup_rvmdk.o(RESET)
    ../clib/angel/boardlib.s                 0x00000000   Number         0  boardshut.o ABSOLUTE
    ../clib/angel/boardlib.s                 0x00000000   Number         0  boardinit3.o ABSOLUTE
    ../clib/angel/boardlib.s                 0x00000000   Number         0  boardinit2.o ABSOLUTE
    ../clib/angel/boardlib.s                 0x00000000   Number         0  boardinit1.o ABSOLUTE
    ../clib/angel/dczerorl.s                 0x00000000   Number         0  __dczerorl.o ABSOLUTE
    ../clib/angel/handlers.s                 0x00000000   Number         0  __scatter_zi.o ABSOLUTE
    ../clib/angel/kernel.s                   0x00000000   Number         0  __rtentry2.o ABSOLUTE
    ../clib/angel/kernel.s                   0x00000000   Number         0  rtexit2.o ABSOLUTE
    ../clib/angel/kernel.s                   0x00000000   Number         0  rtexit.o ABSOLUTE
    ../clib/angel/kernel.s                   0x00000000   Number         0  __rtentry.o ABSOLUTE
    ../clib/angel/kernel.s                   0x00000000   Number         0  __rtentry4.o ABSOLUTE
    ../clib/angel/rt.s                       0x00000000   Number         0  rt_raise.o ABSOLUTE
    ../clib/angel/scatter.s                  0x00000000   Number         0  __scatter.o ABSOLUTE
    ../clib/angel/startup.s                  0x00000000   Number         0  __main.o ABSOLUTE
    ../clib/angel/sys.s                      0x00000000   Number         0  sys_stackheap_outer.o ABSOLUTE
    ../clib/angel/sys.s                      0x00000000   Number         0  use_no_semi.o ABSOLUTE
    ../clib/angel/sys.s                      0x00000000   Number         0  indicate_semi.o ABSOLUTE
    ../clib/angel/sys.s                      0x00000000   Number         0  libspace.o ABSOLUTE
    ../clib/angel/sysapp.c                   0x00000000   Number         0  sys_wrch.o ABSOLUTE
    ../clib/angel/sysapp.c                   0x00000000   Number         0  sys_exit.o ABSOLUTE
    ../clib/angel/sysapp.c                   0x00000000   Number         0  sys_command.o ABSOLUTE
    ../clib/armsys.c                         0x00000000   Number         0  argv_veneer.o ABSOLUTE
    ../clib/armsys.c                         0x00000000   Number         0  argv_veneer.o ABSOLUTE
    ../clib/armsys.c                         0x00000000   Number         0  no_argv.o ABSOLUTE
    ../clib/armsys.c                         0x00000000   Number         0  _get_argv_nomalloc.o ABSOLUTE
    ../clib/heapalloc.c                      0x00000000   Number         0  hrguard.o ABSOLUTE
    ../clib/heapaux.c                        0x00000000   Number         0  heapauxi.o ABSOLUTE
    ../clib/libinit.s                        0x00000000   Number         0  libinit.o ABSOLUTE
    ../clib/libinit.s                        0x00000000   Number         0  libshutdown2.o ABSOLUTE
    ../clib/libinit.s                        0x00000000   Number         0  libinit2.o ABSOLUTE
    ../clib/libinit.s                        0x00000000   Number         0  libshutdown.o ABSOLUTE
    ../clib/signal.c                         0x00000000   Number         0  defsig_segv_inner.o ABSOLUTE
    ../clib/signal.c                         0x00000000   Number         0  defsig_cppl_inner.o ABSOLUTE
    ../clib/signal.c                         0x00000000   Number         0  defsig_pvfn_inner.o ABSOLUTE
    ../clib/signal.c                         0x00000000   Number         0  defsig_rtmem_inner.o ABSOLUTE
    ../clib/signal.c                         0x00000000   Number         0  __raise.o ABSOLUTE
    ../clib/signal.c                         0x00000000   Number         0  defsig_general.o ABSOLUTE
    ../clib/signal.c                         0x00000000   Number         0  defsig_other.o ABSOLUTE
    ../clib/signal.c                         0x00000000   Number         0  defsig_abrt_inner.o ABSOLUTE
    ../clib/signal.c                         0x00000000   Number         0  defsig_rtmem_formal.o ABSOLUTE
    ../clib/signal.c                         0x00000000   Number         0  defsig_rtmem_outer.o ABSOLUTE
    ../clib/signal.c                         0x00000000   Number         0  defsig_fpe_inner.o ABSOLUTE
    ../clib/signal.c                         0x00000000   Number         0  defsig_rtred_inner.o ABSOLUTE
    ../clib/signal.c                         0x00000000   Number         0  defsig_exit.o ABSOLUTE
    ../clib/signal.c                         0x00000000   Number         0  defsig_stak_inner.o ABSOLUTE
    ../clib/signal.s                         0x00000000   Number         0  defsig.o ABSOLUTE
    ../clib/stdlib.c                         0x00000000   Number         0  exit.o ABSOLUTE
    ../fplib/fpinit.s                        0x00000000   Number         0  fpinit.o ABSOLUTE
    clock.c                                  0x00000000   Number         0  clock.o ABSOLUTE
    cpu.c                                    0x00000000   Number         0  cpu.o ABSOLUTE
    cpu.c                                    0x00000000   Number         0  cpu.o ABSOLUTE
    dc.s                                     0x00000000   Number         0  dc.o ABSOLUTE
    gpio.c                                   0x00000000   Number         0  gpio.o ABSOLUTE
    gpio.c                                   0x00000000   Number         0  gpio.o ABSOLUTE
    interrupt.c                              0x00000000   Number         0  interrupt.o ABSOLUTE
    led.c                                    0x00000000   Number         0  led.o ABSOLUTE
    main.c                                   0x00000000   Number         0  main.o ABSOLUTE
    startup_rvmdk.S                          0x00000000   Number         0  startup_rvmdk.o ABSOLUTE
    sys_tick.c                               0x00000000   Number         0  sys_tick.o ABSOLUTE
    sysctl.c                                 0x00000000   Number         0  sysctl.o ABSOLUTE
    sysctl.c                                 0x00000000   Number         0  sysctl.o ABSOLUTE
    systick.c                                0x00000000   Number         0  systick.o ABSOLUTE
    uart.c                                   0x00000000   Number         0  uart.o ABSOLUTE
    uart_.c                                  0x00000000   Number         0  uart_.o ABSOLUTE
    $v0                                      0x00000200   Number         0  startup_rvmdk.o(RESET)
    NmiSR                                    0x00000215   Thumb Code     0  startup_rvmdk.o(RESET)
    FaultISR                                 0x00000217   Thumb Code     0  startup_rvmdk.o(RESET)
    IntDefaultHandler                        0x00000219   Thumb Code     0  startup_rvmdk.o(RESET)
    !!!main                                  0x0000021c   Section        8  __main.o(!!!main)
    !!!scatter                               0x00000224   Section       52  __scatter.o(!!!scatter)
    !!dczerorl                               0x00000258   Section       58  __dczerorl.o(!!dczerorl)
    !!handler_zi                             0x00000294   Section       28  __scatter_zi.o(!!handler_zi)
    .ARM.Collect$$libinit$$00000000          0x000002b0   Section        2  libinit.o(.ARM.Collect$$libinit$$00000000)
    .ARM.Collect$$libinit$$00000001          0x000002b2   Section        4  libinit2.o(.ARM.Collect$$libinit$$00000001)
    .ARM.Collect$$libinit$$00000004          0x000002b6   Section        0  libinit2.o(.ARM.Collect$$libinit$$00000004)
    .ARM.Collect$$libinit$$0000000A          0x000002b6   Section        0  libinit2.o(.ARM.Collect$$libinit$$0000000A)
    .ARM.Collect$$libinit$$0000000C          0x000002b6   Section        0  libinit2.o(.ARM.Collect$$libinit$$0000000C)
    .ARM.Collect$$libinit$$0000000E          0x000002b6   Section        0  libinit2.o(.ARM.Collect$$libinit$$0000000E)
    .ARM.Collect$$libinit$$00000011          0x000002b6   Section        0  libinit2.o(.ARM.Collect$$libinit$$00000011)
    .ARM.Collect$$libinit$$00000013          0x000002b6   Section        0  libinit2.o(.ARM.Collect$$libinit$$00000013)
    .ARM.Collect$$libinit$$00000015          0x000002b6   Section        0  libinit2.o(.ARM.Collect$$libinit$$00000015)
    .ARM.Collect$$libinit$$00000017          0x000002b6   Section        0  libinit2.o(.ARM.Collect$$libinit$$00000017)
    .ARM.Collect$$libinit$$00000019          0x000002b6   Section        0  libinit2.o(.ARM.Collect$$libinit$$00000019)
    .ARM.Collect$$libinit$$0000001B          0x000002b6   Section        0  libinit2.o(.ARM.Collect$$libinit$$0000001B)
    .ARM.Collect$$libinit$$0000001D          0x000002b6   Section        0  libinit2.o(.ARM.Collect$$libinit$$0000001D)
    .ARM.Collect$$libinit$$0000001F          0x000002b6   Section        0  libinit2.o(.ARM.Collect$$libinit$$0000001F)
    .ARM.Collect$$libinit$$00000021          0x000002b6   Section        0  libinit2.o(.ARM.Collect$$libinit$$00000021)
    .ARM.Collect$$libinit$$00000023          0x000002b6   Section        0  libinit2.o(.ARM.Collect$$libinit$$00000023)
    .ARM.Collect$$libinit$$00000025          0x000002b6   Section        0  libinit2.o(.ARM.Collect$$libinit$$00000025)
    .ARM.Collect$$libinit$$0000002C          0x000002b6   Section        0  libinit2.o(.ARM.Collect$$libinit$$0000002C)
    .ARM.Collect$$libinit$$0000002E          0x000002b6   Section        0  libinit2.o(.ARM.Collect$$libinit$$0000002E)
    .ARM.Collect$$libinit$$00000030          0x000002b6   Section        0  libinit2.o(.ARM.Collect$$libinit$$00000030)
    .ARM.Collect$$libinit$$00000032          0x000002b6   Section        0  libinit2.o(.ARM.Collect$$libinit$$00000032)
    .ARM.Collect$$libinit$$00000033          0x000002b6   Section        2  libinit2.o(.ARM.Collect$$libinit$$00000033)
    .ARM.Collect$$libshutdown$$00000000      0x000002b8   Section        2  libshutdown.o(.ARM.Collect$$libshutdown$$00000000)
    .ARM.Collect$$libshutdown$$00000002      0x000002ba   Section        0  libshutdown2.o(.ARM.Collect$$libshutdown$$00000002)
    .ARM.Collect$$libshutdown$$00000004      0x000002ba   Section        0  libshutdown2.o(.ARM.Collect$$libshutdown$$00000004)
    .ARM.Collect$$libshutdown$$00000006      0x000002ba   Section        0  libshutdown2.o(.ARM.Collect$$libshutdown$$00000006)
    .ARM.Collect$$libshutdown$$00000009      0x000002ba   Section        0  libshutdown2.o(.ARM.Collect$$libshutdown$$00000009)
    .ARM.Collect$$libshutdown$$0000000C      0x000002ba   Section        0  libshutdown2.o(.ARM.Collect$$libshutdown$$0000000C)
    .ARM.Collect$$libshutdown$$0000000E      0x000002ba   Section        0  libshutdown2.o(.ARM.Collect$$libshutdown$$0000000E)
    .ARM.Collect$$libshutdown$$00000011      0x000002ba   Section        0  libshutdown2.o(.ARM.Collect$$libshutdown$$00000011)
    .ARM.Collect$$libshutdown$$00000012      0x000002ba   Section        2  libshutdown2.o(.ARM.Collect$$libshutdown$$00000012)
    .ARM.Collect$$rtentry$$00000000          0x000002bc   Section        0  __rtentry.o(.ARM.Collect$$rtentry$$00000000)
    .ARM.Collect$$rtentry$$00000002          0x000002bc   Section        0  __rtentry2.o(.ARM.Collect$$rtentry$$00000002)
    .ARM.Collect$$rtentry$$00000004          0x000002bc   Section        6  __rtentry4.o(.ARM.Collect$$rtentry$$00000004)
    .ARM.Collect$$rtentry$$00000009          0x000002c2   Section        0  __rtentry2.o(.ARM.Collect$$rtentry$$00000009)
    .ARM.Collect$$rtentry$$0000000A          0x000002c2   Section        4  __rtentry2.o(.ARM.Collect$$rtentry$$0000000A)
    .ARM.Collect$$rtentry$$0000000C          0x000002c6   Section        0  __rtentry2.o(.ARM.Collect$$rtentry$$0000000C)
    .ARM.Collect$$rtentry$$0000000D          0x000002c6   Section        8  __rtentry2.o(.ARM.Collect$$rtentry$$0000000D)
    .ARM.Collect$$rtexit$$00000000           0x000002ce   Section        2  rtexit.o(.ARM.Collect$$rtexit$$00000000)
    .ARM.Collect$$rtexit$$00000002           0x000002d0   Section        0  rtexit2.o(.ARM.Collect$$rtexit$$00000002)
    .ARM.Collect$$rtexit$$00000003           0x000002d0   Section        4  rtexit2.o(.ARM.Collect$$rtexit$$00000003)
    .ARM.Collect$$rtexit$$00000004           0x000002d4   Section        6  rtexit2.o(.ARM.Collect$$rtexit$$00000004)
    .text                                    0x000002dc   Section       24  startup_rvmdk.o(.text)
    $v0                                      0x000002dc   Number         0  startup_rvmdk.o(.text)
    .text                                    0x000002f4   Section        0  heapauxi.o(.text)
    .text                                    0x000002fa   Section       74  sys_stackheap_outer.o(.text)
    .text                                    0x00000344   Section        0  exit.o(.text)
    .text                                    0x00000358   Section        8  libspace.o(.text)
    .text                                    0x00000360   Section        0  sys_exit.o(.text)
    .text                                    0x0000036c   Section        2  use_no_semi.o(.text)
    .text                                    0x0000036e   Section        0  indicate_semi.o(.text)
    i.GPIODirModeSet                         0x0000036e   Section        0  gpio.o(i.GPIODirModeSet)
    i.GPIOPadConfigSet                       0x00000398   Section        0  gpio.o(i.GPIOPadConfigSet)
    i.GPIOPinConfigure                       0x00000508   Section        0  gpio.o(i.GPIOPinConfigure)
    i.GPIOPinRead                            0x0000054c   Section        0  gpio.o(i.GPIOPinRead)
    i.GPIOPinTypeGPIOOutput                  0x00000552   Section        0  gpio.o(i.GPIOPinTypeGPIOOutput)
    i.GPIOPinTypeUART                        0x0000056e   Section        0  gpio.o(i.GPIOPinTypeUART)
    i.GPIOPinWrite                           0x0000058a   Section        0  gpio.o(i.GPIOPinWrite)
    i.IntEnable                              0x00000590   Section        0  interrupt.o(i.IntEnable)
    i.IntRegister                            0x000005f4   Section        0  interrupt.o(i.IntRegister)
    i.SysCtlClockFreqSet                     0x00000628   Section        0  sysctl.o(i.SysCtlClockFreqSet)
    i.SysCtlPeripheralEnable                 0x00000914   Section        0  sysctl.o(i.SysCtlPeripheralEnable)
    i.SysCtlPeripheralReady                  0x0000093c   Section        0  sysctl.o(i.SysCtlPeripheralReady)
    i.SysTickDisable                         0x00000968   Section        0  systick.o(i.SysTickDisable)
    i.SysTickEnable                          0x00000976   Section        0  systick.o(i.SysTickEnable)
    i.SysTickIntEnable                       0x00000984   Section        0  systick.o(i.SysTickIntEnable)
    i.SysTickIntRegister                     0x00000992   Section        0  systick.o(i.SysTickIntRegister)
    i.SysTickPeriodSet                       0x000009aa   Section        0  systick.o(i.SysTickPeriodSet)
    i.UARTCharGetNonBlocking                 0x000009b4   Section        0  uart.o(i.UARTCharGetNonBlocking)
    i.UARTCharPut                            0x000009c4   Section        0  uart.o(i.UARTCharPut)
    i.UARTConfigSetExpClk                    0x000009d0   Section        0  uart.o(i.UARTConfigSetExpClk)
    i.UARTFIFODisable                        0x00000a3e   Section        0  uart.o(i.UARTFIFODisable)
    i.UARTIntClear                           0x00000a48   Section        0  uart.o(i.UARTIntClear)
    i.UARTIntEnable                          0x00000a4c   Section        0  uart.o(i.UARTIntEnable)
    i.UARTIntRegister                        0x00000a54   Section        0  uart.o(i.UARTIntRegister)
    i.UARTIntStatus                          0x00000aac   Section        0  uart.o(i.UARTIntStatus)
    i.clock_setup                            0x00000ab8   Section        0  clock.o(i.clock_setup)
    i.get_leds_status                        0x00000ad0   Section        0  led.o(i.get_leds_status)
    i.gpio_setup                             0x00000b2c   Section        0  gpio.o(i.gpio_setup)
    i.main                                   0x00000b74   Section        0  main.o(i.main)
    i.sys_tick_interrupt_handler             0x00000d44   Section        0  sys_tick.o(i.sys_tick_interrupt_handler)
    i.sys_tick_setup                         0x00000d54   Section        0  sys_tick.o(i.sys_tick_setup)
    i.turn_off_led                           0x00000d88   Section        0  led.o(i.turn_off_led)
    i.turn_off_leds                          0x00000dd4   Section        0  led.o(i.turn_off_leds)
    i.turn_on_led                            0x00000dec   Section        0  led.o(i.turn_on_led)
    i.turn_on_leds                           0x00000e38   Section        0  led.o(i.turn_on_leds)
    i.uart_interruption_handler              0x00000e50   Section        0  uart_.o(i.uart_interruption_handler)
    i.uart_print_string                      0x00000eb8   Section        0  uart_.o(i.uart_print_string)
    i.uart_setup                             0x00000ed8   Section        0  uart_.o(i.uart_setup)
    x$fpl$fpinit                             0x00000f54   Section       10  fpinit.o(x$fpl$fpinit)
    $v0                                      0x00000f54   Number         0  fpinit.o(x$fpl$fpinit)
    .constdata                               0x00000f60   Section      552  gpio.o(.constdata)
    g_ppui32GPIOIntMapBlizzard               0x00000f60   Data         192  gpio.o(.constdata)
    g_ppui32GPIOIntMapSnowflake              0x00001020   Data         216  gpio.o(.constdata)
    g_pui32GPIOBaseAddrs                     0x000010f8   Data         144  gpio.o(.constdata)
    .constdata                               0x00001188   Section      596  sysctl.o(.constdata)
    g_pui32VCOFrequencies                    0x00001188   Data           8  sysctl.o(.constdata)
    g_pui32Xtals                             0x00001190   Data         108  sysctl.o(.constdata)
    g_pppui32XTALtoVCO                       0x000011fc   Data         432  sysctl.o(.constdata)
    g_sXTALtoMEMTIM                          0x000013ac   Data          48  sysctl.o(.constdata)
    .constdata                               0x000013dc   Section      128  uart.o(.constdata)
    g_ppui32UARTIntMap                       0x000013dc   Data          64  uart.o(.constdata)
    g_ppui32UARTIntMapSnowflake              0x0000141c   Data          64  uart.o(.constdata)
    .constdata                               0x0000145c   Section      268  interrupt.o(.constdata)
    g_pui32Priority                          0x0000145c   Data          32  interrupt.o(.constdata)
    g_pui32Regs                              0x0000147c   Data         156  interrupt.o(.constdata)
    g_pui32EnRegs                            0x00001518   Data          20  interrupt.o(.constdata)
    g_pui32Dii16Regs                         0x0000152c   Data          20  interrupt.o(.constdata)
    g_pui32PendRegs                          0x00001540   Data          20  interrupt.o(.constdata)
    g_pui32UnpendRegs                        0x00001554   Data          20  interrupt.o(.constdata)
    .data                                    0x20000000   Section       16  main.o(.data)
    vtable                                   0x20000400   Section      620  interrupt.o(vtable)
    g_pfnRAMVectors                          0x20000400   Data         620  interrupt.o(vtable)
    .bss                                     0x2000066c   Section       96  libspace.o(.bss)
    HEAP                                     0x200006d0   Section        0  startup_rvmdk.o(HEAP)
    STACK                                    0x200006d0   Section      512  startup_rvmdk.o(STACK)
    HeapMem                                  0x200006d0   Data           0  startup_rvmdk.o(HEAP)
    StackMem                                 0x200006d0   Data           0  startup_rvmdk.o(STACK)

    Global Symbols

    Symbol Name                              Value     Ov Type        Size  Object(Section)

    BuildAttributes$$THM_ISAv4$E$P$D$K$B$S$7EM$VFPi3$EXTD16$VFPS$VFMA$PE$A:L22UL41UL21$X:L11$S22US41US21$IEEE1$IW$USESV6$~STKCKD$USESV7$~SHL$OTIME$ROPI$EBA8$UX$STANDARDLIB$REQ8$PRES8$EABIv2 0x00000000   Number         0  anon$$obj.o ABSOLUTE
    __ARM_use_no_argv                        0x00000000   Number         0  main.o ABSOLUTE
    __Vectors                                0x00000000   Data           0  startup_rvmdk.o(RESET)
    __ARM_exceptions_init                     - Undefined Weak Reference
    __alloca_initialize                       - Undefined Weak Reference
    __arm_fini_                               - Undefined Weak Reference
    __arm_preinit_                            - Undefined Weak Reference
    __cpp_initialize__aeabi_                  - Undefined Weak Reference
    __cxa_finalize                            - Undefined Weak Reference
    __rt_locale                               - Undefined Weak Reference
    __sigvec_lookup                           - Undefined Weak Reference
    _atexit_init                              - Undefined Weak Reference
    _call_atexit_fns                          - Undefined Weak Reference
    _clock_init                               - Undefined Weak Reference
    _fp_trap_init                             - Undefined Weak Reference
    _fp_trap_shutdown                         - Undefined Weak Reference
    _get_lc_collate                           - Undefined Weak Reference
    _get_lc_ctype                             - Undefined Weak Reference
    _get_lc_monetary                          - Undefined Weak Reference
    _get_lc_numeric                           - Undefined Weak Reference
    _get_lc_time                              - Undefined Weak Reference
    _getenv_init                              - Undefined Weak Reference
    _handle_redirection                       - Undefined Weak Reference
    _init_alloc                               - Undefined Weak Reference
    _init_user_alloc                          - Undefined Weak Reference
    _initio                                   - Undefined Weak Reference
    _rand_init                                - Undefined Weak Reference
    _signal_finish                            - Undefined Weak Reference
    _signal_init                              - Undefined Weak Reference
    _terminate_alloc                          - Undefined Weak Reference
    _terminate_user_alloc                     - Undefined Weak Reference
    _terminateio                              - Undefined Weak Reference
    Reset_Handler                            0x00000201   Thumb Code     0  startup_rvmdk.o(RESET)
    __main                                   0x0000021d   Thumb Code     8  __main.o(!!!main)
    __scatterload                            0x00000225   Thumb Code     0  __scatter.o(!!!scatter)
    __scatterload_rt2                        0x00000225   Thumb Code    44  __scatter.o(!!!scatter)
    __scatterload_rt2_thumb_only             0x00000225   Thumb Code     0  __scatter.o(!!!scatter)
    __scatterload_null                       0x00000233   Thumb Code     0  __scatter.o(!!!scatter)
    __decompress                             0x00000259   Thumb Code    58  __dczerorl.o(!!dczerorl)
    __decompress0                            0x00000259   Thumb Code     0  __dczerorl.o(!!dczerorl)
    __scatterload_zeroinit                   0x00000295   Thumb Code    28  __scatter_zi.o(!!handler_zi)
    __rt_lib_init                            0x000002b1   Thumb Code     0  libinit.o(.ARM.Collect$$libinit$$00000000)
    __rt_lib_init_fp_1                       0x000002b3   Thumb Code     0  libinit2.o(.ARM.Collect$$libinit$$00000001)
    __rt_lib_init_alloca_1                   0x000002b7   Thumb Code     0  libinit2.o(.ARM.Collect$$libinit$$0000002E)
    __rt_lib_init_argv_1                     0x000002b7   Thumb Code     0  libinit2.o(.ARM.Collect$$libinit$$0000002C)
    __rt_lib_init_atexit_1                   0x000002b7   Thumb Code     0  libinit2.o(.ARM.Collect$$libinit$$0000001B)
    __rt_lib_init_clock_1                    0x000002b7   Thumb Code     0  libinit2.o(.ARM.Collect$$libinit$$00000021)
    __rt_lib_init_cpp_1                      0x000002b7   Thumb Code     0  libinit2.o(.ARM.Collect$$libinit$$00000032)
    __rt_lib_init_exceptions_1               0x000002b7   Thumb Code     0  libinit2.o(.ARM.Collect$$libinit$$00000030)
    __rt_lib_init_fp_trap_1                  0x000002b7   Thumb Code     0  libinit2.o(.ARM.Collect$$libinit$$0000001F)
    __rt_lib_init_getenv_1                   0x000002b7   Thumb Code     0  libinit2.o(.ARM.Collect$$libinit$$00000023)
    __rt_lib_init_heap_1                     0x000002b7   Thumb Code     0  libinit2.o(.ARM.Collect$$libinit$$0000000A)
    __rt_lib_init_lc_collate_1               0x000002b7   Thumb Code     0  libinit2.o(.ARM.Collect$$libinit$$00000011)
    __rt_lib_init_lc_ctype_1                 0x000002b7   Thumb Code     0  libinit2.o(.ARM.Collect$$libinit$$00000013)
    __rt_lib_init_lc_monetary_1              0x000002b7   Thumb Code     0  libinit2.o(.ARM.Collect$$libinit$$00000015)
    __rt_lib_init_lc_numeric_1               0x000002b7   Thumb Code     0  libinit2.o(.ARM.Collect$$libinit$$00000017)
    __rt_lib_init_lc_time_1                  0x000002b7   Thumb Code     0  libinit2.o(.ARM.Collect$$libinit$$00000019)
    __rt_lib_init_preinit_1                  0x000002b7   Thumb Code     0  libinit2.o(.ARM.Collect$$libinit$$00000004)
    __rt_lib_init_rand_1                     0x000002b7   Thumb Code     0  libinit2.o(.ARM.Collect$$libinit$$0000000E)
    __rt_lib_init_return                     0x000002b7   Thumb Code     0  libinit2.o(.ARM.Collect$$libinit$$00000033)
    __rt_lib_init_signal_1                   0x000002b7   Thumb Code     0  libinit2.o(.ARM.Collect$$libinit$$0000001D)
    __rt_lib_init_stdio_1                    0x000002b7   Thumb Code     0  libinit2.o(.ARM.Collect$$libinit$$00000025)
    __rt_lib_init_user_alloc_1               0x000002b7   Thumb Code     0  libinit2.o(.ARM.Collect$$libinit$$0000000C)
    __rt_lib_shutdown                        0x000002b9   Thumb Code     0  libshutdown.o(.ARM.Collect$$libshutdown$$00000000)
    __rt_lib_shutdown_cpp_1                  0x000002bb   Thumb Code     0  libshutdown2.o(.ARM.Collect$$libshutdown$$00000004)
    __rt_lib_shutdown_fini_1                 0x000002bb   Thumb Code     0  libshutdown2.o(.ARM.Collect$$libshutdown$$00000002)
    __rt_lib_shutdown_fp_trap_1              0x000002bb   Thumb Code     0  libshutdown2.o(.ARM.Collect$$libshutdown$$00000009)
    __rt_lib_shutdown_heap_1                 0x000002bb   Thumb Code     0  libshutdown2.o(.ARM.Collect$$libshutdown$$00000011)
    __rt_lib_shutdown_return                 0x000002bb   Thumb Code     0  libshutdown2.o(.ARM.Collect$$libshutdown$$00000012)
    __rt_lib_shutdown_signal_1               0x000002bb   Thumb Code     0  libshutdown2.o(.ARM.Collect$$libshutdown$$0000000C)
    __rt_lib_shutdown_stdio_1                0x000002bb   Thumb Code     0  libshutdown2.o(.ARM.Collect$$libshutdown$$00000006)
    __rt_lib_shutdown_user_alloc_1           0x000002bb   Thumb Code     0  libshutdown2.o(.ARM.Collect$$libshutdown$$0000000E)
    __rt_entry                               0x000002bd   Thumb Code     0  __rtentry.o(.ARM.Collect$$rtentry$$00000000)
    __rt_entry_presh_1                       0x000002bd   Thumb Code     0  __rtentry2.o(.ARM.Collect$$rtentry$$00000002)
    __rt_entry_sh                            0x000002bd   Thumb Code     0  __rtentry4.o(.ARM.Collect$$rtentry$$00000004)
    __rt_entry_li                            0x000002c3   Thumb Code     0  __rtentry2.o(.ARM.Collect$$rtentry$$0000000A)
    __rt_entry_postsh_1                      0x000002c3   Thumb Code     0  __rtentry2.o(.ARM.Collect$$rtentry$$00000009)
    __rt_entry_main                          0x000002c7   Thumb Code     0  __rtentry2.o(.ARM.Collect$$rtentry$$0000000D)
    __rt_entry_postli_1                      0x000002c7   Thumb Code     0  __rtentry2.o(.ARM.Collect$$rtentry$$0000000C)
    __rt_exit                                0x000002cf   Thumb Code     0  rtexit.o(.ARM.Collect$$rtexit$$00000000)
    __rt_exit_ls                             0x000002d1   Thumb Code     0  rtexit2.o(.ARM.Collect$$rtexit$$00000003)
    __rt_exit_prels_1                        0x000002d1   Thumb Code     0  rtexit2.o(.ARM.Collect$$rtexit$$00000002)
    __rt_exit_exit                           0x000002d5   Thumb Code     0  rtexit2.o(.ARM.Collect$$rtexit$$00000004)
    __user_initial_stackheap                 0x000002dd   Thumb Code     0  startup_rvmdk.o(.text)
    __use_two_region_memory                  0x000002f5   Thumb Code     2  heapauxi.o(.text)
    __rt_heap_escrow$2region                 0x000002f7   Thumb Code     2  heapauxi.o(.text)
    __rt_heap_expand$2region                 0x000002f9   Thumb Code     2  heapauxi.o(.text)
    __user_setup_stackheap                   0x000002fb   Thumb Code    74  sys_stackheap_outer.o(.text)
    exit                                     0x00000345   Thumb Code    18  exit.o(.text)
    __user_libspace                          0x00000359   Thumb Code     8  libspace.o(.text)
    __user_perproc_libspace                  0x00000359   Thumb Code     0  libspace.o(.text)
    __user_perthread_libspace                0x00000359   Thumb Code     0  libspace.o(.text)
    _sys_exit                                0x00000361   Thumb Code     8  sys_exit.o(.text)
    __I$use$semihosting                      0x0000036d   Thumb Code     0  use_no_semi.o(.text)
    __use_no_semihosting_swi                 0x0000036d   Thumb Code     2  use_no_semi.o(.text)
    GPIODirModeSet                           0x0000036f   Thumb Code    40  gpio.o(i.GPIODirModeSet)
    __semihosting_library_function           0x0000036f   Thumb Code     0  indicate_semi.o(.text)
    GPIOPadConfigSet                         0x00000399   Thumb Code   354  gpio.o(i.GPIOPadConfigSet)
    GPIOPinConfigure                         0x00000509   Thumb Code    60  gpio.o(i.GPIOPinConfigure)
    GPIOPinRead                              0x0000054d   Thumb Code     6  gpio.o(i.GPIOPinRead)
    GPIOPinTypeGPIOOutput                    0x00000553   Thumb Code    28  gpio.o(i.GPIOPinTypeGPIOOutput)
    GPIOPinTypeUART                          0x0000056f   Thumb Code    28  gpio.o(i.GPIOPinTypeUART)
    GPIOPinWrite                             0x0000058b   Thumb Code     6  gpio.o(i.GPIOPinWrite)
    IntEnable                                0x00000591   Thumb Code    92  interrupt.o(i.IntEnable)
    IntRegister                              0x000005f5   Thumb Code    44  interrupt.o(i.IntRegister)
    SysCtlClockFreqSet                       0x00000629   Thumb Code   706  sysctl.o(i.SysCtlClockFreqSet)
    SysCtlPeripheralEnable                   0x00000915   Thumb Code    36  sysctl.o(i.SysCtlPeripheralEnable)
    SysCtlPeripheralReady                    0x0000093d   Thumb Code    40  sysctl.o(i.SysCtlPeripheralReady)
    SysTickDisable                           0x00000969   Thumb Code    14  systick.o(i.SysTickDisable)
    SysTickEnable                            0x00000977   Thumb Code    14  systick.o(i.SysTickEnable)
    SysTickIntEnable                         0x00000985   Thumb Code    14  systick.o(i.SysTickIntEnable)
    SysTickIntRegister                       0x00000993   Thumb Code    24  systick.o(i.SysTickIntRegister)
    SysTickPeriodSet                         0x000009ab   Thumb Code    10  systick.o(i.SysTickPeriodSet)
    UARTCharGetNonBlocking                   0x000009b5   Thumb Code    16  uart.o(i.UARTCharGetNonBlocking)
    UARTCharPut                              0x000009c5   Thumb Code    12  uart.o(i.UARTCharPut)
    UARTConfigSetExpClk                      0x000009d1   Thumb Code   110  uart.o(i.UARTConfigSetExpClk)
    UARTFIFODisable                          0x00000a3f   Thumb Code    10  uart.o(i.UARTFIFODisable)
    UARTIntClear                             0x00000a49   Thumb Code     4  uart.o(i.UARTIntClear)
    UARTIntEnable                            0x00000a4d   Thumb Code     8  uart.o(i.UARTIntEnable)
    UARTIntRegister                          0x00000a55   Thumb Code    70  uart.o(i.UARTIntRegister)
    UARTIntStatus                            0x00000aad   Thumb Code    10  uart.o(i.UARTIntStatus)
    clock_setup                              0x00000ab9   Thumb Code    20  clock.o(i.clock_setup)
    get_leds_status                          0x00000ad1   Thumb Code    82  led.o(i.get_leds_status)
    gpio_setup                               0x00000b2d   Thumb Code    60  gpio.o(i.gpio_setup)
    main                                     0x00000b75   Thumb Code   294  main.o(i.main)
    sys_tick_interrupt_handler               0x00000d45   Thumb Code    12  sys_tick.o(i.sys_tick_interrupt_handler)
    sys_tick_setup                           0x00000d55   Thumb Code    38  sys_tick.o(i.sys_tick_setup)
    turn_off_led                             0x00000d89   Thumb Code    66  led.o(i.turn_off_led)
    turn_off_leds                            0x00000dd5   Thumb Code    24  led.o(i.turn_off_leds)
    turn_on_led                              0x00000ded   Thumb Code    66  led.o(i.turn_on_led)
    turn_on_leds                             0x00000e39   Thumb Code    24  led.o(i.turn_on_leds)
    uart_interruption_handler                0x00000e51   Thumb Code    86  uart_.o(i.uart_interruption_handler)
    uart_print_string                        0x00000eb9   Thumb Code    28  uart_.o(i.uart_print_string)
    uart_setup                               0x00000ed9   Thumb Code   102  uart_.o(i.uart_setup)
    _fp_init                                 0x00000f55   Thumb Code    10  fpinit.o(x$fpl$fpinit)
    __fplib_config_fpu_vfp                   0x00000f5d   Thumb Code     0  fpinit.o(x$fpl$fpinit)
    __fplib_config_pureend_doubles           0x00000f5d   Thumb Code     0  fpinit.o(x$fpl$fpinit)
    Region$$Table$$Base                      0x00001568   Number         0  anon$$obj.o(Region$$Table)
    Region$$Table$$Limit                     0x00001588   Number         0  anon$$obj.o(Region$$Table)
    received_command                         0x20000000   Data           1  main.o(.data)
    rx_buffer_counter                        0x20000001   Data           1  main.o(.data)
    rx_buffer                                0x20000002   Data           5  main.o(.data)
    sys_tick                                 0x20000008   Data           4  main.o(.data)
    sys_clock                                0x2000000c   Data           4  main.o(.data)
    __libspace_start                         0x2000066c   Data          96  libspace.o(.bss)
    __temporary_stack_top$libspace           0x200006cc   Data           0  libspace.o(.bss)



==============================================================================

Memory Map of the image

  Image Entry point : 0x00000201

  Load Region LR_1 (Base: 0x00000000, Size: 0x00001bf4, Max: 0xffffffff, ABSOLUTE, COMPRESSED[0x00001598])

    Execution Region ER_RO (Exec base: 0x00000000, Load base: 0x00000000, Size: 0x00001588, Max: 0xffffffff, ABSOLUTE)

    Exec Addr    Load Addr    Size         Type   Attr      Idx    E Section Name        Object

    0x00000000   0x00000000   0x0000021c   Code   RO            3  * RESET               startup_rvmdk.o
    0x0000021c   0x0000021c   0x00000008   Code   RO         1360  * !!!main             c_w.l(__main.o)
    0x00000224   0x00000224   0x00000034   Code   RO         1521    !!!scatter          c_w.l(__scatter.o)
    0x00000258   0x00000258   0x0000003a   Code   RO         1519    !!dczerorl          c_w.l(__dczerorl.o)
    0x00000292   0x00000292   0x00000002   PAD
    0x00000294   0x00000294   0x0000001c   Code   RO         1523    !!handler_zi        c_w.l(__scatter_zi.o)
    0x000002b0   0x000002b0   0x00000002   Code   RO         1387    .ARM.Collect$$libinit$$00000000  c_w.l(libinit.o)
    0x000002b2   0x000002b2   0x00000004   Code   RO         1393    .ARM.Collect$$libinit$$00000001  c_w.l(libinit2.o)
    0x000002b6   0x000002b6   0x00000000   Code   RO         1396    .ARM.Collect$$libinit$$00000004  c_w.l(libinit2.o)
    0x000002b6   0x000002b6   0x00000000   Code   RO         1399    .ARM.Collect$$libinit$$0000000A  c_w.l(libinit2.o)
    0x000002b6   0x000002b6   0x00000000   Code   RO         1401    .ARM.Collect$$libinit$$0000000C  c_w.l(libinit2.o)
    0x000002b6   0x000002b6   0x00000000   Code   RO         1403    .ARM.Collect$$libinit$$0000000E  c_w.l(libinit2.o)
    0x000002b6   0x000002b6   0x00000000   Code   RO         1406    .ARM.Collect$$libinit$$00000011  c_w.l(libinit2.o)
    0x000002b6   0x000002b6   0x00000000   Code   RO         1408    .ARM.Collect$$libinit$$00000013  c_w.l(libinit2.o)
    0x000002b6   0x000002b6   0x00000000   Code   RO         1410    .ARM.Collect$$libinit$$00000015  c_w.l(libinit2.o)
    0x000002b6   0x000002b6   0x00000000   Code   RO         1412    .ARM.Collect$$libinit$$00000017  c_w.l(libinit2.o)
    0x000002b6   0x000002b6   0x00000000   Code   RO         1414    .ARM.Collect$$libinit$$00000019  c_w.l(libinit2.o)
    0x000002b6   0x000002b6   0x00000000   Code   RO         1416    .ARM.Collect$$libinit$$0000001B  c_w.l(libinit2.o)
    0x000002b6   0x000002b6   0x00000000   Code   RO         1418    .ARM.Collect$$libinit$$0000001D  c_w.l(libinit2.o)
    0x000002b6   0x000002b6   0x00000000   Code   RO         1420    .ARM.Collect$$libinit$$0000001F  c_w.l(libinit2.o)
    0x000002b6   0x000002b6   0x00000000   Code   RO         1422    .ARM.Collect$$libinit$$00000021  c_w.l(libinit2.o)
    0x000002b6   0x000002b6   0x00000000   Code   RO         1424    .ARM.Collect$$libinit$$00000023  c_w.l(libinit2.o)
    0x000002b6   0x000002b6   0x00000000   Code   RO         1426    .ARM.Collect$$libinit$$00000025  c_w.l(libinit2.o)
    0x000002b6   0x000002b6   0x00000000   Code   RO         1430    .ARM.Collect$$libinit$$0000002C  c_w.l(libinit2.o)
    0x000002b6   0x000002b6   0x00000000   Code   RO         1432    .ARM.Collect$$libinit$$0000002E  c_w.l(libinit2.o)
    0x000002b6   0x000002b6   0x00000000   Code   RO         1434    .ARM.Collect$$libinit$$00000030  c_w.l(libinit2.o)
    0x000002b6   0x000002b6   0x00000000   Code   RO         1436    .ARM.Collect$$libinit$$00000032  c_w.l(libinit2.o)
    0x000002b6   0x000002b6   0x00000002   Code   RO         1437    .ARM.Collect$$libinit$$00000033  c_w.l(libinit2.o)
    0x000002b8   0x000002b8   0x00000002   Code   RO         1457    .ARM.Collect$$libshutdown$$00000000  c_w.l(libshutdown.o)
    0x000002ba   0x000002ba   0x00000000   Code   RO         1470    .ARM.Collect$$libshutdown$$00000002  c_w.l(libshutdown2.o)
    0x000002ba   0x000002ba   0x00000000   Code   RO         1472    .ARM.Collect$$libshutdown$$00000004  c_w.l(libshutdown2.o)
    0x000002ba   0x000002ba   0x00000000   Code   RO         1474    .ARM.Collect$$libshutdown$$00000006  c_w.l(libshutdown2.o)
    0x000002ba   0x000002ba   0x00000000   Code   RO         1477    .ARM.Collect$$libshutdown$$00000009  c_w.l(libshutdown2.o)
    0x000002ba   0x000002ba   0x00000000   Code   RO         1480    .ARM.Collect$$libshutdown$$0000000C  c_w.l(libshutdown2.o)
    0x000002ba   0x000002ba   0x00000000   Code   RO         1482    .ARM.Collect$$libshutdown$$0000000E  c_w.l(libshutdown2.o)
    0x000002ba   0x000002ba   0x00000000   Code   RO         1485    .ARM.Collect$$libshutdown$$00000011  c_w.l(libshutdown2.o)
    0x000002ba   0x000002ba   0x00000002   Code   RO         1486    .ARM.Collect$$libshutdown$$00000012  c_w.l(libshutdown2.o)
    0x000002bc   0x000002bc   0x00000000   Code   RO         1362    .ARM.Collect$$rtentry$$00000000  c_w.l(__rtentry.o)
    0x000002bc   0x000002bc   0x00000000   Code   RO         1364    .ARM.Collect$$rtentry$$00000002  c_w.l(__rtentry2.o)
    0x000002bc   0x000002bc   0x00000006   Code   RO         1376    .ARM.Collect$$rtentry$$00000004  c_w.l(__rtentry4.o)
    0x000002c2   0x000002c2   0x00000000   Code   RO         1366    .ARM.Collect$$rtentry$$00000009  c_w.l(__rtentry2.o)
    0x000002c2   0x000002c2   0x00000004   Code   RO         1367    .ARM.Collect$$rtentry$$0000000A  c_w.l(__rtentry2.o)
    0x000002c6   0x000002c6   0x00000000   Code   RO         1369    .ARM.Collect$$rtentry$$0000000C  c_w.l(__rtentry2.o)
    0x000002c6   0x000002c6   0x00000008   Code   RO         1370    .ARM.Collect$$rtentry$$0000000D  c_w.l(__rtentry2.o)
    0x000002ce   0x000002ce   0x00000002   Code   RO         1391    .ARM.Collect$$rtexit$$00000000  c_w.l(rtexit.o)
    0x000002d0   0x000002d0   0x00000000   Code   RO         1439    .ARM.Collect$$rtexit$$00000002  c_w.l(rtexit2.o)
    0x000002d0   0x000002d0   0x00000004   Code   RO         1440    .ARM.Collect$$rtexit$$00000003  c_w.l(rtexit2.o)
    0x000002d4   0x000002d4   0x00000006   Code   RO         1441    .ARM.Collect$$rtexit$$00000004  c_w.l(rtexit2.o)
    0x000002da   0x000002da   0x00000002   PAD
    0x000002dc   0x000002dc   0x00000018   Code   RO            4    .text               startup_rvmdk.o
    0x000002f4   0x000002f4   0x00000006   Code   RO         1358    .text               c_w.l(heapauxi.o)
    0x000002fa   0x000002fa   0x0000004a   Code   RO         1378    .text               c_w.l(sys_stackheap_outer.o)
    0x00000344   0x00000344   0x00000012   Code   RO         1380    .text               c_w.l(exit.o)
    0x00000356   0x00000356   0x00000002   PAD
    0x00000358   0x00000358   0x00000008   Code   RO         1388    .text               c_w.l(libspace.o)
    0x00000360   0x00000360   0x0000000c   Code   RO         1449    .text               c_w.l(sys_exit.o)
    0x0000036c   0x0000036c   0x00000002   Code   RO         1460    .text               c_w.l(use_no_semi.o)
    0x0000036e   0x0000036e   0x00000000   Code   RO         1462    .text               c_w.l(indicate_semi.o)
    0x0000036e   0x0000036e   0x00000028   Code   RO          198    i.GPIODirModeSet    driverlib.lib(gpio.o)
    0x00000396   0x00000396   0x00000002   PAD
    0x00000398   0x00000398   0x00000170   Code   RO          210    i.GPIOPadConfigSet  driverlib.lib(gpio.o)
    0x00000508   0x00000508   0x00000044   Code   RO          211    i.GPIOPinConfigure  driverlib.lib(gpio.o)
    0x0000054c   0x0000054c   0x00000006   Code   RO          212    i.GPIOPinRead       driverlib.lib(gpio.o)
    0x00000552   0x00000552   0x0000001c   Code   RO          222    i.GPIOPinTypeGPIOOutput  driverlib.lib(gpio.o)
    0x0000056e   0x0000056e   0x0000001c   Code   RO          234    i.GPIOPinTypeUART   driverlib.lib(gpio.o)
    0x0000058a   0x0000058a   0x00000006   Code   RO          240    i.GPIOPinWrite      driverlib.lib(gpio.o)
    0x00000590   0x00000590   0x00000064   Code   RO         1247    i.IntEnable         driverlib.lib(interrupt.o)
    0x000005f4   0x000005f4   0x00000034   Code   RO         1259    i.IntRegister       driverlib.lib(interrupt.o)
    0x00000628   0x00000628   0x000002ec   Code   RO          526    i.SysCtlClockFreqSet  driverlib.lib(sysctl.o)
    0x00000914   0x00000914   0x00000028   Code   RO          558    i.SysCtlPeripheralEnable  driverlib.lib(sysctl.o)
    0x0000093c   0x0000093c   0x0000002c   Code   RO          562    i.SysCtlPeripheralReady  driverlib.lib(sysctl.o)
    0x00000968   0x00000968   0x0000000e   Code   RO          878    i.SysTickDisable    driverlib.lib(systick.o)
    0x00000976   0x00000976   0x0000000e   Code   RO          879    i.SysTickEnable     driverlib.lib(systick.o)
    0x00000984   0x00000984   0x0000000e   Code   RO          881    i.SysTickIntEnable  driverlib.lib(systick.o)
    0x00000992   0x00000992   0x00000018   Code   RO          882    i.SysTickIntRegister  driverlib.lib(systick.o)
    0x000009aa   0x000009aa   0x0000000a   Code   RO          885    i.SysTickPeriodSet  driverlib.lib(systick.o)
    0x000009b4   0x000009b4   0x00000010   Code   RO          948    i.UARTCharGetNonBlocking  driverlib.lib(uart.o)
    0x000009c4   0x000009c4   0x0000000c   Code   RO          949    i.UARTCharPut       driverlib.lib(uart.o)
    0x000009d0   0x000009d0   0x0000006e   Code   RO          955    i.UARTConfigSetExpClk  driverlib.lib(uart.o)
    0x00000a3e   0x00000a3e   0x0000000a   Code   RO          962    i.UARTFIFODisable   driverlib.lib(uart.o)
    0x00000a48   0x00000a48   0x00000004   Code   RO          968    i.UARTIntClear      driverlib.lib(uart.o)
    0x00000a4c   0x00000a4c   0x00000008   Code   RO          970    i.UARTIntEnable     driverlib.lib(uart.o)
    0x00000a54   0x00000a54   0x00000058   Code   RO          971    i.UARTIntRegister   driverlib.lib(uart.o)
    0x00000aac   0x00000aac   0x0000000a   Code   RO          972    i.UARTIntStatus     driverlib.lib(uart.o)
    0x00000ab6   0x00000ab6   0x00000002   PAD
    0x00000ab8   0x00000ab8   0x00000018   Code   RO          145    i.clock_setup       clock.o
    0x00000ad0   0x00000ad0   0x0000005c   Code   RO          157    i.get_leds_status   led.o
    0x00000b2c   0x00000b2c   0x00000048   Code   RO           69    i.gpio_setup        gpio.o
    0x00000b74   0x00000b74   0x000001d0   Code   RO           11    i.main              main.o
    0x00000d44   0x00000d44   0x00000010   Code   RO           87    i.sys_tick_interrupt_handler  sys_tick.o
    0x00000d54   0x00000d54   0x00000034   Code   RO           88    i.sys_tick_setup    sys_tick.o
    0x00000d88   0x00000d88   0x0000004c   Code   RO          158    i.turn_off_led      led.o
    0x00000dd4   0x00000dd4   0x00000018   Code   RO          159    i.turn_off_leds     led.o
    0x00000dec   0x00000dec   0x0000004c   Code   RO          160    i.turn_on_led       led.o
    0x00000e38   0x00000e38   0x00000018   Code   RO          161    i.turn_on_leds      led.o
    0x00000e50   0x00000e50   0x00000068   Code   RO          115    i.uart_interruption_handler  uart_.o
    0x00000eb8   0x00000eb8   0x00000020   Code   RO          117    i.uart_print_string  uart_.o
    0x00000ed8   0x00000ed8   0x0000007c   Code   RO          118    i.uart_setup        uart_.o
    0x00000f54   0x00000f54   0x0000000a   Code   RO         1447    x$fpl$fpinit        fz_wm.l(fpinit.o)
    0x00000f5e   0x00000f5e   0x00000002   PAD
    0x00000f60   0x00000f60   0x00000228   Data   RO          243    .constdata          driverlib.lib(gpio.o)
    0x00001188   0x00001188   0x00000254   Data   RO          580    .constdata          driverlib.lib(sysctl.o)
    0x000013dc   0x000013dc   0x00000080   Data   RO          988    .constdata          driverlib.lib(uart.o)
    0x0000145c   0x0000145c   0x0000010c   Data   RO         1263    .constdata          driverlib.lib(interrupt.o)
    0x00001568   0x00001568   0x00000020   Data   RO         1517    Region$$Table       anon$$obj.o


    Execution Region ER_RW (Exec base: 0x20000000, Load base: 0x00001588, Size: 0x0000066c, Max: 0xffffffff, ABSOLUTE, COMPRESSED[0x00000010])

    Exec Addr    Load Addr    Size         Type   Attr      Idx    E Section Name        Object

    0x20000000   COMPRESSED   0x00000010   Data   RW           12    .data               main.o
    0x20000010   COMPRESSED   0x000003f0   PAD
    0x20000400   COMPRESSED   0x0000026c   Data   RW         1264    vtable              driverlib.lib(interrupt.o)


    Execution Region ER_ZI (Exec base: 0x2000066c, Load base: 0x00001598, Size: 0x00000264, Max: 0xffffffff, ABSOLUTE)

    Exec Addr    Load Addr    Size         Type   Attr      Idx    E Section Name        Object

    0x2000066c        -       0x00000060   Zero   RW         1389    .bss                c_w.l(libspace.o)
    0x200006cc   0x00001598   0x00000004   PAD
    0x200006d0        -       0x00000000   Zero   RW            2    HEAP                startup_rvmdk.o
    0x200006d0        -       0x00000200   Zero   RW            1    STACK               startup_rvmdk.o


==============================================================================

Image component sizes


      Code (inc. data)   RO Data    RW Data    ZI Data      Debug   Object Name

        24          4          0          0          0        498   clock.o
        72         12          0          0          0        469   gpio.o
       292         30          0          0          0       2674   led.o
       464        170          0         16          0       6541   main.o
       564        528          0          0        512        508   startup_rvmdk.o
        68         18          0          0          0        930   sys_tick.o
       260         44          0          0          0       1625   uart_.o

    ----------------------------------------------------------------------
      1744        806         32       1024        512      13245   Object Totals
         0          0         32          0          0          0   (incl. Generated)
         0          0          0       1008          0          0   (incl. Padding)

    ----------------------------------------------------------------------

      Code (inc. data)   RO Data    RW Data    ZI Data      Debug   Library Member Name

        58          0          0          0          0          0   __dczerorl.o
         8          0          0          0          0         68   __main.o
         0          0          0          0          0          0   __rtentry.o
        12          0          0          0          0          0   __rtentry2.o
         6          0          0          0          0          0   __rtentry4.o
        52          8          0          0          0          0   __scatter.o
        28          0          0          0          0          0   __scatter_zi.o
        18          0          0          0          0         80   exit.o
         6          0          0          0          0        152   heapauxi.o
         0          0          0          0          0          0   indicate_semi.o
         2          0          0          0          0          0   libinit.o
         6          0          0          0          0          0   libinit2.o
         2          0          0          0          0          0   libshutdown.o
         2          0          0          0          0          0   libshutdown2.o
         8          4          0          0         96         68   libspace.o
         2          0          0          0          0          0   rtexit.o
        10          0          0          0          0          0   rtexit2.o
        12          4          0          0          0         68   sys_exit.o
        74          0          0          0          0         80   sys_stackheap_outer.o
         2          0          0          0          0         68   use_no_semi.o
       544         22        552          0          0       5426   gpio.o
       152         16        268        620          0       2182   interrupt.o
       832         50        596          0          0       5322   sysctl.o
        76          0          0          0          0       2296   systick.o
       258         18        128          0          0       5717   uart.o
        10          0          0          0          0        116   fpinit.o

    ----------------------------------------------------------------------
      2192        122       1544        620        100      21643   Library Totals
        12          0          0          0          4          0   (incl. Padding)

    ----------------------------------------------------------------------

      Code (inc. data)   RO Data    RW Data    ZI Data      Debug   Library Name

       308         16          0          0         96        584   c_w.l
      1862        106       1544        620          0      20943   driverlib.lib
        10          0          0          0          0        116   fz_wm.l

    ----------------------------------------------------------------------
      2192        122       1544        620        100      21643   Library Totals

    ----------------------------------------------------------------------

==============================================================================


      Code (inc. data)   RO Data    RW Data    ZI Data      Debug   

      3936        928       1576       1644        612      31632   Grand Totals
      3936        928       1576         16        612      31632   ELF Image Totals (compressed)
      3936        928       1576         16          0          0   ROM Totals

==============================================================================

    Total RO  Size (Code + RO Data)                 5512 (   5.38kB)
    Total RW  Size (RW Data + ZI Data)              2256 (   2.20kB)
    Total ROM Size (Code + RO Data + RW Data)       5528 (   5.40kB)

==============================================================================

